2026-05-04 11:00:33 [INFO] users.views: New user registered: username='emash'
2026-05-04 11:02:03 [INFO] users.views: User logged in: username='emash'
2026-05-04 11:04:10 [WARNING] users.views: Failed login attempt for username='emash'
2026-05-04 11:04:10 [WARNING] django.request: Unauthorized: /api/v1/auth/login/
2026-05-04 11:06:56 [INFO] users.views: User logged in: username='emash'
2026-05-04 11:53:47 [WARNING] django.request: Bad Request: /api/v1/urls/
2026-05-04 11:56:44 [INFO] shortener.serializers: Created short_code='x2pcCL' for original_url='http://localhost:8000/api/docs' tags=['Technology']
2026-05-04 11:56:44 [INFO] shortener.views: POST /api/v1/urls/ — created short_code='x2pcCL' original_url='http://localhost:8000/api/docs' user='emash'
2026-05-04 11:56:49 [INFO] shortener.serializers: Created short_code='uALtWq' for original_url='http://localhost:8000/api/docs' tags=['Technology']
2026-05-04 11:56:49 [INFO] shortener.views: POST /api/v1/urls/ — created short_code='uALtWq' original_url='http://localhost:8000/api/docs' user='emash'
2026-05-04 11:56:51 [INFO] shortener.serializers: Created short_code='BwU8WT' for original_url='http://localhost:8000/api/docs' tags=['Technology']
2026-05-04 11:56:51 [INFO] shortener.views: POST /api/v1/urls/ — created short_code='BwU8WT' original_url='http://localhost:8000/api/docs' user='emash'
2026-05-04 11:56:53 [WARNING] django.request: Bad Request: /api/v1/urls/
2026-05-04 12:01:45 [WARNING] django.request: Bad Request: /api/v1/auth/register/
2026-05-04 12:08:17 [INFO] shortener.serializers: Created short_code='KRIjs8' for original_url='https://example.com/long/path' tags=['Technology']
2026-05-04 12:08:17 [INFO] shortener.views: POST /api/v1/urls/ — created short_code='KRIjs8' original_url='https://example.com/long/path' user='premiumuser'
2026-05-04 12:10:18 [INFO] shortener.views: GET /SO69AP/ — redirecting to 'http://localhost:8000/api/docs' (click_count=1)
2026-05-04 12:12:51 [WARNING] django.request: Unauthorized: /api/v1/auth/login/
2026-05-04 12:14:06 [WARNING] django.request: Forbidden: /api/v1/urls/SO69AP/
2026-05-04 19:19:26 [INFO] users.views: New user registered: username='newuser'
2026-05-04 19:19:26 [INFO] users.views: New user registered: username='newuser2'
2026-05-04 19:19:26 [WARNING] django.request: Bad Request: /api/v1/auth/register/
2026-05-04 19:19:27 [WARNING] django.request: Bad Request: /api/v1/auth/register/
2026-05-04 19:19:28 [INFO] users.views: User logged in: username='testuser'
2026-05-04 19:19:28 [INFO] users.views: User logged in: username='testuser'
2026-05-04 19:19:29 [WARNING] users.views: Failed login attempt for username='testuser'
2026-05-04 19:19:29 [WARNING] django.request: Unauthorized: /api/v1/auth/login/
2026-05-04 19:19:30 [WARNING] users.views: Failed login attempt for username='ghost'
2026-05-04 19:19:30 [WARNING] django.request: Unauthorized: /api/v1/auth/login/
2026-05-04 19:19:30 [WARNING] django.request: Unauthorized: /api/v1/urls/
2026-05-04 19:19:30 [INFO] shortener.serializers: Created short_code='e0YGgq' for original_url='https://example.com' tags=[]
2026-05-04 19:19:30 [INFO] shortener.views: POST /api/v1/urls/ — created short_code='e0YGgq' original_url='https://example.com' user='testuser'
2026-05-04 19:19:31 [INFO] shortener.serializers: Created short_code='R9RZdc' for original_url='https://example.com' tags=[]
2026-05-04 19:19:31 [INFO] shortener.views: POST /api/v1/urls/ — created short_code='R9RZdc' original_url='https://example.com' user='testuser'
2026-05-04 19:19:31 [WARNING] django.request: Bad Request: /api/v1/urls/
2026-05-04 19:19:31 [INFO] shortener.serializers: Created short_code='oyKCn4' for original_url='https://eleventh.com' tags=[]
2026-05-04 19:19:31 [INFO] shortener.views: POST /api/v1/urls/ — created short_code='oyKCn4' original_url='https://eleventh.com' user='premiumuser'
2026-05-04 19:19:32 [WARNING] django.request: Bad Request: /api/v1/urls/
2026-05-04 19:19:32 [INFO] shortener.serializers: Created short_code='j6stL1' for original_url='https://example.com' tags=[]
2026-05-04 19:19:32 [INFO] shortener.views: POST /api/v1/urls/ — created short_code='j6stL1' original_url='https://example.com' user='premiumuser'
2026-05-04 19:19:33 [WARNING] django.request: Unauthorized: /api/v1/urls/list/
2026-05-04 19:19:34 [INFO] shortener.views: DELETE /api/v1/urls/abc123/ — deactivated by user='testuser'
2026-05-04 19:19:35 [WARNING] django.request: Forbidden: /api/v1/urls/abc123/
2026-05-04 19:19:36 [WARNING] django.request: Forbidden: /api/v1/urls/abc123/
2026-05-04 19:19:36 [WARNING] django.request: Forbidden: /api/v1/analytics/abc123/
2026-05-04 19:19:38 [INFO] shortener.views: GET /abc123/ — redirecting to 'https://www.example.com/fixture' (click_count=1)
2026-05-04 19:19:59 [INFO] shortener.serializers: Created short_code='XgMIcz' for original_url='https://www.example.com' tags=[]
2026-05-04 19:19:59 [INFO] shortener.serializers: Created short_code='OlsyLa' for original_url='https://www.example.com' tags=[]
2026-05-04 19:19:59 [INFO] shortener.serializers: Created short_code='OwEuxS' for original_url='https://www.example.com/path?q=1' tags=[]
2026-05-04 19:19:59 [INFO] shortener.serializers: Created short_code='nDag2e' for original_url='https://example.com' tags=['Marketing', 'Social']
2026-05-04 19:19:59 [INFO] shortener.serializers: Created short_code='iwoxhT' for original_url='https://example.com' tags=[]
2026-05-04 19:20:09 [INFO] shortener.serializers: Created short_code='T9lUYM' for original_url='https://www.example.com/some/very/long/path' tags=[]
2026-05-04 19:20:09 [INFO] shortener.views: POST /api/v1/urls/ — created short_code='T9lUYM' original_url='https://www.example.com/some/very/long/path' user='testuser'
2026-05-04 19:20:10 [INFO] shortener.serializers: Created short_code='LR2BwD' for original_url='https://www.example.com/some/very/long/path' tags=[]
2026-05-04 19:20:10 [INFO] shortener.views: POST /api/v1/urls/ — created short_code='LR2BwD' original_url='https://www.example.com/some/very/long/path' user='testuser'
2026-05-04 19:20:11 [INFO] shortener.serializers: Created short_code='ihvTs4' for original_url='https://www.example.com/some/very/long/path' tags=[]
2026-05-04 19:20:11 [INFO] shortener.views: POST /api/v1/urls/ — created short_code='ihvTs4' original_url='https://www.example.com/some/very/long/path' user='testuser'
2026-05-04 19:20:12 [INFO] shortener.serializers: Created short_code='Y5m8AV' for original_url='https://www.example.com/some/very/long/path' tags=[]
2026-05-04 19:20:12 [INFO] shortener.views: POST /api/v1/urls/ — created short_code='Y5m8AV' original_url='https://www.example.com/some/very/long/path' user='testuser'
2026-05-04 19:20:13 [INFO] shortener.serializers: Created short_code='5ABZJX' for original_url='https://www.example.com/some/very/long/path' tags=[]
2026-05-04 19:20:13 [INFO] shortener.views: POST /api/v1/urls/ — created short_code='5ABZJX' original_url='https://www.example.com/some/very/long/path' user='testuser'
2026-05-04 19:20:14 [INFO] shortener.serializers: Created short_code='jppq9J' for original_url='https://www.example.com/some/very/long/path' tags=[]
2026-05-04 19:20:14 [INFO] shortener.views: POST /api/v1/urls/ — created short_code='jppq9J' original_url='https://www.example.com/some/very/long/path' user='testuser'
2026-05-04 19:20:15 [INFO] shortener.serializers: Created short_code='3h1R7s' for original_url='https://www.example.com/some/very/long/path' tags=[]
2026-05-04 19:20:15 [INFO] shortener.views: POST /api/v1/urls/ — created short_code='3h1R7s' original_url='https://www.example.com/some/very/long/path' user='testuser'
2026-05-04 19:20:16 [INFO] shortener.serializers: Created short_code='mocked1' for original_url='https://www.example.com/some/very/long/path' tags=[]
2026-05-04 19:20:16 [INFO] shortener.views: POST /api/v1/urls/ — created short_code='mocked1' original_url='https://www.example.com/some/very/long/path' user='testuser'
2026-05-04 19:20:17 [WARNING] django.request: Bad Request: /api/v1/urls/
2026-05-04 19:20:18 [WARNING] django.request: Bad Request: /api/v1/urls/
2026-05-04 19:20:19 [WARNING] django.request: Bad Request: /api/v1/urls/
2026-05-04 19:20:20 [WARNING] django.request: Bad Request: /api/v1/urls/
2026-05-04 19:20:21 [WARNING] django.request: Bad Request: /api/v1/urls/
2026-05-04 19:20:22 [WARNING] django.request: Bad Request: /api/v1/urls/
2026-05-04 19:20:23 [WARNING] django.request: Bad Request: /api/v1/urls/
2026-05-04 19:20:24 [INFO] shortener.serializers: Created short_code='v32ZOC' for original_url='https://www.example.com/some/very/long/path' tags=[]
2026-05-04 19:20:24 [INFO] shortener.views: POST /api/v1/urls/ — created short_code='v32ZOC' original_url='https://www.example.com/some/very/long/path' user='testuser'
2026-05-04 19:20:25 [INFO] shortener.views: GET /abc123/ — redirecting to 'https://www.example.com/fixture' (click_count=1)
2026-05-04 19:20:25 [INFO] shortener.views: GET /abc123/ — redirecting to 'https://www.example.com/fixture' (click_count=1)
2026-05-04 19:20:25 [WARNING] django.request: Not Found: /doesnotexist/
2026-05-04 19:20:27 [INFO] shortener.views: GET /tgt001/ — redirecting to 'https://www.specific-target.com/path' (click_count=1)
2026-05-04 19:20:29 [INFO] shortener.views: GET /abc123/ — redirecting to 'https://www.example.com/fixture' (click_count=1)
2026-05-04 19:20:31 [INFO] shortener.views: GET /abc123/ — redirecting to 'https://www.example.com/fixture' (click_count=1)
2026-05-04 19:20:33 [INFO] shortener.views: GET /abc123/ — redirecting to 'https://www.example.com/fixture' (click_count=1)
2026-05-04 19:20:34 [WARNING] shortener.views: Redirect blocked: Short link 'inact2' is inactive.
2026-05-04 19:20:34 [WARNING] django.request: Not Found: /inact2/
2026-05-04 19:20:35 [WARNING] shortener.views: Redirect blocked: Short link 'exprd3' has expired.
2026-05-04 19:20:35 [WARNING] django.request: Not Found: /exprd3/
2026-05-04 19:20:37 [INFO] shortener.views: GET /abc123/ — redirecting to 'https://www.example.com/fixture' (click_count=1)
2026-05-04 19:20:38 [INFO] shortener.views: GET /abc123/ — redirecting to 'https://www.example.com/fixture' (click_count=1)
2026-05-04 19:20:48 [WARNING] django.request: Not Found: /api/v1/analytics/unknown1/
2026-05-04 19:20:49 [WARNING] shortener.serializers: short_code collision on attempt 1/5 code='YTlpsY' — retrying
2026-05-04 19:20:49 [WARNING] shortener.serializers: short_code collision on attempt 2/5 code='xV5j1K' — retrying
2026-05-04 19:20:49 [WARNING] shortener.serializers: short_code collision on attempt 3/5 code='OrIy51' — retrying
2026-05-04 19:20:49 [WARNING] shortener.serializers: short_code collision on attempt 4/5 code='mtOXgh' — retrying
2026-05-04 19:20:49 [WARNING] shortener.serializers: short_code collision on attempt 5/5 code='PTHuHx' — retrying
2026-05-04 19:20:50 [ERROR] django.request: Internal Server Error: /api/v1/urls/
Traceback (most recent call last):
  File "C:\Users\emash\amalitech-python-training\.venv\Lib\site-packages\django\core\handlers\exception.py", line 55, in inner
    response = get_response(request)
  File "C:\Users\emash\amalitech-python-training\.venv\Lib\site-packages\django\core\handlers\base.py", line 197, in _get_response
    response = wrapped_callback(request, *callback_args, **callback_kwargs)
  File "C:\Users\emash\amalitech-python-training\.venv\Lib\site-packages\django\views\decorators\csrf.py", line 65, in _view_wrapper
    return view_func(request, *args, **kwargs)
  File "C:\Users\emash\amalitech-python-training\.venv\Lib\site-packages\django\views\generic\base.py", line 105, in view
    return self.dispatch(request, *args, **kwargs)
           ~~~~~~~~~~~~~^^^^^^^^^^^^^^^^^^^^^^^^^^
  File "C:\Users\emash\amalitech-python-training\.venv\Lib\site-packages\rest_framework\views.py", line 515, in dispatch
    response = self.handle_exception(exc)
  File "C:\Users\emash\amalitech-python-training\.venv\Lib\site-packages\rest_framework\views.py", line 475, in handle_exception
    self.raise_uncaught_exception(exc)
    ~~~~~~~~~~~~~~~~~~~~~~~~~~~~~^^^^^
  File "C:\Users\emash\amalitech-python-training\.venv\Lib\site-packages\rest_framework\views.py", line 486, in raise_uncaught_exception
    raise exc
  File "C:\Users\emash\amalitech-python-training\.venv\Lib\site-packages\rest_framework\views.py", line 512, in dispatch
    response = handler(request, *args, **kwargs)
  File "C:\Users\emash\amalitech-python-training\projects\python-url-shortener-microservice\shortener\views.py", line 62, in post
    url = serializer.save(owner=request.user)
  File "C:\Users\emash\amalitech-python-training\.venv\Lib\site-packages\rest_framework\serializers.py", line 210, in save
    self.instance = self.create(validated_data)
                    ~~~~~~~~~~~^^^^^^^^^^^^^^^^
  File "C:\Users\emash\amalitech-python-training\projects\python-url-shortener-microservice\shortener\serializers.py", line 201, in create
    raise ShortCodeCollisionError(attempts=_max_attempts)
shortener.exceptions.ShortCodeCollisionError: Could not generate a unique short code after 5 attempts.
2026-05-04 19:20:51 [ERROR] django.request: Internal Server Error: /abc123/
Traceback (most recent call last):
  File "C:\Users\emash\amalitech-python-training\.venv\Lib\site-packages\django\core\handlers\exception.py", line 55, in inner
    response = get_response(request)
  File "C:\Users\emash\amalitech-python-training\.venv\Lib\site-packages\django\core\handlers\base.py", line 197, in _get_response
    response = wrapped_callback(request, *callback_args, **callback_kwargs)
  File "C:\Users\emash\amalitech-python-training\.venv\Lib\site-packages\django\views\decorators\csrf.py", line 65, in _view_wrapper
    return view_func(request, *args, **kwargs)
  File "C:\Users\emash\amalitech-python-training\.venv\Lib\site-packages\django\views\generic\base.py", line 105, in view
    return self.dispatch(request, *args, **kwargs)
           ~~~~~~~~~~~~~^^^^^^^^^^^^^^^^^^^^^^^^^^
  File "C:\Users\emash\amalitech-python-training\.venv\Lib\site-packages\rest_framework\views.py", line 515, in dispatch
    response = self.handle_exception(exc)
  File "C:\Users\emash\amalitech-python-training\.venv\Lib\site-packages\rest_framework\views.py", line 475, in handle_exception
    self.raise_uncaught_exception(exc)
    ~~~~~~~~~~~~~~~~~~~~~~~~~~~~~^^^^^
  File "C:\Users\emash\amalitech-python-training\.venv\Lib\site-packages\rest_framework\views.py", line 486, in raise_uncaught_exception
    raise exc
  File "C:\Users\emash\amalitech-python-training\.venv\Lib\site-packages\rest_framework\views.py", line 512, in dispatch
    response = handler(request, *args, **kwargs)
  File "C:\Users\emash\amalitech-python-training\projects\python-url-shortener-microservice\shortener\views.py", line 176, in get
    url.increment_click_count()
    ~~~~~~~~~~~~~~~~~~~~~~~~~^^
  File "C:\Users\emash\scoop\apps\python\current\Lib\unittest\mock.py", line 1175, in __call__
    return self._mock_call(*args, **kwargs)
           ~~~~~~~~~~~~~~~^^^^^^^^^^^^^^^^^
  File "C:\Users\emash\scoop\apps\python\current\Lib\unittest\mock.py", line 1179, in _mock_call
    return self._execute_mock_call(*args, **kwargs)
           ~~~~~~~~~~~~~~~~~~~~~~~^^^^^^^^^^^^^^^^^
  File "C:\Users\emash\scoop\apps\python\current\Lib\unittest\mock.py", line 1234, in _execute_mock_call
    raise effect
Exception: DB failure
2026-05-04 19:20:52 [WARNING] shortener.views: Redirect blocked: Short link 'inact9' is inactive.
2026-05-04 19:20:52 [WARNING] django.request: Not Found: /inact9/
2026-05-04 19:20:53 [WARNING] shortener.views: Redirect blocked: Short link 'exprd9' has expired.
2026-05-04 19:20:53 [WARNING] django.request: Not Found: /exprd9/
2026-05-04 19:20:53 [ERROR] django.request: Internal Server Error: /health/
Traceback (most recent call last):
  File "C:\Users\emash\amalitech-python-training\.venv\Lib\site-packages\django\core\handlers\exception.py", line 55, in inner
    response = get_response(request)
  File "C:\Users\emash\amalitech-python-training\.venv\Lib\site-packages\django\core\handlers\base.py", line 197, in _get_response
    response = wrapped_callback(request, *callback_args, **callback_kwargs)
  File "C:\Users\emash\amalitech-python-training\.venv\Lib\site-packages\django\views\decorators\csrf.py", line 65, in _view_wrapper
    return view_func(request, *args, **kwargs)
  File "C:\Users\emash\amalitech-python-training\.venv\Lib\site-packages\django\views\generic\base.py", line 105, in view
    return self.dispatch(request, *args, **kwargs)
           ~~~~~~~~~~~~~^^^^^^^^^^^^^^^^^^^^^^^^^^
  File "C:\Users\emash\amalitech-python-training\.venv\Lib\site-packages\rest_framework\views.py", line 515, in dispatch
    response = self.handle_exception(exc)
  File "C:\Users\emash\amalitech-python-training\.venv\Lib\site-packages\rest_framework\views.py", line 475, in handle_exception
    self.raise_uncaught_exception(exc)
    ~~~~~~~~~~~~~~~~~~~~~~~~~~~~~^^^^^
  File "C:\Users\emash\amalitech-python-training\.venv\Lib\site-packages\rest_framework\views.py", line 486, in raise_uncaught_exception
    raise exc
  File "C:\Users\emash\amalitech-python-training\.venv\Lib\site-packages\rest_framework\views.py", line 512, in dispatch
    response = handler(request, *args, **kwargs)
  File "C:\Users\emash\amalitech-python-training\projects\python-url-shortener-microservice\core\views.py", line 22, in get
    connection.ensure_connection()
    ~~~~~~~~~~~~~~~~~~~~~~~~~~~~^^
  File "C:\Users\emash\scoop\apps\python\current\Lib\unittest\mock.py", line 1175, in __call__
    return self._mock_call(*args, **kwargs)
           ~~~~~~~~~~~~~~~^^^^^^^^^^^^^^^^^
  File "C:\Users\emash\scoop\apps\python\current\Lib\unittest\mock.py", line 1179, in _mock_call
    return self._execute_mock_call(*args, **kwargs)
           ~~~~~~~~~~~~~~~~~~~~~~~^^^^^^^^^^^^^^^^^
  File "C:\Users\emash\scoop\apps\python\current\Lib\unittest\mock.py", line 1234, in _execute_mock_call
    raise effect
Exception: DB unreachable
2026-05-04 19:23:21 [INFO] users.views: New user registered: username='newuser'
2026-05-04 19:23:22 [INFO] users.views: New user registered: username='newuser2'
2026-05-04 19:23:22 [WARNING] django.request: Bad Request: /api/v1/auth/register/
2026-05-04 19:23:22 [WARNING] django.request: Bad Request: /api/v1/auth/register/
2026-05-04 19:23:23 [INFO] users.views: User logged in: username='testuser'
2026-05-04 19:23:24 [INFO] users.views: User logged in: username='testuser'
2026-05-04 19:23:25 [WARNING] users.views: Failed login attempt for username='testuser'
2026-05-04 19:23:25 [WARNING] django.request: Unauthorized: /api/v1/auth/login/
2026-05-04 19:23:25 [WARNING] users.views: Failed login attempt for username='ghost'
2026-05-04 19:23:25 [WARNING] django.request: Unauthorized: /api/v1/auth/login/
2026-05-04 19:23:26 [WARNING] django.request: Unauthorized: /api/v1/urls/
2026-05-04 19:23:26 [INFO] shortener.serializers: Created short_code='znKoqX' for original_url='https://example.com' tags=[]
2026-05-04 19:23:26 [INFO] shortener.views: POST /api/v1/urls/ — created short_code='znKoqX' original_url='https://example.com' user='testuser'
2026-05-04 19:23:27 [INFO] shortener.serializers: Created short_code='rFfBW1' for original_url='https://example.com' tags=[]
2026-05-04 19:23:27 [INFO] shortener.views: POST /api/v1/urls/ — created short_code='rFfBW1' original_url='https://example.com' user='testuser'
2026-05-04 19:23:27 [WARNING] django.request: Bad Request: /api/v1/urls/
2026-05-04 19:23:28 [INFO] shortener.serializers: Created short_code='qDUZjy' for original_url='https://eleventh.com' tags=[]
2026-05-04 19:23:28 [INFO] shortener.views: POST /api/v1/urls/ — created short_code='qDUZjy' original_url='https://eleventh.com' user='premiumuser'
2026-05-04 19:23:29 [WARNING] django.request: Bad Request: /api/v1/urls/
2026-05-04 19:23:29 [INFO] shortener.serializers: Created short_code='lhvxd1' for original_url='https://example.com' tags=[]
2026-05-04 19:23:29 [INFO] shortener.views: POST /api/v1/urls/ — created short_code='lhvxd1' original_url='https://example.com' user='premiumuser'
2026-05-04 19:23:30 [WARNING] django.request: Unauthorized: /api/v1/urls/list/
2026-05-04 19:23:31 [INFO] shortener.views: DELETE /api/v1/urls/abc123/ — deactivated by user='testuser'
2026-05-04 19:23:32 [WARNING] django.request: Forbidden: /api/v1/urls/abc123/
2026-05-04 19:23:33 [WARNING] django.request: Forbidden: /api/v1/urls/abc123/
2026-05-04 19:23:33 [WARNING] django.request: Forbidden: /api/v1/analytics/abc123/
2026-05-04 19:23:34 [INFO] shortener.views: GET /abc123/ — redirecting to 'https://www.example.com/fixture' (click_count=1)
2026-05-04 19:23:53 [INFO] shortener.serializers: Created short_code='AG6E67' for original_url='https://www.example.com' tags=[]
2026-05-04 19:23:53 [INFO] shortener.serializers: Created short_code='x5DGnQ' for original_url='https://www.example.com' tags=[]
2026-05-04 19:23:53 [INFO] shortener.serializers: Created short_code='hdRAC6' for original_url='https://www.example.com/path?q=1' tags=[]
2026-05-04 19:23:53 [INFO] shortener.serializers: Created short_code='ZdzEgf' for original_url='https://example.com' tags=['Marketing', 'Social']
2026-05-04 19:23:53 [INFO] shortener.serializers: Created short_code='bxIeRe' for original_url='https://example.com' tags=[]
2026-05-04 19:23:57 [INFO] shortener.serializers: Created short_code='SKIRed' for original_url='https://www.example.com/some/very/long/path' tags=[]
2026-05-04 19:23:57 [INFO] shortener.views: POST /api/v1/urls/ — created short_code='SKIRed' original_url='https://www.example.com/some/very/long/path' user='testuser'
2026-05-04 19:23:57 [INFO] shortener.serializers: Created short_code='XdWnH4' for original_url='https://www.example.com/some/very/long/path' tags=[]
2026-05-04 19:23:57 [INFO] shortener.views: POST /api/v1/urls/ — created short_code='XdWnH4' original_url='https://www.example.com/some/very/long/path' user='testuser'
2026-05-04 19:23:58 [INFO] shortener.serializers: Created short_code='gB6Qug' for original_url='https://www.example.com/some/very/long/path' tags=[]
2026-05-04 19:23:58 [INFO] shortener.views: POST /api/v1/urls/ — created short_code='gB6Qug' original_url='https://www.example.com/some/very/long/path' user='testuser'
2026-05-04 19:23:58 [INFO] shortener.serializers: Created short_code='l1zMmj' for original_url='https://www.example.com/some/very/long/path' tags=[]
2026-05-04 19:23:58 [INFO] shortener.views: POST /api/v1/urls/ — created short_code='l1zMmj' original_url='https://www.example.com/some/very/long/path' user='testuser'
2026-05-04 19:23:59 [INFO] shortener.serializers: Created short_code='jBujnj' for original_url='https://www.example.com/some/very/long/path' tags=[]
2026-05-04 19:23:59 [INFO] shortener.views: POST /api/v1/urls/ — created short_code='jBujnj' original_url='https://www.example.com/some/very/long/path' user='testuser'
2026-05-04 19:23:59 [INFO] shortener.serializers: Created short_code='cdb3ts' for original_url='https://www.example.com/some/very/long/path' tags=[]
2026-05-04 19:23:59 [INFO] shortener.views: POST /api/v1/urls/ — created short_code='cdb3ts' original_url='https://www.example.com/some/very/long/path' user='testuser'
2026-05-04 19:24:00 [INFO] shortener.serializers: Created short_code='nc8vdK' for original_url='https://www.example.com/some/very/long/path' tags=[]
2026-05-04 19:24:00 [INFO] shortener.views: POST /api/v1/urls/ — created short_code='nc8vdK' original_url='https://www.example.com/some/very/long/path' user='testuser'
2026-05-04 19:24:00 [INFO] shortener.serializers: Created short_code='mocked1' for original_url='https://www.example.com/some/very/long/path' tags=[]
2026-05-04 19:24:00 [INFO] shortener.views: POST /api/v1/urls/ — created short_code='mocked1' original_url='https://www.example.com/some/very/long/path' user='testuser'
2026-05-04 19:24:01 [WARNING] django.request: Bad Request: /api/v1/urls/
2026-05-04 19:24:01 [WARNING] django.request: Bad Request: /api/v1/urls/
2026-05-04 19:24:02 [WARNING] django.request: Bad Request: /api/v1/urls/
2026-05-04 19:24:02 [WARNING] django.request: Bad Request: /api/v1/urls/
2026-05-04 19:24:02 [WARNING] django.request: Bad Request: /api/v1/urls/
2026-05-04 19:24:03 [WARNING] django.request: Bad Request: /api/v1/urls/
2026-05-04 19:24:03 [WARNING] django.request: Bad Request: /api/v1/urls/
2026-05-04 19:24:04 [INFO] shortener.serializers: Created short_code='okPP6E' for original_url='https://www.example.com/some/very/long/path' tags=[]
2026-05-04 19:24:04 [INFO] shortener.views: POST /api/v1/urls/ — created short_code='okPP6E' original_url='https://www.example.com/some/very/long/path' user='testuser'
2026-05-04 19:24:04 [INFO] shortener.views: GET /abc123/ — redirecting to 'https://www.example.com/fixture' (click_count=1)
2026-05-04 19:24:05 [INFO] shortener.views: GET /abc123/ — redirecting to 'https://www.example.com/fixture' (click_count=1)
2026-05-04 19:24:05 [WARNING] django.request: Not Found: /doesnotexist/
2026-05-04 19:24:05 [INFO] shortener.views: GET /tgt001/ — redirecting to 'https://www.specific-target.com/path' (click_count=1)
2026-05-04 19:24:06 [INFO] shortener.views: GET /abc123/ — redirecting to 'https://www.example.com/fixture' (click_count=1)
2026-05-04 19:24:06 [INFO] shortener.views: GET /abc123/ — redirecting to 'https://www.example.com/fixture' (click_count=1)
2026-05-04 19:24:06 [INFO] shortener.views: GET /abc123/ — redirecting to 'https://www.example.com/fixture' (click_count=1)
2026-05-04 19:24:07 [WARNING] shortener.views: Redirect blocked: Short link 'inact2' is inactive.
2026-05-04 19:24:07 [WARNING] django.request: Not Found: /inact2/
2026-05-04 19:24:07 [WARNING] shortener.views: Redirect blocked: Short link 'exprd3' has expired.
2026-05-04 19:24:07 [WARNING] django.request: Not Found: /exprd3/
2026-05-04 19:24:08 [INFO] shortener.views: GET /abc123/ — redirecting to 'https://www.example.com/fixture' (click_count=1)
2026-05-04 19:24:08 [INFO] shortener.views: GET /abc123/ — redirecting to 'https://www.example.com/fixture' (click_count=1)
2026-05-04 19:24:11 [WARNING] django.request: Not Found: /api/v1/analytics/unknown1/
2026-05-04 19:24:12 [WARNING] shortener.serializers: short_code collision on attempt 1/5 code='AEjI1M' — retrying
2026-05-04 19:24:12 [WARNING] shortener.serializers: short_code collision on attempt 2/5 code='vwmA4w' — retrying
2026-05-04 19:24:12 [WARNING] shortener.serializers: short_code collision on attempt 3/5 code='Bfweip' — retrying
2026-05-04 19:24:12 [WARNING] shortener.serializers: short_code collision on attempt 4/5 code='l7qmCr' — retrying
2026-05-04 19:24:12 [WARNING] shortener.serializers: short_code collision on attempt 5/5 code='VQDln7' — retrying
2026-05-04 19:24:12 [ERROR] django.request: Internal Server Error: /api/v1/urls/
Traceback (most recent call last):
  File "C:\Users\emash\amalitech-python-training\.venv\Lib\site-packages\django\core\handlers\exception.py", line 55, in inner
    response = get_response(request)
  File "C:\Users\emash\amalitech-python-training\.venv\Lib\site-packages\django\core\handlers\base.py", line 197, in _get_response
    response = wrapped_callback(request, *callback_args, **callback_kwargs)
  File "C:\Users\emash\amalitech-python-training\.venv\Lib\site-packages\django\views\decorators\csrf.py", line 65, in _view_wrapper
    return view_func(request, *args, **kwargs)
  File "C:\Users\emash\amalitech-python-training\.venv\Lib\site-packages\django\views\generic\base.py", line 105, in view
    return self.dispatch(request, *args, **kwargs)
           ~~~~~~~~~~~~~^^^^^^^^^^^^^^^^^^^^^^^^^^
  File "C:\Users\emash\amalitech-python-training\.venv\Lib\site-packages\rest_framework\views.py", line 515, in dispatch
    response = self.handle_exception(exc)
  File "C:\Users\emash\amalitech-python-training\.venv\Lib\site-packages\rest_framework\views.py", line 475, in handle_exception
    self.raise_uncaught_exception(exc)
    ~~~~~~~~~~~~~~~~~~~~~~~~~~~~~^^^^^
  File "C:\Users\emash\amalitech-python-training\.venv\Lib\site-packages\rest_framework\views.py", line 486, in raise_uncaught_exception
    raise exc
  File "C:\Users\emash\amalitech-python-training\.venv\Lib\site-packages\rest_framework\views.py", line 512, in dispatch
    response = handler(request, *args, **kwargs)
  File "C:\Users\emash\amalitech-python-training\projects\python-url-shortener-microservice\shortener\views.py", line 62, in post
    url = serializer.save(owner=request.user)
  File "C:\Users\emash\amalitech-python-training\.venv\Lib\site-packages\rest_framework\serializers.py", line 210, in save
    self.instance = self.create(validated_data)
                    ~~~~~~~~~~~^^^^^^^^^^^^^^^^
  File "C:\Users\emash\amalitech-python-training\projects\python-url-shortener-microservice\shortener\serializers.py", line 201, in create
    raise ShortCodeCollisionError(attempts=_max_attempts)
shortener.exceptions.ShortCodeCollisionError: Could not generate a unique short code after 5 attempts.
2026-05-04 19:24:12 [ERROR] django.request: Internal Server Error: /abc123/
Traceback (most recent call last):
  File "C:\Users\emash\amalitech-python-training\.venv\Lib\site-packages\django\core\handlers\exception.py", line 55, in inner
    response = get_response(request)
  File "C:\Users\emash\amalitech-python-training\.venv\Lib\site-packages\django\core\handlers\base.py", line 197, in _get_response
    response = wrapped_callback(request, *callback_args, **callback_kwargs)
  File "C:\Users\emash\amalitech-python-training\.venv\Lib\site-packages\django\views\decorators\csrf.py", line 65, in _view_wrapper
    return view_func(request, *args, **kwargs)
  File "C:\Users\emash\amalitech-python-training\.venv\Lib\site-packages\django\views\generic\base.py", line 105, in view
    return self.dispatch(request, *args, **kwargs)
           ~~~~~~~~~~~~~^^^^^^^^^^^^^^^^^^^^^^^^^^
  File "C:\Users\emash\amalitech-python-training\.venv\Lib\site-packages\rest_framework\views.py", line 515, in dispatch
    response = self.handle_exception(exc)
  File "C:\Users\emash\amalitech-python-training\.venv\Lib\site-packages\rest_framework\views.py", line 475, in handle_exception
    self.raise_uncaught_exception(exc)
    ~~~~~~~~~~~~~~~~~~~~~~~~~~~~~^^^^^
  File "C:\Users\emash\amalitech-python-training\.venv\Lib\site-packages\rest_framework\views.py", line 486, in raise_uncaught_exception
    raise exc
  File "C:\Users\emash\amalitech-python-training\.venv\Lib\site-packages\rest_framework\views.py", line 512, in dispatch
    response = handler(request, *args, **kwargs)
  File "C:\Users\emash\amalitech-python-training\projects\python-url-shortener-microservice\shortener\views.py", line 176, in get
    url.increment_click_count()
    ~~~~~~~~~~~~~~~~~~~~~~~~~^^
  File "C:\Users\emash\scoop\apps\python\current\Lib\unittest\mock.py", line 1175, in __call__
    return self._mock_call(*args, **kwargs)
           ~~~~~~~~~~~~~~~^^^^^^^^^^^^^^^^^
  File "C:\Users\emash\scoop\apps\python\current\Lib\unittest\mock.py", line 1179, in _mock_call
    return self._execute_mock_call(*args, **kwargs)
           ~~~~~~~~~~~~~~~~~~~~~~~^^^^^^^^^^^^^^^^^
  File "C:\Users\emash\scoop\apps\python\current\Lib\unittest\mock.py", line 1234, in _execute_mock_call
    raise effect
Exception: DB failure
2026-05-04 19:24:13 [WARNING] shortener.views: Redirect blocked: Short link 'inact9' is inactive.
2026-05-04 19:24:13 [WARNING] django.request: Not Found: /inact9/
2026-05-04 19:24:13 [WARNING] shortener.views: Redirect blocked: Short link 'exprd9' has expired.
2026-05-04 19:24:13 [WARNING] django.request: Not Found: /exprd9/
2026-05-04 19:24:13 [ERROR] django.request: Internal Server Error: /health/
Traceback (most recent call last):
  File "C:\Users\emash\amalitech-python-training\.venv\Lib\site-packages\django\core\handlers\exception.py", line 55, in inner
    response = get_response(request)
  File "C:\Users\emash\amalitech-python-training\.venv\Lib\site-packages\django\core\handlers\base.py", line 197, in _get_response
    response = wrapped_callback(request, *callback_args, **callback_kwargs)
  File "C:\Users\emash\amalitech-python-training\.venv\Lib\site-packages\django\views\decorators\csrf.py", line 65, in _view_wrapper
    return view_func(request, *args, **kwargs)
  File "C:\Users\emash\amalitech-python-training\.venv\Lib\site-packages\django\views\generic\base.py", line 105, in view
    return self.dispatch(request, *args, **kwargs)
           ~~~~~~~~~~~~~^^^^^^^^^^^^^^^^^^^^^^^^^^
  File "C:\Users\emash\amalitech-python-training\.venv\Lib\site-packages\rest_framework\views.py", line 515, in dispatch
    response = self.handle_exception(exc)
  File "C:\Users\emash\amalitech-python-training\.venv\Lib\site-packages\rest_framework\views.py", line 475, in handle_exception
    self.raise_uncaught_exception(exc)
    ~~~~~~~~~~~~~~~~~~~~~~~~~~~~~^^^^^
  File "C:\Users\emash\amalitech-python-training\.venv\Lib\site-packages\rest_framework\views.py", line 486, in raise_uncaught_exception
    raise exc
  File "C:\Users\emash\amalitech-python-training\.venv\Lib\site-packages\rest_framework\views.py", line 512, in dispatch
    response = handler(request, *args, **kwargs)
  File "C:\Users\emash\amalitech-python-training\projects\python-url-shortener-microservice\core\views.py", line 22, in get
    connection.ensure_connection()
    ~~~~~~~~~~~~~~~~~~~~~~~~~~~~^^
  File "C:\Users\emash\scoop\apps\python\current\Lib\unittest\mock.py", line 1175, in __call__
    return self._mock_call(*args, **kwargs)
           ~~~~~~~~~~~~~~~^^^^^^^^^^^^^^^^^
  File "C:\Users\emash\scoop\apps\python\current\Lib\unittest\mock.py", line 1179, in _mock_call
    return self._execute_mock_call(*args, **kwargs)
           ~~~~~~~~~~~~~~~~~~~~~~~^^^^^^^^^^^^^^^^^
  File "C:\Users\emash\scoop\apps\python\current\Lib\unittest\mock.py", line 1234, in _execute_mock_call
    raise effect
Exception: DB unreachable
