192.168.1.8 - - [01/Jan/2024:00:00:00 +0000] "PUT /static/app.js HTTP/1.1" 200 14828 "-" "Mozilla/5.0 (Windows NT 10.0; Win64; x64) AppleWebKit/537.36"
203.0.113.5 - - [01/Jan/2024:00:00:30 +0000] "POST /api/orders/99 HTTP/1.1" 200 2152 "-" "curl/7.68.0"
203.0.113.3 - - [01/Jan/2024:00:01:15 +0000] "GET /api/auth/token HTTP/1.1" 200 47125 "https://example.com/api/auth/token" "Mozilla/5.0 (Macintosh; Intel Mac OS X 10_15_7)"
192.168.1.15 - - [01/Jan/2024:00:01:38 +0000] "POST /static/app.js HTTP/1.1" 200 49929 "https://example.com/api/orders/99" "python-requests/2.28.0"
192.168.1.18 - - [01/Jan/2024:00:01:56 +0000] "GET /api/users/1 HTTP/1.1" 200 6278 "-" "python-requests/2.28.0"
10.0.0.3 - - [01/Jan/2024:00:02:39 +0000] "GET /index.html HTTP/1.1" 500 30308 "-" "Mozilla/5.0 (Macintosh; Intel Mac OS X 10_15_7)"
192.168.1.6 - - [01/Jan/2024:00:03:05 +0000] "GET /favicon.ico HTTP/1.1" 200 38037 "-" "Mozilla/5.0 (Windows NT 10.0; Win64; x64) AppleWebKit/537.36"
192.168.1.3 - - [01/Jan/2024:00:03:37 +0000] "GET /static/style.css HTTP/1.1" 200 15456 "https://example.com/api/products/42" "python-requests/2.28.0"
10.0.0.10 - - [01/Jan/2024:00:04:04 +0000] "GET /login HTTP/1.1" 200 23483 "-" "python-requests/2.28.0"
192.168.1.5 - - [01/Jan/2024:00:04:31 +0000] "POST /login HTTP/1.1" 302 0 "https://example.com/login" "Mozilla/5.0 (Macintosh; Intel Mac OS X 10_15_7)"
10.0.0.5 - - [01/Jan/2024:00:04:48 +0000] "POST /api/auth/token HTTP/1.1" 200 45066 "-" "Mozilla/5.0 (Windows NT 10.0; Win64; x64) AppleWebKit/537.36"
192.168.1.15 - - [01/Jan/2024:00:05:34 +0000] "GET /api/users/1 HTTP/1.1" 201 17746 "-" "PostmanRuntime/7.29.0"
10.0.0.1 - - [01/Jan/2024:00:05:42 +0000] "POST /health HTTP/1.1" 201 42329 "-" "python-requests/2.28.0"
192.168.1.9 - - [01/Jan/2024:00:06:11 +0000] "PUT /api/auth/token HTTP/1.1" 302 0 "-" "PostmanRuntime/7.29.0"
10.0.0.8 - - [01/Jan/2024:00:06:50 +0000] "GET /api/users/2 HTTP/1.1" 200 9265 "-" "Mozilla/5.0 (Windows NT 10.0; Win64; x64) AppleWebKit/537.36"
192.168.1.4 - - [01/Jan/2024:00:07:27 +0000] "GET /api/orders HTTP/1.1" 401 10684 "https://example.com/api/orders/99" "PostmanRuntime/7.29.0"
192.168.1.5 - - [01/Jan/2024:00:07:40 +0000] "GET /favicon.ico HTTP/1.1" 201 34876 "-" "PostmanRuntime/7.29.0"
192.168.1.1 - - [01/Jan/2024:00:08:17 +0000] "PUT /api/products HTTP/1.1" 404 35390 "https://example.com/api/users/1" "Mozilla/5.0 (Windows NT 10.0; Win64; x64) AppleWebKit/537.36"
192.168.1.19 - - [01/Jan/2024:00:08:37 +0000] "GET /admin HTTP/1.1" 200 47523 "https://example.com/static/app.js" "PostmanRuntime/7.29.0"
192.168.1.12 - - [01/Jan/2024:00:09:08 +0000] "GET /static/style.css HTTP/1.1" 403 33470 "https://example.com/api/orders" "python-requests/2.28.0"
192.168.1.11 - - [01/Jan/2024:00:09:37 +0000] "DELETE /metrics HTTP/1.1" 200 39452 "-" "Mozilla/5.0 (Windows NT 10.0; Win64; x64) AppleWebKit/537.36"
192.168.1.8 - - [01/Jan/2024:00:09:59 +0000] "DELETE /static/style.css HTTP/1.1" 200 3996 "-" "PostmanRuntime/7.29.0"
192.168.1.6 - - [01/Jan/2024:00:10:18 +0000] "PUT /health HTTP/1.1" 200 35111 "https://example.com/api/orders" "Mozilla/5.0 (Macintosh; Intel Mac OS X 10_15_7)"
192.168.1.11 - - [01/Jan/2024:00:10:52 +0000] "POST /favicon.ico HTTP/1.1" 201 14080 "https://example.com/logout" "python-requests/2.28.0"
10.0.0.6 - - [01/Jan/2024:00:11:33 +0000] "POST /api/users/2 HTTP/1.1" 201 34119 "-" "curl/7.68.0"
192.168.1.15 - - [01/Jan/2024:00:11:42 +0000] "GET / HTTP/1.1" 400 36501 "-" "curl/7.68.0"
192.168.1.1 - - [01/Jan/2024:00:12:10 +0000] "PUT /index.html HTTP/1.1" 200 4617 "https://example.com/api/users/1" "Mozilla/5.0 (Windows NT 10.0; Win64; x64) AppleWebKit/537.36"
203.0.113.3 - - [01/Jan/2024:00:12:43 +0000] "GET /health HTTP/1.1" 200 35539 "-" "PostmanRuntime/7.29.0"
203.0.113.1 - - [01/Jan/2024:00:13:11 +0000] "DELETE /health HTTP/1.1" 201 12678 "-" "Mozilla/5.0 (Macintosh; Intel Mac OS X 10_15_7)"
10.0.0.3 - - [01/Jan/2024:00:13:45 +0000] "GET /admin HTTP/1.1" 500 3750 "https://example.com/api/products" "Mozilla/5.0 (Windows NT 10.0; Win64; x64) AppleWebKit/537.36"
10.0.0.6 - - [01/Jan/2024:00:14:23 +0000] "GET /api/products HTTP/1.1" 200 12756 "-" "Mozilla/5.0 (Macintosh; Intel Mac OS X 10_15_7)"
192.168.1.9 - - [01/Jan/2024:00:14:41 +0000] "GET /static/app.js HTTP/1.1" 201 16571 "https://example.com/api/users" "Mozilla/5.0 (Macintosh; Intel Mac OS X 10_15_7)"
192.168.1.7 - - [01/Jan/2024:00:14:57 +0000] "POST /api/auth/token HTTP/1.1" 200 6312 "https://example.com/dashboard" "curl/7.68.0"
10.0.0.7 - - [01/Jan/2024:00:15:39 +0000] "GET /logout HTTP/1.1" 201 4042 "-" "Mozilla/5.0 (Windows NT 10.0; Win64; x64) AppleWebKit/537.36"
10.0.0.5 - - [01/Jan/2024:00:16:00 +0000] "DELETE /admin HTTP/1.1" 200 27922 "https://example.com/api/auth/token" "Mozilla/5.0 (Macintosh; Intel Mac OS X 10_15_7)"
192.168.1.10 - - [01/Jan/2024:00:16:26 +0000] "GET /logout HTTP/1.1" 200 38157 "https://example.com/index.html" "python-requests/2.28.0"
192.168.1.4 - - [01/Jan/2024:00:16:49 +0000] "POST /health HTTP/1.1" 204 0 "https://example.com/metrics" "curl/7.68.0"
192.168.1.4 - - [01/Jan/2024:00:17:32 +0000] "GET /login HTTP/1.1" 200 39196 "-" "curl/7.68.0"
10.0.0.6 - - [01/Jan/2024:00:17:47 +0000] "POST /dashboard HTTP/1.1" 400 39162 "-" "Mozilla/5.0 (Windows NT 10.0; Win64; x64) AppleWebKit/537.36"
10.0.0.7 - - [01/Jan/2024:00:18:33 +0000] "POST /api/search?q=python HTTP/1.1" 301 0 "-" "python-requests/2.28.0"
192.168.1.14 - - [01/Jan/2024:00:19:01 +0000] "PUT /api/users/1 HTTP/1.1" 200 17607 "-" "python-requests/2.28.0"
10.0.0.10 - - [01/Jan/2024:00:19:18 +0000] "DELETE /api/users HTTP/1.1" 200 30234 "https://example.com/api/search?q=python" "Mozilla/5.0 (Windows NT 10.0; Win64; x64) AppleWebKit/537.36"
192.168.1.5 - - [01/Jan/2024:00:19:53 +0000] "GET /metrics HTTP/1.1" 200 8880 "https://example.com/api/users" "curl/7.68.0"
10.0.0.4 - - [01/Jan/2024:00:20:13 +0000] "GET /admin HTTP/1.1" 302 0 "https://example.com/favicon.ico" "PostmanRuntime/7.29.0"
192.168.1.1 - - [01/Jan/2024:00:20:53 +0000] "POST /static/style.css HTTP/1.1" 404 6988 "https://example.com/api/orders" "python-requests/2.28.0"
192.168.1.8 - - [01/Jan/2024:00:21:03 +0000] "PUT /api/auth/token HTTP/1.1" 200 18048 "-" "curl/7.68.0"
10.0.0.2 - - [01/Jan/2024:00:21:34 +0000] "POST /static/app.js HTTP/1.1" 204 0 "-" "Mozilla/5.0 (Windows NT 10.0; Win64; x64) AppleWebKit/537.36"
192.168.1.6 - - [01/Jan/2024:00:22:16 +0000] "GET /static/app.js HTTP/1.1" 200 432 "-" "curl/7.68.0"
192.168.1.17 - - [01/Jan/2024:00:22:29 +0000] "PUT /admin HTTP/1.1" 302 0 "https://example.com/api/auth/token" "Mozilla/5.0 (Windows NT 10.0; Win64; x64) AppleWebKit/537.36"
192.168.1.8 - - [01/Jan/2024:00:22:54 +0000] "PUT /api/orders HTTP/1.1" 302 0 "-" "python-requests/2.28.0"
192.168.1.10 - - [01/Jan/2024:00:23:33 +0000] "GET /index.html HTTP/1.1" 200 24097 "https://example.com/index.html" "python-requests/2.28.0"
192.168.1.14 - - [01/Jan/2024:00:24:09 +0000] "GET /api/products HTTP/1.1" 200 36892 "https://example.com/api/orders/99" "PostmanRuntime/7.29.0"
192.168.1.10 - - [01/Jan/2024:00:24:23 +0000] "GET /login HTTP/1.1" 201 1824 "-" "python-requests/2.28.0"
10.0.0.7 - - [01/Jan/2024:00:25:09 +0000] "POST /dashboard HTTP/1.1" 200 10633 "https://example.com/api/products" "Mozilla/5.0 (Macintosh; Intel Mac OS X 10_15_7)"
192.168.1.3 - - [01/Jan/2024:00:25:39 +0000] "GET /dashboard HTTP/1.1" 200 30366 "-" "curl/7.68.0"
192.168.1.15 - - [01/Jan/2024:00:25:40 +0000] "POST /logout HTTP/1.1" 201 21712 "-" "Mozilla/5.0 (Windows NT 10.0; Win64; x64) AppleWebKit/537.36"
192.168.1.18 - - [01/Jan/2024:00:26:19 +0000] "POST /metrics HTTP/1.1" 201 44732 "https://example.com/api/auth/token" "python-requests/2.28.0"
192.168.1.2 - - [01/Jan/2024:00:26:39 +0000] "GET /login HTTP/1.1" 400 17597 "-" "PostmanRuntime/7.29.0"
10.0.0.8 - - [01/Jan/2024:00:27:15 +0000] "PUT /api/users/1 HTTP/1.1" 201 39928 "https://example.com/api/products" "Mozilla/5.0 (Macintosh; Intel Mac OS X 10_15_7)"
192.168.1.13 - - [01/Jan/2024:00:27:40 +0000] "GET /api/orders/99 HTTP/1.1" 200 34273 "https://example.com/api/auth/token" "curl/7.68.0"
10.0.0.4 - - [01/Jan/2024:00:28:13 +0000] "GET /api/users/1 HTTP/1.1" 401 20772 "https://example.com/api/products" "python-requests/2.28.0"
203.0.113.3 - - [01/Jan/2024:00:28:37 +0000] "POST /api/orders/99 HTTP/1.1" 200 26571 "https://example.com/api/auth/token" "curl/7.68.0"
192.168.1.13 - - [01/Jan/2024:00:29:09 +0000] "POST /api/products/42 HTTP/1.1" 404 49229 "https://example.com/favicon.ico" "PostmanRuntime/7.29.0"
192.168.1.20 - - [01/Jan/2024:00:29:36 +0000] "POST / HTTP/1.1" 200 19003 "-" "PostmanRuntime/7.29.0"
10.0.0.1 - - [01/Jan/2024:00:30:06 +0000] "GET /admin HTTP/1.1" 404 14205 "-" "curl/7.68.0"
192.168.1.6 - - [01/Jan/2024:00:30:29 +0000] "POST /favicon.ico HTTP/1.1" 200 6320 "https://example.com/dashboard" "python-requests/2.28.0"
192.168.1.15 - - [01/Jan/2024:00:31:13 +0000] "GET /api/orders HTTP/1.1" 200 3228 "-" "Mozilla/5.0 (Macintosh; Intel Mac OS X 10_15_7)"
192.168.1.5 - - [01/Jan/2024:00:31:30 +0000] "GET /api/search?q=python HTTP/1.1" 200 47277 "https://example.com/health" "Mozilla/5.0 (Macintosh; Intel Mac OS X 10_15_7)"
192.168.1.16 - - [01/Jan/2024:00:31:48 +0000] "POST / HTTP/1.1" 503 7185 "https://example.com/dashboard" "curl/7.68.0"
203.0.113.4 - - [01/Jan/2024:00:32:26 +0000] "GET /api/auth/token HTTP/1.1" 200 8153 "-" "Mozilla/5.0 (Macintosh; Intel Mac OS X 10_15_7)"
203.0.113.4 - - [01/Jan/2024:00:32:57 +0000] "POST /api/users/1 HTTP/1.1" 503 29204 "https://example.com/metrics" "Mozilla/5.0 (Macintosh; Intel Mac OS X 10_15_7)"
10.0.0.9 - - [01/Jan/2024:00:33:13 +0000] "PUT /health HTTP/1.1" 201 17186 "https://example.com/static/app.js" "PostmanRuntime/7.29.0"
203.0.113.2 - - [01/Jan/2024:00:33:56 +0000] "GET /static/app.js HTTP/1.1" 201 5277 "https://example.com/dashboard" "python-requests/2.28.0"
10.0.0.2 - - [01/Jan/2024:00:34:14 +0000] "POST /api/users HTTP/1.1" 200 10084 "-" "curl/7.68.0"
192.168.1.14 - - [01/Jan/2024:00:34:34 +0000] "GET /api/orders/99 HTTP/1.1" 200 35760 "-" "Mozilla/5.0 (Windows NT 10.0; Win64; x64) AppleWebKit/537.36"
192.168.1.14 - - [01/Jan/2024:00:35:26 +0000] "GET /api/products/42 HTTP/1.1" 400 45781 "-" "PostmanRuntime/7.29.0"
10.0.0.5 - - [01/Jan/2024:00:35:43 +0000] "GET /api/users/2 HTTP/1.1" 200 49579 "-" "Mozilla/5.0 (Macintosh; Intel Mac OS X 10_15_7)"
203.0.113.5 - - [01/Jan/2024:00:36:19 +0000] "PUT /api/auth/token HTTP/1.1" 401 14653 "-" "python-requests/2.28.0"
10.0.0.8 - - [01/Jan/2024:00:36:39 +0000] "GET /api/products/42 HTTP/1.1" 200 44035 "https://example.com/api/products/42" "curl/7.68.0"
10.0.0.10 - - [01/Jan/2024:00:36:56 +0000] "POST /api/auth/token HTTP/1.1" 200 26022 "-" "Mozilla/5.0 (Windows NT 10.0; Win64; x64) AppleWebKit/537.36"
192.168.1.6 - - [01/Jan/2024:00:37:40 +0000] "GET /api/orders HTTP/1.1" 201 12109 "-" "Mozilla/5.0 (Macintosh; Intel Mac OS X 10_15_7)"
10.0.0.1 - - [01/Jan/2024:00:37:54 +0000] "GET /api/users/1 HTTP/1.1" 200 25046 "-" "Mozilla/5.0 (Macintosh; Intel Mac OS X 10_15_7)"
192.168.1.17 - - [01/Jan/2024:00:38:42 +0000] "GET /health HTTP/1.1" 200 49288 "-" "python-requests/2.28.0"
192.168.1.15 - - [01/Jan/2024:00:39:04 +0000] "GET /index.html HTTP/1.1" 503 2233 "https://example.com/logout" "Mozilla/5.0 (Windows NT 10.0; Win64; x64) AppleWebKit/537.36"
192.168.1.10 - - [01/Jan/2024:00:39:19 +0000] "GET /health HTTP/1.1" 404 7696 "-" "curl/7.68.0"
10.0.0.10 - - [01/Jan/2024:00:40:02 +0000] "GET /api/users/2 HTTP/1.1" 200 39907 "https://example.com/api/products" "curl/7.68.0"
192.168.1.20 - - [01/Jan/2024:00:40:11 +0000] "POST / HTTP/1.1" 200 37935 "https://example.com/api/products/42" "Mozilla/5.0 (Macintosh; Intel Mac OS X 10_15_7)"
192.168.1.13 - - [01/Jan/2024:00:40:38 +0000] "POST /dashboard HTTP/1.1" 200 45891 "https://example.com/favicon.ico" "Mozilla/5.0 (Windows NT 10.0; Win64; x64) AppleWebKit/537.36"
192.168.1.3 - - [01/Jan/2024:00:41:15 +0000] "POST /api/orders/99 HTTP/1.1" 404 24485 "-" "python-requests/2.28.0"
192.168.1.1 - - [01/Jan/2024:00:41:59 +0000] "GET /health HTTP/1.1" 200 28611 "https://example.com/admin" "curl/7.68.0"
10.0.0.8 - - [01/Jan/2024:00:42:05 +0000] "PUT /metrics HTTP/1.1" 403 17900 "https://example.com/api/auth/token" "Mozilla/5.0 (Macintosh; Intel Mac OS X 10_15_7)"
10.0.0.10 - - [01/Jan/2024:00:42:41 +0000] "PUT /api/search?q=python HTTP/1.1" 200 21322 "https://example.com/api/users" "python-requests/2.28.0"
10.0.0.9 - - [01/Jan/2024:00:43:03 +0000] "DELETE /admin HTTP/1.1" 400 40198 "https://example.com/api/users/1" "Mozilla/5.0 (Windows NT 10.0; Win64; x64) AppleWebKit/537.36"
203.0.113.2 - - [01/Jan/2024:00:43:51 +0000] "GET /login HTTP/1.1" 204 0 "-" "python-requests/2.28.0"
10.0.0.2 - - [01/Jan/2024:00:44:00 +0000] "POST /static/app.js HTTP/1.1" 400 865 "-" "curl/7.68.0"
192.168.1.6 - - [01/Jan/2024:00:44:27 +0000] "PUT /api/orders/99 HTTP/1.1" 204 0 "-" "curl/7.68.0"
203.0.113.1 - - [01/Jan/2024:00:45:08 +0000] "PUT /health HTTP/1.1" 201 1330 "-" "curl/7.68.0"
10.0.0.6 - - [01/Jan/2024:00:45:38 +0000] "GET /static/style.css HTTP/1.1" 404 38312 "-" "PostmanRuntime/7.29.0"
203.0.113.4 - - [01/Jan/2024:00:45:55 +0000] "GET /api/auth/token HTTP/1.1" 200 23256 "https://example.com/static/app.js" "python-requests/2.28.0"
192.168.1.17 - - [01/Jan/2024:00:46:19 +0000] "GET /logout HTTP/1.1" 200 8035 "https://example.com/login" "curl/7.68.0"
192.168.1.14 - - [01/Jan/2024:00:47:03 +0000] "GET /static/app.js HTTP/1.1" 500 38839 "https://example.com/metrics" "PostmanRuntime/7.29.0"
192.168.1.19 - - [01/Jan/2024:00:47:11 +0000] "GET /static/style.css HTTP/1.1" 200 23850 "-" "Mozilla/5.0 (Windows NT 10.0; Win64; x64) AppleWebKit/537.36"
203.0.113.5 - - [01/Jan/2024:00:47:40 +0000] "GET /index.html HTTP/1.1" 200 36464 "-" "curl/7.68.0"
203.0.113.2 - - [01/Jan/2024:00:48:07 +0000] "GET /api/search?q=python HTTP/1.1" 200 30962 "-" "python-requests/2.28.0"
192.168.1.12 - - [01/Jan/2024:00:48:33 +0000] "GET /health HTTP/1.1" 200 4482 "-" "Mozilla/5.0 (Windows NT 10.0; Win64; x64) AppleWebKit/537.36"
192.168.1.4 - - [01/Jan/2024:00:49:04 +0000] "GET /api/search?q=python HTTP/1.1" 200 5782 "https://example.com/api/products" "PostmanRuntime/7.29.0"
10.0.0.7 - - [01/Jan/2024:00:49:47 +0000] "POST /favicon.ico HTTP/1.1" 200 34447 "-" "Mozilla/5.0 (Macintosh; Intel Mac OS X 10_15_7)"
192.168.1.20 - - [01/Jan/2024:00:50:23 +0000] "POST /api/orders/99 HTTP/1.1" 200 37465 "https://example.com/favicon.ico" "Mozilla/5.0 (Windows NT 10.0; Win64; x64) AppleWebKit/537.36"
192.168.1.14 - - [01/Jan/2024:00:50:44 +0000] "GET /static/app.js HTTP/1.1" 404 5520 "-" "curl/7.68.0"
192.168.1.5 - - [01/Jan/2024:00:50:57 +0000] "GET /api/orders/99 HTTP/1.1" 201 45378 "-" "python-requests/2.28.0"
192.168.1.3 - - [01/Jan/2024:00:51:27 +0000] "GET /static/style.css HTTP/1.1" 404 29955 "-" "curl/7.68.0"
192.168.1.17 - - [01/Jan/2024:00:52:13 +0000] "DELETE /api/search?q=python HTTP/1.1" 404 13164 "-" "PostmanRuntime/7.29.0"
192.168.1.15 - - [01/Jan/2024:00:52:36 +0000] "GET /static/app.js HTTP/1.1" 200 4879 "-" "python-requests/2.28.0"
192.168.1.19 - - [01/Jan/2024:00:52:58 +0000] "GET /admin HTTP/1.1" 404 20128 "https://example.com/static/app.js" "PostmanRuntime/7.29.0"
203.0.113.5 - - [01/Jan/2024:00:53:27 +0000] "GET /api/users HTTP/1.1" 401 2812 "https://example.com/api/users/1" "PostmanRuntime/7.29.0"
192.168.1.17 - - [01/Jan/2024:00:53:40 +0000] "GET /dashboard HTTP/1.1" 404 37896 "-" "Mozilla/5.0 (Windows NT 10.0; Win64; x64) AppleWebKit/537.36"
192.168.1.18 - - [01/Jan/2024:00:54:26 +0000] "GET /login HTTP/1.1" 204 0 "-" "Mozilla/5.0 (Macintosh; Intel Mac OS X 10_15_7)"
192.168.1.18 - - [01/Jan/2024:00:54:41 +0000] "POST /api/orders/99 HTTP/1.1" 403 32425 "https://example.com/health" "python-requests/2.28.0"
10.0.0.7 - - [01/Jan/2024:00:55:14 +0000] "GET /api/products HTTP/1.1" 200 21814 "-" "Mozilla/5.0 (Macintosh; Intel Mac OS X 10_15_7)"
192.168.1.19 - - [01/Jan/2024:00:55:53 +0000] "GET /api/auth/token HTTP/1.1" 200 30007 "-" "python-requests/2.28.0"
10.0.0.1 - - [01/Jan/2024:00:56:03 +0000] "DELETE /api/products/42 HTTP/1.1" 301 0 "https://example.com/" "PostmanRuntime/7.29.0"
10.0.0.10 - - [01/Jan/2024:00:56:41 +0000] "GET /logout HTTP/1.1" 301 0 "-" "Mozilla/5.0 (Macintosh; Intel Mac OS X 10_15_7)"
10.0.0.9 - - [01/Jan/2024:00:57:20 +0000] "GET /logout HTTP/1.1" 200 36193 "-" "python-requests/2.28.0"
10.0.0.9 - - [01/Jan/2024:00:57:46 +0000] "GET /api/products HTTP/1.1" 200 41489 "https://example.com/dashboard" "curl/7.68.0"
192.168.1.20 - - [01/Jan/2024:00:58:09 +0000] "GET /api/auth/token HTTP/1.1" 201 6308 "-" "Mozilla/5.0 (Windows NT 10.0; Win64; x64) AppleWebKit/537.36"
10.0.0.10 - - [01/Jan/2024:00:58:23 +0000] "POST /api/orders HTTP/1.1" 204 0 "https://example.com/static/style.css" "PostmanRuntime/7.29.0"
192.168.1.18 - - [01/Jan/2024:00:59:01 +0000] "GET /health HTTP/1.1" 200 30135 "-" "Mozilla/5.0 (Macintosh; Intel Mac OS X 10_15_7)"
192.168.1.13 - - [01/Jan/2024:00:59:35 +0000] "POST /api/orders HTTP/1.1" 200 18304 "https://example.com/api/orders/99" "python-requests/2.28.0"
203.0.113.3 - - [01/Jan/2024:00:59:52 +0000] "GET /static/style.css HTTP/1.1" 500 19766 "https://example.com/api/search?q=python" "Mozilla/5.0 (Macintosh; Intel Mac OS X 10_15_7)"
192.168.1.10 - - [01/Jan/2024:01:00:26 +0000] "POST /health HTTP/1.1" 200 21986 "-" "PostmanRuntime/7.29.0"
10.0.0.5 - - [01/Jan/2024:01:00:54 +0000] "GET /logout HTTP/1.1" 404 15850 "-" "curl/7.68.0"
10.0.0.7 - - [01/Jan/2024:01:01:09 +0000] "GET /health HTTP/1.1" 404 25184 "-" "curl/7.68.0"
203.0.113.2 - - [01/Jan/2024:01:01:37 +0000] "GET /metrics HTTP/1.1" 400 21957 "https://example.com/admin" "Mozilla/5.0 (Windows NT 10.0; Win64; x64) AppleWebKit/537.36"
203.0.113.4 - - [01/Jan/2024:01:02:18 +0000] "GET /api/orders HTTP/1.1" 201 43111 "https://example.com/api/users" "Mozilla/5.0 (Macintosh; Intel Mac OS X 10_15_7)"
192.168.1.17 - - [01/Jan/2024:01:02:42 +0000] "POST /api/products/42 HTTP/1.1" 403 5463 "https://example.com/api/auth/token" "Mozilla/5.0 (Macintosh; Intel Mac OS X 10_15_7)"
10.0.0.1 - - [01/Jan/2024:01:03:20 +0000] "PUT /health HTTP/1.1" 302 0 "-" "Mozilla/5.0 (Windows NT 10.0; Win64; x64) AppleWebKit/537.36"
192.168.1.16 - - [01/Jan/2024:01:03:48 +0000] "POST /static/style.css HTTP/1.1" 200 49140 "-" "Mozilla/5.0 (Windows NT 10.0; Win64; x64) AppleWebKit/537.36"
192.168.1.7 - - [01/Jan/2024:01:04:10 +0000] "GET /static/style.css HTTP/1.1" 200 3214 "-" "Mozilla/5.0 (Windows NT 10.0; Win64; x64) AppleWebKit/537.36"
192.168.1.19 - - [01/Jan/2024:01:04:35 +0000] "GET /api/orders/99 HTTP/1.1" 200 16203 "-" "PostmanRuntime/7.29.0"
192.168.1.12 - - [01/Jan/2024:01:04:57 +0000] "GET /api/users HTTP/1.1" 401 25270 "https://example.com/dashboard" "Mozilla/5.0 (Macintosh; Intel Mac OS X 10_15_7)"
192.168.1.10 - - [01/Jan/2024:01:05:27 +0000] "GET /static/app.js HTTP/1.1" 201 16933 "https://example.com/admin" "python-requests/2.28.0"
203.0.113.5 - - [01/Jan/2024:01:05:53 +0000] "GET /admin HTTP/1.1" 200 38707 "-" "Mozilla/5.0 (Macintosh; Intel Mac OS X 10_15_7)"
192.168.1.17 - - [01/Jan/2024:01:06:30 +0000] "GET /logout HTTP/1.1" 200 31867 "-" "Mozilla/5.0 (Macintosh; Intel Mac OS X 10_15_7)"
10.0.0.3 - - [01/Jan/2024:01:07:02 +0000] "GET /static/style.css HTTP/1.1" 200 43337 "-" "Mozilla/5.0 (Windows NT 10.0; Win64; x64) AppleWebKit/537.36"
192.168.1.4 - - [01/Jan/2024:01:07:31 +0000] "PUT /health HTTP/1.1" 200 15281 "https://example.com/api/users/2" "curl/7.68.0"
192.168.1.13 - - [01/Jan/2024:01:07:59 +0000] "GET /api/orders HTTP/1.1" 401 6567 "https://example.com/index.html" "python-requests/2.28.0"
10.0.0.9 - - [01/Jan/2024:01:08:09 +0000] "POST /api/users/2 HTTP/1.1" 500 8812 "-" "python-requests/2.28.0"
10.0.0.1 - - [01/Jan/2024:01:08:59 +0000] "GET /login HTTP/1.1" 200 8861 "https://example.com/api/users/2" "PostmanRuntime/7.29.0"
203.0.113.3 - - [01/Jan/2024:01:09:12 +0000] "GET /static/app.js HTTP/1.1" 204 0 "https://example.com/static/style.css" "python-requests/2.28.0"
192.168.1.8 - - [01/Jan/2024:01:09:46 +0000] "GET /api/orders HTTP/1.1" 503 14985 "https://example.com/api/products/42" "PostmanRuntime/7.29.0"
10.0.0.4 - - [01/Jan/2024:01:10:02 +0000] "DELETE /api/products/42 HTTP/1.1" 200 17531 "-" "Mozilla/5.0 (Macintosh; Intel Mac OS X 10_15_7)"
10.0.0.4 - - [01/Jan/2024:01:10:49 +0000] "PUT /static/app.js HTTP/1.1" 400 25170 "https://example.com/api/users/2" "Mozilla/5.0 (Windows NT 10.0; Win64; x64) AppleWebKit/537.36"
192.168.1.15 - - [01/Jan/2024:01:11:11 +0000] "GET /favicon.ico HTTP/1.1" 400 21696 "https://example.com/dashboard" "Mozilla/5.0 (Windows NT 10.0; Win64; x64) AppleWebKit/537.36"
10.0.0.10 - - [01/Jan/2024:01:11:46 +0000] "GET /api/orders/99 HTTP/1.1" 200 9360 "-" "Mozilla/5.0 (Windows NT 10.0; Win64; x64) AppleWebKit/537.36"
192.168.1.20 - - [01/Jan/2024:01:12:07 +0000] "GET /api/products HTTP/1.1" 200 35428 "-" "Mozilla/5.0 (Macintosh; Intel Mac OS X 10_15_7)"
10.0.0.4 - - [01/Jan/2024:01:12:41 +0000] "PUT /api/auth/token HTTP/1.1" 201 38691 "https://example.com/api/orders" "Mozilla/5.0 (Macintosh; Intel Mac OS X 10_15_7)"
192.168.1.7 - - [01/Jan/2024:01:13:14 +0000] "GET /favicon.ico HTTP/1.1" 201 18533 "-" "python-requests/2.28.0"
192.168.1.14 - - [01/Jan/2024:01:13:30 +0000] "GET /dashboard HTTP/1.1" 200 6711 "https://example.com/api/users/2" "PostmanRuntime/7.29.0"
10.0.0.3 - - [01/Jan/2024:01:13:45 +0000] "GET /static/app.js HTTP/1.1" 200 8205 "https://example.com/admin" "Mozilla/5.0 (Windows NT 10.0; Win64; x64) AppleWebKit/537.36"
192.168.1.14 - - [01/Jan/2024:01:14:32 +0000] "POST /favicon.ico HTTP/1.1" 200 3514 "https://example.com/dashboard" "curl/7.68.0"
192.168.1.14 - - [01/Jan/2024:01:14:42 +0000] "DELETE /api/auth/token HTTP/1.1" 200 38629 "-" "curl/7.68.0"
10.0.0.2 - - [01/Jan/2024:01:15:32 +0000] "GET /favicon.ico HTTP/1.1" 200 18371 "https://example.com/api/orders" "curl/7.68.0"
203.0.113.5 - - [01/Jan/2024:01:15:44 +0000] "DELETE /login HTTP/1.1" 200 43523 "https://example.com/api/orders" "Mozilla/5.0 (Windows NT 10.0; Win64; x64) AppleWebKit/537.36"
10.0.0.3 - - [01/Jan/2024:01:16:29 +0000] "DELETE /dashboard HTTP/1.1" 400 21418 "-" "python-requests/2.28.0"
192.168.1.4 - - [01/Jan/2024:01:16:36 +0000] "PUT /api/orders/99 HTTP/1.1" 301 0 "-" "Mozilla/5.0 (Windows NT 10.0; Win64; x64) AppleWebKit/537.36"
203.0.113.1 - - [01/Jan/2024:01:17:14 +0000] "DELETE /api/users/2 HTTP/1.1" 301 0 "-" "Mozilla/5.0 (Macintosh; Intel Mac OS X 10_15_7)"
203.0.113.3 - - [01/Jan/2024:01:17:35 +0000] "POST /index.html HTTP/1.1" 500 43381 "-" "Mozilla/5.0 (Macintosh; Intel Mac OS X 10_15_7)"
192.168.1.2 - - [01/Jan/2024:01:17:57 +0000] "GET /api/products/42 HTTP/1.1" 201 45164 "-" "Mozilla/5.0 (Macintosh; Intel Mac OS X 10_15_7)"
192.168.1.5 - - [01/Jan/2024:01:18:26 +0000] "GET /favicon.ico HTTP/1.1" 200 4504 "-" "PostmanRuntime/7.29.0"
10.0.0.1 - - [01/Jan/2024:01:19:04 +0000] "POST /metrics HTTP/1.1" 200 29934 "-" "Mozilla/5.0 (Macintosh; Intel Mac OS X 10_15_7)"
192.168.1.7 - - [01/Jan/2024:01:19:45 +0000] "PUT /api/products HTTP/1.1" 403 42858 "https://example.com/api/auth/token" "curl/7.68.0"
10.0.0.8 - - [01/Jan/2024:01:20:02 +0000] "GET /api/orders/99 HTTP/1.1" 200 29920 "-" "Mozilla/5.0 (Windows NT 10.0; Win64; x64) AppleWebKit/537.36"
10.0.0.1 - - [01/Jan/2024:01:20:29 +0000] "GET /static/app.js HTTP/1.1" 200 10203 "https://example.com/health" "Mozilla/5.0 (Windows NT 10.0; Win64; x64) AppleWebKit/537.36"
192.168.1.6 - - [01/Jan/2024:01:21:10 +0000] "GET /api/users HTTP/1.1" 201 6528 "https://example.com/api/users/2" "curl/7.68.0"
192.168.1.4 - - [01/Jan/2024:01:21:30 +0000] "POST /api/auth/token HTTP/1.1" 200 44109 "-" "python-requests/2.28.0"
10.0.0.8 - - [01/Jan/2024:01:22:07 +0000] "PUT /index.html HTTP/1.1" 200 39548 "-" "Mozilla/5.0 (Windows NT 10.0; Win64; x64) AppleWebKit/537.36"
203.0.113.3 - - [01/Jan/2024:01:22:14 +0000] "GET /health HTTP/1.1" 200 7292 "-" "PostmanRuntime/7.29.0"
10.0.0.4 - - [01/Jan/2024:01:22:39 +0000] "DELETE /static/app.js HTTP/1.1" 400 15021 "https://example.com/api/auth/token" "PostmanRuntime/7.29.0"
192.168.1.2 - - [01/Jan/2024:01:23:23 +0000] "POST /static/app.js HTTP/1.1" 200 12023 "-" "python-requests/2.28.0"
10.0.0.2 - - [01/Jan/2024:01:23:43 +0000] "GET /login HTTP/1.1" 200 37314 "https://example.com/api/users" "curl/7.68.0"
192.168.1.2 - - [01/Jan/2024:01:24:02 +0000] "PUT /metrics HTTP/1.1" 200 24854 "-" "python-requests/2.28.0"
192.168.1.11 - - [01/Jan/2024:01:24:39 +0000] "GET /api/users/1 HTTP/1.1" 400 39274 "-" "Mozilla/5.0 (Windows NT 10.0; Win64; x64) AppleWebKit/537.36"
192.168.1.10 - - [01/Jan/2024:01:25:01 +0000] "DELETE /favicon.ico HTTP/1.1" 200 44369 "-" "Mozilla/5.0 (Macintosh; Intel Mac OS X 10_15_7)"
10.0.0.8 - - [01/Jan/2024:01:25:39 +0000] "POST /admin HTTP/1.1" 201 18102 "-" "PostmanRuntime/7.29.0"
192.168.1.8 - - [01/Jan/2024:01:26:03 +0000] "GET /api/products HTTP/1.1" 200 44647 "https://example.com/health" "PostmanRuntime/7.29.0"
192.168.1.20 - - [01/Jan/2024:01:26:21 +0000] "GET /api/products/42 HTTP/1.1" 401 3790 "-" "python-requests/2.28.0"
192.168.1.14 - - [01/Jan/2024:01:27:12 +0000] "GET /static/app.js HTTP/1.1" 200 21703 "-" "Mozilla/5.0 (Macintosh; Intel Mac OS X 10_15_7)"
10.0.0.8 - - [01/Jan/2024:01:27:21 +0000] "GET /api/products/42 HTTP/1.1" 302 0 "https://example.com/metrics" "PostmanRuntime/7.29.0"
10.0.0.3 - - [01/Jan/2024:01:27:46 +0000] "GET /index.html HTTP/1.1" 201 1428 "-" "Mozilla/5.0 (Windows NT 10.0; Win64; x64) AppleWebKit/537.36"
10.0.0.1 - - [01/Jan/2024:01:28:30 +0000] "GET /api/search?q=python HTTP/1.1" 201 46697 "https://example.com/static/style.css" "Mozilla/5.0 (Windows NT 10.0; Win64; x64) AppleWebKit/537.36"
10.0.0.6 - - [01/Jan/2024:01:28:40 +0000] "GET /login HTTP/1.1" 401 30352 "https://example.com/api/users/2" "Mozilla/5.0 (Windows NT 10.0; Win64; x64) AppleWebKit/537.36"
10.0.0.8 - - [01/Jan/2024:01:29:35 +0000] "GET /dashboard HTTP/1.1" 201 38792 "-" "Mozilla/5.0 (Windows NT 10.0; Win64; x64) AppleWebKit/537.36"
10.0.0.6 - - [01/Jan/2024:01:30:03 +0000] "GET /api/users/1 HTTP/1.1" 200 22027 "https://example.com/api/users" "PostmanRuntime/7.29.0"
192.168.1.8 - - [01/Jan/2024:01:30:20 +0000] "POST /logout HTTP/1.1" 200 23209 "https://example.com/api/orders" "curl/7.68.0"
192.168.1.7 - - [01/Jan/2024:01:30:36 +0000] "GET /logout HTTP/1.1" 200 39678 "-" "Mozilla/5.0 (Windows NT 10.0; Win64; x64) AppleWebKit/537.36"
192.168.1.12 - - [01/Jan/2024:01:31:24 +0000] "POST /health HTTP/1.1" 201 49643 "-" "PostmanRuntime/7.29.0"
10.0.0.9 - - [01/Jan/2024:01:31:49 +0000] "POST /favicon.ico HTTP/1.1" 200 41305 "-" "Mozilla/5.0 (Macintosh; Intel Mac OS X 10_15_7)"
192.168.1.5 - - [01/Jan/2024:01:32:11 +0000] "GET /static/style.css HTTP/1.1" 200 38959 "-" "PostmanRuntime/7.29.0"
192.168.1.5 - - [01/Jan/2024:01:32:33 +0000] "GET /admin HTTP/1.1" 200 3928 "-" "python-requests/2.28.0"
192.168.1.5 - - [01/Jan/2024:01:33:12 +0000] "GET /favicon.ico HTTP/1.1" 401 33431 "-" "PostmanRuntime/7.29.0"
192.168.1.3 - - [01/Jan/2024:01:33:34 +0000] "DELETE /api/search?q=python HTTP/1.1" 403 12536 "-" "Mozilla/5.0 (Macintosh; Intel Mac OS X 10_15_7)"
203.0.113.3 - - [01/Jan/2024:01:33:52 +0000] "GET /admin HTTP/1.1" 200 22707 "https://example.com/api/users" "PostmanRuntime/7.29.0"
192.168.1.12 - - [01/Jan/2024:01:34:17 +0000] "GET /admin HTTP/1.1" 201 34545 "-" "curl/7.68.0"
10.0.0.4 - - [01/Jan/2024:01:34:55 +0000] "GET /api/products/42 HTTP/1.1" 201 22375 "https://example.com/index.html" "python-requests/2.28.0"
192.168.1.5 - - [01/Jan/2024:01:35:22 +0000] "GET /api/auth/token HTTP/1.1" 404 25533 "-" "PostmanRuntime/7.29.0"
192.168.1.10 - - [01/Jan/2024:01:35:50 +0000] "GET /api/search?q=python HTTP/1.1" 404 9468 "https://example.com/static/style.css" "Mozilla/5.0 (Macintosh; Intel Mac OS X 10_15_7)"
192.168.1.9 - - [01/Jan/2024:01:36:27 +0000] "PUT /api/users HTTP/1.1" 200 36829 "-" "python-requests/2.28.0"
192.168.1.9 - - [01/Jan/2024:01:36:57 +0000] "PUT /metrics HTTP/1.1" 200 42537 "https://example.com/metrics" "python-requests/2.28.0"
192.168.1.2 - - [01/Jan/2024:01:37:15 +0000] "GET /login HTTP/1.1" 200 22595 "https://example.com/health" "curl/7.68.0"
192.168.1.15 - - [01/Jan/2024:01:37:36 +0000] "GET /api/users HTTP/1.1" 200 6828 "-" "PostmanRuntime/7.29.0"
203.0.113.4 - - [01/Jan/2024:01:38:01 +0000] "POST /api/users/1 HTTP/1.1" 401 8788 "-" "curl/7.68.0"
192.168.1.11 - - [01/Jan/2024:01:38:33 +0000] "PUT /favicon.ico HTTP/1.1" 200 47463 "-" "Mozilla/5.0 (Macintosh; Intel Mac OS X 10_15_7)"
10.0.0.4 - - [01/Jan/2024:01:39:17 +0000] "PUT /dashboard HTTP/1.1" 201 40215 "-" "Mozilla/5.0 (Macintosh; Intel Mac OS X 10_15_7)"
192.168.1.15 - - [01/Jan/2024:01:39:41 +0000] "GET /static/style.css HTTP/1.1" 204 0 "https://example.com/logout" "python-requests/2.28.0"
10.0.0.9 - - [01/Jan/2024:01:40:06 +0000] "DELETE /static/style.css HTTP/1.1" 200 33158 "-" "curl/7.68.0"
192.168.1.13 - - [01/Jan/2024:01:40:45 +0000] "POST /api/orders HTTP/1.1" 200 3619 "https://example.com/api/users/2" "PostmanRuntime/7.29.0"
192.168.1.7 - - [01/Jan/2024:01:41:10 +0000] "POST /api/products HTTP/1.1" 200 5696 "https://example.com/static/app.js" "Mozilla/5.0 (Macintosh; Intel Mac OS X 10_15_7)"
203.0.113.3 - - [01/Jan/2024:01:41:20 +0000] "GET /api/users HTTP/1.1" 200 29765 "https://example.com/" "Mozilla/5.0 (Macintosh; Intel Mac OS X 10_15_7)"
192.168.1.4 - - [01/Jan/2024:01:41:56 +0000] "POST /api/users/2 HTTP/1.1" 200 25507 "https://example.com/api/users/2" "curl/7.68.0"
192.168.1.2 - - [01/Jan/2024:01:42:22 +0000] "GET /api/users/1 HTTP/1.1" 200 9217 "-" "Mozilla/5.0 (Macintosh; Intel Mac OS X 10_15_7)"
192.168.1.9 - - [01/Jan/2024:01:43:04 +0000] "PUT /health HTTP/1.1" 201 40527 "-" "Mozilla/5.0 (Windows NT 10.0; Win64; x64) AppleWebKit/537.36"
192.168.1.2 - - [01/Jan/2024:01:43:16 +0000] "GET /api/orders HTTP/1.1" 302 0 "https://example.com/favicon.ico" "PostmanRuntime/7.29.0"
10.0.0.8 - - [01/Jan/2024:01:43:39 +0000] "DELETE /static/style.css HTTP/1.1" 200 19936 "-" "curl/7.68.0"
10.0.0.7 - - [01/Jan/2024:01:44:24 +0000] "DELETE /favicon.ico HTTP/1.1" 201 4316 "-" "Mozilla/5.0 (Macintosh; Intel Mac OS X 10_15_7)"
203.0.113.5 - - [01/Jan/2024:01:44:32 +0000] "POST /metrics HTTP/1.1" 400 16055 "https://example.com/static/style.css" "Mozilla/5.0 (Macintosh; Intel Mac OS X 10_15_7)"
192.168.1.1 - - [01/Jan/2024:01:45:19 +0000] "GET /dashboard HTTP/1.1" 400 27500 "-" "Mozilla/5.0 (Windows NT 10.0; Win64; x64) AppleWebKit/537.36"
203.0.113.4 - - [01/Jan/2024:01:45:39 +0000] "GET /metrics HTTP/1.1" 302 0 "-" "PostmanRuntime/7.29.0"
192.168.1.2 - - [01/Jan/2024:01:46:08 +0000] "GET /index.html HTTP/1.1" 403 25554 "https://example.com/static/app.js" "Mozilla/5.0 (Windows NT 10.0; Win64; x64) AppleWebKit/537.36"
10.0.0.3 - - [01/Jan/2024:01:46:49 +0000] "GET /api/users/2 HTTP/1.1" 200 48234 "https://example.com/api/products" "PostmanRuntime/7.29.0"
10.0.0.2 - - [01/Jan/2024:01:46:56 +0000] "GET /api/users/2 HTTP/1.1" 302 0 "-" "curl/7.68.0"
10.0.0.10 - - [01/Jan/2024:01:47:42 +0000] "GET /login HTTP/1.1" 200 4335 "https://example.com/admin" "Mozilla/5.0 (Windows NT 10.0; Win64; x64) AppleWebKit/537.36"
192.168.1.19 - - [01/Jan/2024:01:47:54 +0000] "GET /logout HTTP/1.1" 200 20882 "https://example.com/metrics" "Mozilla/5.0 (Macintosh; Intel Mac OS X 10_15_7)"
203.0.113.5 - - [01/Jan/2024:01:48:31 +0000] "GET /index.html HTTP/1.1" 503 42595 "-" "python-requests/2.28.0"
192.168.1.4 - - [01/Jan/2024:01:49:11 +0000] "POST /api/users/1 HTTP/1.1" 200 8357 "https://example.com/api/orders/99" "Mozilla/5.0 (Macintosh; Intel Mac OS X 10_15_7)"
10.0.0.9 - - [01/Jan/2024:01:49:24 +0000] "GET /login HTTP/1.1" 204 0 "https://example.com/api/users/2" "PostmanRuntime/7.29.0"
192.168.1.18 - - [01/Jan/2024:01:50:05 +0000] "GET /api/orders/99 HTTP/1.1" 200 28420 "https://example.com/login" "PostmanRuntime/7.29.0"
192.168.1.19 - - [01/Jan/2024:01:50:18 +0000] "GET /api/users HTTP/1.1" 200 43514 "-" "Mozilla/5.0 (Macintosh; Intel Mac OS X 10_15_7)"
10.0.0.8 - - [01/Jan/2024:01:50:41 +0000] "PUT /admin HTTP/1.1" 200 29503 "-" "python-requests/2.28.0"
10.0.0.8 - - [01/Jan/2024:01:51:12 +0000] "POST /index.html HTTP/1.1" 200 44186 "https://example.com/api/users/2" "PostmanRuntime/7.29.0"
192.168.1.11 - - [01/Jan/2024:01:51:32 +0000] "GET /favicon.ico HTTP/1.1" 404 28916 "-" "Mozilla/5.0 (Windows NT 10.0; Win64; x64) AppleWebKit/537.36"
192.168.1.16 - - [01/Jan/2024:01:52:24 +0000] "POST /api/users/2 HTTP/1.1" 200 25290 "https://example.com/index.html" "PostmanRuntime/7.29.0"
192.168.1.10 - - [01/Jan/2024:01:52:49 +0000] "GET /api/users/2 HTTP/1.1" 200 29294 "https://example.com/api/search?q=python" "curl/7.68.0"
203.0.113.4 - - [01/Jan/2024:01:53:07 +0000] "GET /api/users/1 HTTP/1.1" 403 18464 "-" "Mozilla/5.0 (Windows NT 10.0; Win64; x64) AppleWebKit/537.36"
192.168.1.2 - - [01/Jan/2024:01:53:47 +0000] "GET /health HTTP/1.1" 301 0 "-" "PostmanRuntime/7.29.0"
192.168.1.8 - - [01/Jan/2024:01:54:00 +0000] "DELETE /static/app.js HTTP/1.1" 404 29446 "-" "PostmanRuntime/7.29.0"
192.168.1.19 - - [01/Jan/2024:01:54:42 +0000] "GET /logout HTTP/1.1" 200 9095 "https://example.com/admin" "curl/7.68.0"
10.0.0.9 - - [01/Jan/2024:01:54:50 +0000] "DELETE /api/users/1 HTTP/1.1" 404 22968 "https://example.com/api/auth/token" "PostmanRuntime/7.29.0"
192.168.1.19 - - [01/Jan/2024:01:55:25 +0000] "GET /login HTTP/1.1" 200 33541 "-" "curl/7.68.0"
192.168.1.9 - - [01/Jan/2024:01:55:51 +0000] "DELETE /health HTTP/1.1" 200 23851 "-" "python-requests/2.28.0"
10.0.0.10 - - [01/Jan/2024:01:56:37 +0000] "POST /api/orders HTTP/1.1" 401 5850 "-" "Mozilla/5.0 (Macintosh; Intel Mac OS X 10_15_7)"
203.0.113.1 - - [01/Jan/2024:01:56:56 +0000] "GET /api/orders/99 HTTP/1.1" 400 5033 "-" "python-requests/2.28.0"
192.168.1.5 - - [01/Jan/2024:01:57:22 +0000] "GET /metrics HTTP/1.1" 200 8610 "https://example.com/api/auth/token" "PostmanRuntime/7.29.0"
192.168.1.12 - - [01/Jan/2024:01:58:00 +0000] "GET /api/orders/99 HTTP/1.1" 204 0 "https://example.com/index.html" "Mozilla/5.0 (Windows NT 10.0; Win64; x64) AppleWebKit/537.36"
203.0.113.4 - - [01/Jan/2024:01:58:08 +0000] "GET /login HTTP/1.1" 200 21345 "https://example.com/dashboard" "python-requests/2.28.0"
203.0.113.4 - - [01/Jan/2024:01:58:41 +0000] "GET /static/app.js HTTP/1.1" 200 41819 "https://example.com/static/app.js" "curl/7.68.0"
192.168.1.20 - - [01/Jan/2024:01:59:19 +0000] "POST /api/users HTTP/1.1" 204 0 "https://example.com/api/search?q=python" "PostmanRuntime/7.29.0"
192.168.1.10 - - [01/Jan/2024:01:59:33 +0000] "POST /favicon.ico HTTP/1.1" 500 39858 "-" "PostmanRuntime/7.29.0"
192.168.1.3 - - [01/Jan/2024:02:00:22 +0000] "GET /api/users HTTP/1.1" 200 42238 "https://example.com/static/app.js" "curl/7.68.0"
10.0.0.7 - - [01/Jan/2024:02:00:43 +0000] "POST / HTTP/1.1" 204 0 "https://example.com/api/auth/token" "python-requests/2.28.0"
192.168.1.20 - - [01/Jan/2024:02:01:07 +0000] "GET /api/products/42 HTTP/1.1" 200 29923 "-" "Mozilla/5.0 (Windows NT 10.0; Win64; x64) AppleWebKit/537.36"
192.168.1.11 - - [01/Jan/2024:02:01:34 +0000] "GET /health HTTP/1.1" 201 13570 "-" "curl/7.68.0"
10.0.0.1 - - [01/Jan/2024:02:02:15 +0000] "PUT /api/users/1 HTTP/1.1" 500 22834 "https://example.com/api/orders" "python-requests/2.28.0"
203.0.113.3 - - [01/Jan/2024:02:02:33 +0000] "GET /api/users/1 HTTP/1.1" 200 30770 "-" "Mozilla/5.0 (Macintosh; Intel Mac OS X 10_15_7)"
192.168.1.16 - - [01/Jan/2024:02:02:48 +0000] "GET /index.html HTTP/1.1" 200 25375 "https://example.com/api/orders/99" "curl/7.68.0"
192.168.1.11 - - [01/Jan/2024:02:03:38 +0000] "GET /api/search?q=python HTTP/1.1" 500 20694 "-" "curl/7.68.0"
203.0.113.2 - - [01/Jan/2024:02:03:56 +0000] "GET /health HTTP/1.1" 200 32795 "-" "Mozilla/5.0 (Macintosh; Intel Mac OS X 10_15_7)"
203.0.113.3 - - [01/Jan/2024:02:04:22 +0000] "GET /logout HTTP/1.1" 400 23327 "-" "python-requests/2.28.0"
203.0.113.2 - - [01/Jan/2024:02:04:55 +0000] "POST /health HTTP/1.1" 200 35372 "-" "Mozilla/5.0 (Windows NT 10.0; Win64; x64) AppleWebKit/537.36"
10.0.0.8 - - [01/Jan/2024:02:05:08 +0000] "GET /api/users/2 HTTP/1.1" 503 26627 "-" "Mozilla/5.0 (Macintosh; Intel Mac OS X 10_15_7)"
192.168.1.4 - - [01/Jan/2024:02:05:50 +0000] "POST /logout HTTP/1.1" 200 36456 "-" "Mozilla/5.0 (Macintosh; Intel Mac OS X 10_15_7)"
203.0.113.3 - - [01/Jan/2024:02:06:14 +0000] "DELETE /api/auth/token HTTP/1.1" 200 41044 "https://example.com/api/products" "curl/7.68.0"
192.168.1.7 - - [01/Jan/2024:02:06:40 +0000] "GET /api/users/1 HTTP/1.1" 400 24160 "https://example.com/logout" "PostmanRuntime/7.29.0"
203.0.113.3 - - [01/Jan/2024:02:07:08 +0000] "POST /index.html HTTP/1.1" 200 2750 "-" "python-requests/2.28.0"
203.0.113.1 - - [01/Jan/2024:02:07:40 +0000] "GET /api/orders HTTP/1.1" 401 33984 "-" "PostmanRuntime/7.29.0"
10.0.0.1 - - [01/Jan/2024:02:07:57 +0000] "GET /favicon.ico HTTP/1.1" 500 19810 "-" "PostmanRuntime/7.29.0"
203.0.113.3 - - [01/Jan/2024:02:08:37 +0000] "GET /api/search?q=python HTTP/1.1" 200 31322 "https://example.com/api/users/2" "python-requests/2.28.0"
192.168.1.8 - - [01/Jan/2024:02:09:01 +0000] "POST /static/style.css HTTP/1.1" 500 45291 "https://example.com/favicon.ico" "Mozilla/5.0 (Macintosh; Intel Mac OS X 10_15_7)"
192.168.1.17 - - [01/Jan/2024:02:09:36 +0000] "DELETE /api/search?q=python HTTP/1.1" 400 15112 "https://example.com/api/search?q=python" "Mozilla/5.0 (Macintosh; Intel Mac OS X 10_15_7)"
192.168.1.11 - - [01/Jan/2024:02:10:00 +0000] "POST /favicon.ico HTTP/1.1" 200 9884 "https://example.com/dashboard" "Mozilla/5.0 (Windows NT 10.0; Win64; x64) AppleWebKit/537.36"
192.168.1.8 - - [01/Jan/2024:02:10:18 +0000] "GET /admin HTTP/1.1" 200 27645 "-" "curl/7.68.0"
10.0.0.7 - - [01/Jan/2024:02:10:56 +0000] "DELETE /favicon.ico HTTP/1.1" 204 0 "https://example.com/index.html" "curl/7.68.0"
203.0.113.4 - - [01/Jan/2024:02:11:14 +0000] "POST /api/users/1 HTTP/1.1" 404 31550 "-" "python-requests/2.28.0"
192.168.1.12 - - [01/Jan/2024:02:11:50 +0000] "POST /api/users/1 HTTP/1.1" 302 0 "-" "python-requests/2.28.0"
203.0.113.1 - - [01/Jan/2024:02:12:10 +0000] "GET /static/app.js HTTP/1.1" 400 19762 "-" "python-requests/2.28.0"
192.168.1.19 - - [01/Jan/2024:02:12:54 +0000] "GET /health HTTP/1.1" 200 31644 "-" "python-requests/2.28.0"
192.168.1.19 - - [01/Jan/2024:02:13:03 +0000] "POST /api/auth/token HTTP/1.1" 200 26056 "https://example.com/api/orders" "python-requests/2.28.0"
192.168.1.3 - - [01/Jan/2024:02:13:37 +0000] "PUT /api/users HTTP/1.1" 200 29191 "https://example.com/health" "curl/7.68.0"
192.168.1.13 - - [01/Jan/2024:02:14:22 +0000] "POST /static/app.js HTTP/1.1" 400 45824 "-" "Mozilla/5.0 (Windows NT 10.0; Win64; x64) AppleWebKit/537.36"
192.168.1.16 - - [01/Jan/2024:02:14:31 +0000] "GET /metrics HTTP/1.1" 200 42008 "-" "Mozilla/5.0 (Windows NT 10.0; Win64; x64) AppleWebKit/537.36"
10.0.0.7 - - [01/Jan/2024:02:15:02 +0000] "PUT /health HTTP/1.1" 200 44842 "https://example.com/" "PostmanRuntime/7.29.0"
192.168.1.11 - - [01/Jan/2024:02:15:33 +0000] "POST /health HTTP/1.1" 204 0 "https://example.com/static/style.css" "python-requests/2.28.0"
192.168.1.19 - - [01/Jan/2024:02:16:08 +0000] "GET /api/users HTTP/1.1" 403 37826 "-" "Mozilla/5.0 (Windows NT 10.0; Win64; x64) AppleWebKit/537.36"
192.168.1.12 - - [01/Jan/2024:02:16:29 +0000] "GET /index.html HTTP/1.1" 201 32665 "-" "python-requests/2.28.0"
192.168.1.3 - - [01/Jan/2024:02:16:44 +0000] "GET /api/search?q=python HTTP/1.1" 401 7232 "https://example.com/api/users/1" "python-requests/2.28.0"
10.0.0.10 - - [01/Jan/2024:02:17:32 +0000] "POST /metrics HTTP/1.1" 204 0 "https://example.com/api/orders" "PostmanRuntime/7.29.0"
10.0.0.10 - - [01/Jan/2024:02:17:48 +0000] "GET /api/products HTTP/1.1" 200 10849 "https://example.com/static/app.js" "curl/7.68.0"
192.168.1.1 - - [01/Jan/2024:02:18:31 +0000] "GET /static/style.css HTTP/1.1" 400 44397 "https://example.com/login" "PostmanRuntime/7.29.0"
10.0.0.6 - - [01/Jan/2024:02:19:02 +0000] "GET /metrics HTTP/1.1" 200 5884 "-" "Mozilla/5.0 (Windows NT 10.0; Win64; x64) AppleWebKit/537.36"
192.168.1.12 - - [01/Jan/2024:02:19:08 +0000] "GET /api/users/1 HTTP/1.1" 200 647 "-" "curl/7.68.0"
10.0.0.9 - - [01/Jan/2024:02:19:56 +0000] "GET /api/users/1 HTTP/1.1" 200 38372 "https://example.com/" "python-requests/2.28.0"
10.0.0.4 - - [01/Jan/2024:02:20:22 +0000] "GET /index.html HTTP/1.1" 404 7947 "-" "curl/7.68.0"
10.0.0.6 - - [01/Jan/2024:02:20:49 +0000] "POST /static/style.css HTTP/1.1" 404 7894 "https://example.com/static/style.css" "python-requests/2.28.0"
192.168.1.15 - - [01/Jan/2024:02:21:03 +0000] "GET /health HTTP/1.1" 200 30017 "https://example.com/favicon.ico" "python-requests/2.28.0"
10.0.0.7 - - [01/Jan/2024:02:21:46 +0000] "POST /health HTTP/1.1" 503 35426 "https://example.com/logout" "curl/7.68.0"
192.168.1.6 - - [01/Jan/2024:02:22:08 +0000] "GET /metrics HTTP/1.1" 404 23909 "-" "PostmanRuntime/7.29.0"
192.168.1.8 - - [01/Jan/2024:02:22:21 +0000] "POST /metrics HTTP/1.1" 200 37732 "-" "curl/7.68.0"
10.0.0.1 - - [01/Jan/2024:02:23:15 +0000] "POST /admin HTTP/1.1" 200 44783 "-" "PostmanRuntime/7.29.0"
203.0.113.2 - - [01/Jan/2024:02:23:18 +0000] "POST /admin HTTP/1.1" 200 29916 "-" "Mozilla/5.0 (Macintosh; Intel Mac OS X 10_15_7)"
10.0.0.10 - - [01/Jan/2024:02:24:02 +0000] "GET /api/auth/token HTTP/1.1" 201 44290 "https://example.com/" "Mozilla/5.0 (Macintosh; Intel Mac OS X 10_15_7)"
192.168.1.17 - - [01/Jan/2024:02:24:38 +0000] "GET /logout HTTP/1.1" 400 4986 "-" "python-requests/2.28.0"
192.168.1.5 - - [01/Jan/2024:02:24:57 +0000] "GET /api/users HTTP/1.1" 204 0 "-" "Mozilla/5.0 (Macintosh; Intel Mac OS X 10_15_7)"
192.168.1.12 - - [01/Jan/2024:02:25:32 +0000] "GET /api/orders/99 HTTP/1.1" 200 25266 "-" "Mozilla/5.0 (Macintosh; Intel Mac OS X 10_15_7)"
10.0.0.5 - - [01/Jan/2024:02:25:38 +0000] "POST /api/auth/token HTTP/1.1" 200 43030 "https://example.com/api/products" "curl/7.68.0"
203.0.113.5 - - [01/Jan/2024:02:26:16 +0000] "POST /api/orders HTTP/1.1" 500 14794 "https://example.com/" "python-requests/2.28.0"
10.0.0.10 - - [01/Jan/2024:02:26:53 +0000] "PUT /api/auth/token HTTP/1.1" 201 35060 "-" "curl/7.68.0"
192.168.1.16 - - [01/Jan/2024:02:27:14 +0000] "GET /api/orders HTTP/1.1" 200 12552 "https://example.com/api/products" "Mozilla/5.0 (Windows NT 10.0; Win64; x64) AppleWebKit/537.36"
10.0.0.7 - - [01/Jan/2024:02:27:47 +0000] "DELETE / HTTP/1.1" 200 13705 "-" "PostmanRuntime/7.29.0"
192.168.1.3 - - [01/Jan/2024:02:28:10 +0000] "POST /index.html HTTP/1.1" 200 48732 "-" "Mozilla/5.0 (Macintosh; Intel Mac OS X 10_15_7)"
192.168.1.15 - - [01/Jan/2024:02:28:41 +0000] "GET /index.html HTTP/1.1" 200 33223 "https://example.com/dashboard" "PostmanRuntime/7.29.0"
10.0.0.1 - - [01/Jan/2024:02:29:10 +0000] "POST /api/users/1 HTTP/1.1" 200 19976 "https://example.com/metrics" "curl/7.68.0"
10.0.0.7 - - [01/Jan/2024:02:29:29 +0000] "GET /index.html HTTP/1.1" 400 38975 "https://example.com/login" "Mozilla/5.0 (Macintosh; Intel Mac OS X 10_15_7)"
203.0.113.2 - - [01/Jan/2024:02:29:49 +0000] "GET /api/products/42 HTTP/1.1" 301 0 "-" "Mozilla/5.0 (Macintosh; Intel Mac OS X 10_15_7)"
10.0.0.7 - - [01/Jan/2024:02:30:20 +0000] "GET /api/products/42 HTTP/1.1" 200 49641 "-" "curl/7.68.0"
192.168.1.15 - - [01/Jan/2024:02:30:53 +0000] "PUT /api/orders HTTP/1.1" 201 3976 "-" "Mozilla/5.0 (Macintosh; Intel Mac OS X 10_15_7)"
203.0.113.4 - - [01/Jan/2024:02:31:16 +0000] "GET /dashboard HTTP/1.1" 200 13525 "-" "Mozilla/5.0 (Windows NT 10.0; Win64; x64) AppleWebKit/537.36"
10.0.0.9 - - [01/Jan/2024:02:32:07 +0000] "GET /api/users HTTP/1.1" 302 0 "https://example.com/logout" "Mozilla/5.0 (Windows NT 10.0; Win64; x64) AppleWebKit/537.36"
192.168.1.18 - - [01/Jan/2024:02:32:20 +0000] "POST /favicon.ico HTTP/1.1" 401 2791 "https://example.com/logout" "PostmanRuntime/7.29.0"
192.168.1.14 - - [01/Jan/2024:02:32:51 +0000] "GET /api/users/1 HTTP/1.1" 200 1204 "-" "curl/7.68.0"
192.168.1.8 - - [01/Jan/2024:02:33:27 +0000] "DELETE /health HTTP/1.1" 200 45788 "https://example.com/logout" "Mozilla/5.0 (Macintosh; Intel Mac OS X 10_15_7)"
192.168.1.16 - - [01/Jan/2024:02:33:49 +0000] "GET /static/style.css HTTP/1.1" 200 30756 "-" "python-requests/2.28.0"
192.168.1.20 - - [01/Jan/2024:02:34:08 +0000] "GET /metrics HTTP/1.1" 204 0 "-" "Mozilla/5.0 (Macintosh; Intel Mac OS X 10_15_7)"
10.0.0.1 - - [01/Jan/2024:02:34:34 +0000] "GET /api/users/1 HTTP/1.1" 201 3196 "-" "curl/7.68.0"
192.168.1.10 - - [01/Jan/2024:02:34:56 +0000] "GET /api/auth/token HTTP/1.1" 400 38154 "https://example.com/static/style.css" "curl/7.68.0"
192.168.1.13 - - [01/Jan/2024:02:35:34 +0000] "GET /api/products/42 HTTP/1.1" 400 16304 "-" "python-requests/2.28.0"
192.168.1.17 - - [01/Jan/2024:02:36:16 +0000] "GET /health HTTP/1.1" 201 11225 "https://example.com/api/users/2" "curl/7.68.0"
192.168.1.9 - - [01/Jan/2024:02:36:43 +0000] "POST /health HTTP/1.1" 200 35729 "https://example.com/index.html" "PostmanRuntime/7.29.0"
192.168.1.3 - - [01/Jan/2024:02:37:14 +0000] "GET /index.html HTTP/1.1" 503 618 "-" "curl/7.68.0"
192.168.1.5 - - [01/Jan/2024:02:37:38 +0000] "GET / HTTP/1.1" 200 33343 "-" "Mozilla/5.0 (Windows NT 10.0; Win64; x64) AppleWebKit/537.36"
203.0.113.1 - - [01/Jan/2024:02:38:05 +0000] "GET / HTTP/1.1" 200 35079 "-" "Mozilla/5.0 (Windows NT 10.0; Win64; x64) AppleWebKit/537.36"
192.168.1.2 - - [01/Jan/2024:02:38:28 +0000] "PUT /static/app.js HTTP/1.1" 302 0 "https://example.com/" "PostmanRuntime/7.29.0"
10.0.0.8 - - [01/Jan/2024:02:39:05 +0000] "GET /api/products HTTP/1.1" 200 34566 "-" "curl/7.68.0"
203.0.113.4 - - [01/Jan/2024:02:39:16 +0000] "GET /static/app.js HTTP/1.1" 201 5378 "-" "Mozilla/5.0 (Macintosh; Intel Mac OS X 10_15_7)"
10.0.0.10 - - [01/Jan/2024:02:39:54 +0000] "GET /dashboard HTTP/1.1" 200 45029 "https://example.com/api/users" "Mozilla/5.0 (Windows NT 10.0; Win64; x64) AppleWebKit/537.36"
192.168.1.6 - - [01/Jan/2024:02:40:16 +0000] "GET /api/products/42 HTTP/1.1" 302 0 "-" "Mozilla/5.0 (Windows NT 10.0; Win64; x64) AppleWebKit/537.36"
192.168.1.11 - - [01/Jan/2024:02:40:34 +0000] "GET /api/orders/99 HTTP/1.1" 403 21910 "-" "Mozilla/5.0 (Windows NT 10.0; Win64; x64) AppleWebKit/537.36"
203.0.113.4 - - [01/Jan/2024:02:41:01 +0000] "GET /logout HTTP/1.1" 404 37344 "-" "Mozilla/5.0 (Windows NT 10.0; Win64; x64) AppleWebKit/537.36"
192.168.1.5 - - [01/Jan/2024:02:41:49 +0000] "GET /api/auth/token HTTP/1.1" 400 43329 "-" "python-requests/2.28.0"
192.168.1.2 - - [01/Jan/2024:02:42:02 +0000] "POST /api/orders HTTP/1.1" 503 46908 "https://example.com/api/users" "python-requests/2.28.0"
192.168.1.11 - - [01/Jan/2024:02:42:42 +0000] "GET /api/search?q=python HTTP/1.1" 200 44570 "https://example.com/api/users/1" "Mozilla/5.0 (Macintosh; Intel Mac OS X 10_15_7)"
192.168.1.9 - - [01/Jan/2024:02:43:17 +0000] "PUT /api/users HTTP/1.1" 204 0 "https://example.com/api/users/2" "Mozilla/5.0 (Windows NT 10.0; Win64; x64) AppleWebKit/537.36"
192.168.1.7 - - [01/Jan/2024:02:43:33 +0000] "GET /api/users HTTP/1.1" 200 39860 "https://example.com/favicon.ico" "Mozilla/5.0 (Macintosh; Intel Mac OS X 10_15_7)"
10.0.0.1 - - [01/Jan/2024:02:43:48 +0000] "POST /static/app.js HTTP/1.1" 201 32352 "-" "PostmanRuntime/7.29.0"
10.0.0.5 - - [01/Jan/2024:02:44:29 +0000] "GET /api/search?q=python HTTP/1.1" 404 25108 "-" "PostmanRuntime/7.29.0"
192.168.1.19 - - [01/Jan/2024:02:45:09 +0000] "GET /api/users HTTP/1.1" 200 17761 "-" "curl/7.68.0"
10.0.0.5 - - [01/Jan/2024:02:45:22 +0000] "GET /api/products HTTP/1.1" 200 540 "https://example.com/admin" "python-requests/2.28.0"
192.168.1.18 - - [01/Jan/2024:02:45:43 +0000] "GET /api/users HTTP/1.1" 200 28444 "-" "PostmanRuntime/7.29.0"
203.0.113.3 - - [01/Jan/2024:02:46:21 +0000] "GET / HTTP/1.1" 200 23394 "-" "PostmanRuntime/7.29.0"
10.0.0.1 - - [01/Jan/2024:02:47:03 +0000] "GET / HTTP/1.1" 200 27319 "-" "Mozilla/5.0 (Windows NT 10.0; Win64; x64) AppleWebKit/537.36"
192.168.1.16 - - [01/Jan/2024:02:47:22 +0000] "POST /login HTTP/1.1" 404 25151 "-" "python-requests/2.28.0"
192.168.1.20 - - [01/Jan/2024:02:47:40 +0000] "GET /api/orders HTTP/1.1" 200 11158 "-" "Mozilla/5.0 (Macintosh; Intel Mac OS X 10_15_7)"
192.168.1.20 - - [01/Jan/2024:02:48:15 +0000] "DELETE /api/users HTTP/1.1" 200 16695 "https://example.com/health" "PostmanRuntime/7.29.0"
192.168.1.13 - - [01/Jan/2024:02:48:42 +0000] "GET /api/orders HTTP/1.1" 200 643 "https://example.com/api/users/1" "PostmanRuntime/7.29.0"
10.0.0.5 - - [01/Jan/2024:02:49:21 +0000] "GET /admin HTTP/1.1" 200 28420 "https://example.com/favicon.ico" "curl/7.68.0"
192.168.1.20 - - [01/Jan/2024:02:49:34 +0000] "POST /logout HTTP/1.1" 204 0 "-" "Mozilla/5.0 (Macintosh; Intel Mac OS X 10_15_7)"
10.0.0.1 - - [01/Jan/2024:02:50:01 +0000] "PUT /health HTTP/1.1" 400 16087 "-" "python-requests/2.28.0"
10.0.0.6 - - [01/Jan/2024:02:50:31 +0000] "GET /api/search?q=python HTTP/1.1" 200 39012 "https://example.com/login" "PostmanRuntime/7.29.0"
192.168.1.2 - - [01/Jan/2024:02:51:11 +0000] "GET /logout HTTP/1.1" 201 19292 "https://example.com/api/users" "Mozilla/5.0 (Macintosh; Intel Mac OS X 10_15_7)"
203.0.113.2 - - [01/Jan/2024:02:51:20 +0000] "POST /static/style.css HTTP/1.1" 200 16759 "https://example.com/api/orders/99" "Mozilla/5.0 (Macintosh; Intel Mac OS X 10_15_7)"
192.168.1.5 - - [01/Jan/2024:02:51:58 +0000] "POST /health HTTP/1.1" 400 26467 "-" "Mozilla/5.0 (Macintosh; Intel Mac OS X 10_15_7)"
203.0.113.5 - - [01/Jan/2024:02:52:13 +0000] "DELETE /api/users/2 HTTP/1.1" 404 35386 "-" "Mozilla/5.0 (Windows NT 10.0; Win64; x64) AppleWebKit/537.36"
192.168.1.7 - - [01/Jan/2024:02:53:04 +0000] "GET /api/users/2 HTTP/1.1" 200 42601 "https://example.com/api/search?q=python" "Mozilla/5.0 (Macintosh; Intel Mac OS X 10_15_7)"
10.0.0.2 - - [01/Jan/2024:02:53:33 +0000] "GET /api/products HTTP/1.1" 200 6662 "-" "PostmanRuntime/7.29.0"
203.0.113.4 - - [01/Jan/2024:02:53:53 +0000] "POST /api/search?q=python HTTP/1.1" 200 29414 "-" "Mozilla/5.0 (Macintosh; Intel Mac OS X 10_15_7)"
203.0.113.3 - - [01/Jan/2024:02:54:08 +0000] "GET / HTTP/1.1" 204 0 "-" "Mozilla/5.0 (Macintosh; Intel Mac OS X 10_15_7)"
