192.168.1.6 - - [01/Jan/2024:02:54:35 +0000] "PUT /api/orders HTTP/1.1" 200 20640 "-" "curl/7.68.0"
203.0.113.4 - - [01/Jan/2024:02:55:15 +0000] "GET /health HTTP/1.1" 200 28915 "https://example.com/admin" "python-requests/2.28.0"
192.168.1.5 - - [01/Jan/2024:02:55:37 +0000] "GET /api/products HTTP/1.1" 200 22683 "https://example.com/login" "curl/7.68.0"
203.0.113.4 - - [01/Jan/2024:02:56:01 +0000] "POST /login HTTP/1.1" 200 36890 "-" "Mozilla/5.0 (Macintosh; Intel Mac OS X 10_15_7)"
192.168.1.15 - - [01/Jan/2024:02:56:49 +0000] "GET /login HTTP/1.1" 200 42174 "https://example.com/api/products/42" "Mozilla/5.0 (Windows NT 10.0; Win64; x64) AppleWebKit/537.36"
192.168.1.13 - - [01/Jan/2024:02:57:06 +0000] "POST /api/orders/99 HTTP/1.1" 200 491 "https://example.com/logout" "python-requests/2.28.0"
192.168.1.5 - - [01/Jan/2024:02:57:38 +0000] "GET /api/auth/token HTTP/1.1" 200 24172 "-" "Mozilla/5.0 (Macintosh; Intel Mac OS X 10_15_7)"
192.168.1.8 - - [01/Jan/2024:02:57:56 +0000] "POST /health HTTP/1.1" 301 0 "https://example.com/api/users/1" "PostmanRuntime/7.29.0"
10.0.0.5 - - [01/Jan/2024:02:58:35 +0000] "GET /api/search?q=python HTTP/1.1" 200 23001 "-" "Mozilla/5.0 (Macintosh; Intel Mac OS X 10_15_7)"
192.168.1.12 - - [01/Jan/2024:02:59:10 +0000] "POST /static/style.css HTTP/1.1" 401 38877 "-" "curl/7.68.0"
10.0.0.1 - - [01/Jan/2024:02:59:15 +0000] "GET /static/style.css HTTP/1.1" 200 12196 "-" "curl/7.68.0"
203.0.113.3 - - [01/Jan/2024:02:59:52 +0000] "GET /favicon.ico HTTP/1.1" 200 37870 "-" "curl/7.68.0"
203.0.113.2 - - [01/Jan/2024:03:00:28 +0000] "POST /login HTTP/1.1" 400 11135 "-" "curl/7.68.0"
192.168.1.12 - - [01/Jan/2024:03:00:46 +0000] "GET /favicon.ico HTTP/1.1" 200 23729 "https://example.com/health" "curl/7.68.0"
192.168.1.13 - - [01/Jan/2024:03:01:30 +0000] "GET /api/auth/token HTTP/1.1" 204 0 "https://example.com/api/orders/99" "Mozilla/5.0 (Macintosh; Intel Mac OS X 10_15_7)"
10.0.0.7 - - [01/Jan/2024:03:01:54 +0000] "GET /health HTTP/1.1" 200 5617 "-" "curl/7.68.0"
192.168.1.19 - - [01/Jan/2024:03:02:01 +0000] "GET /dashboard HTTP/1.1" 302 0 "-" "Mozilla/5.0 (Macintosh; Intel Mac OS X 10_15_7)"
203.0.113.2 - - [01/Jan/2024:03:02:45 +0000] "POST /api/products HTTP/1.1" 400 7684 "-" "PostmanRuntime/7.29.0"
10.0.0.4 - - [01/Jan/2024:03:03:13 +0000] "DELETE /index.html HTTP/1.1" 503 47319 "-" "curl/7.68.0"
10.0.0.8 - - [01/Jan/2024:03:03:27 +0000] "PUT /dashboard HTTP/1.1" 200 2312 "-" "python-requests/2.28.0"
192.168.1.6 - - [01/Jan/2024:03:04:06 +0000] "GET /dashboard HTTP/1.1" 200 48540 "-" "python-requests/2.28.0"
10.0.0.8 - - [01/Jan/2024:03:04:25 +0000] "POST /api/orders HTTP/1.1" 200 13762 "https://example.com/api/search?q=python" "python-requests/2.28.0"
203.0.113.5 - - [01/Jan/2024:03:04:56 +0000] "POST /api/auth/token HTTP/1.1" 200 21410 "https://example.com/static/style.css" "python-requests/2.28.0"
192.168.1.18 - - [01/Jan/2024:03:05:43 +0000] "POST /api/products HTTP/1.1" 200 49358 "https://example.com/index.html" "python-requests/2.28.0"
192.168.1.9 - - [01/Jan/2024:03:06:06 +0000] "GET /dashboard HTTP/1.1" 200 46821 "-" "curl/7.68.0"
10.0.0.6 - - [01/Jan/2024:03:06:27 +0000] "GET /api/search?q=python HTTP/1.1" 401 17810 "https://example.com/api/products/42" "Mozilla/5.0 (Macintosh; Intel Mac OS X 10_15_7)"
192.168.1.5 - - [01/Jan/2024:03:07:00 +0000] "DELETE /api/users HTTP/1.1" 201 33991 "https://example.com/api/users/2" "Mozilla/5.0 (Macintosh; Intel Mac OS X 10_15_7)"
203.0.113.2 - - [01/Jan/2024:03:07:18 +0000] "POST / HTTP/1.1" 500 6304 "https://example.com/admin" "python-requests/2.28.0"
192.168.1.5 - - [01/Jan/2024:03:08:01 +0000] "POST /api/products/42 HTTP/1.1" 200 28357 "https://example.com/health" "python-requests/2.28.0"
10.0.0.1 - - [01/Jan/2024:03:08:30 +0000] "GET /api/users/1 HTTP/1.1" 302 0 "-" "PostmanRuntime/7.29.0"
203.0.113.2 - - [01/Jan/2024:03:08:57 +0000] "GET /index.html HTTP/1.1" 200 6725 "https://example.com/admin" "Mozilla/5.0 (Windows NT 10.0; Win64; x64) AppleWebKit/537.36"
192.168.1.8 - - [01/Jan/2024:03:09:27 +0000] "GET /admin HTTP/1.1" 201 244 "https://example.com/api/orders/99" "curl/7.68.0"
192.168.1.9 - - [01/Jan/2024:03:09:48 +0000] "GET /login HTTP/1.1" 200 6317 "https://example.com/static/app.js" "Mozilla/5.0 (Windows NT 10.0; Win64; x64) AppleWebKit/537.36"
10.0.0.4 - - [01/Jan/2024:03:10:17 +0000] "POST /login HTTP/1.1" 200 26174 "https://example.com/dashboard" "Mozilla/5.0 (Macintosh; Intel Mac OS X 10_15_7)"
192.168.1.6 - - [01/Jan/2024:03:10:46 +0000] "GET / HTTP/1.1" 200 31448 "-" "PostmanRuntime/7.29.0"
192.168.1.15 - - [01/Jan/2024:03:11:08 +0000] "POST /admin HTTP/1.1" 200 728 "https://example.com/api/products" "Mozilla/5.0 (Macintosh; Intel Mac OS X 10_15_7)"
192.168.1.9 - - [01/Jan/2024:03:11:35 +0000] "GET /dashboard HTTP/1.1" 200 6054 "https://example.com/api/products" "Mozilla/5.0 (Windows NT 10.0; Win64; x64) AppleWebKit/537.36"
10.0.0.1 - - [01/Jan/2024:03:11:59 +0000] "GET /api/orders HTTP/1.1" 200 49558 "https://example.com/api/orders" "Mozilla/5.0 (Windows NT 10.0; Win64; x64) AppleWebKit/537.36"
203.0.113.4 - - [01/Jan/2024:03:12:34 +0000] "GET /favicon.ico HTTP/1.1" 403 10955 "-" "curl/7.68.0"
192.168.1.10 - - [01/Jan/2024:03:12:57 +0000] "POST /admin HTTP/1.1" 200 5881 "https://example.com/api/orders" "Mozilla/5.0 (Windows NT 10.0; Win64; x64) AppleWebKit/537.36"
10.0.0.5 - - [01/Jan/2024:03:13:23 +0000] "GET /api/users/1 HTTP/1.1" 200 16438 "-" "Mozilla/5.0 (Windows NT 10.0; Win64; x64) AppleWebKit/537.36"
192.168.1.16 - - [01/Jan/2024:03:13:57 +0000] "POST /favicon.ico HTTP/1.1" 500 40019 "-" "Mozilla/5.0 (Windows NT 10.0; Win64; x64) AppleWebKit/537.36"
192.168.1.20 - - [01/Jan/2024:03:14:14 +0000] "POST /favicon.ico HTTP/1.1" 301 0 "-" "Mozilla/5.0 (Macintosh; Intel Mac OS X 10_15_7)"
192.168.1.19 - - [01/Jan/2024:03:14:56 +0000] "GET /dashboard HTTP/1.1" 204 0 "-" "curl/7.68.0"
203.0.113.2 - - [01/Jan/2024:03:15:24 +0000] "POST /api/users HTTP/1.1" 301 0 "https://example.com/" "python-requests/2.28.0"
10.0.0.1 - - [01/Jan/2024:03:15:36 +0000] "GET /api/search?q=python HTTP/1.1" 201 24147 "-" "curl/7.68.0"
203.0.113.1 - - [01/Jan/2024:03:16:24 +0000] "GET / HTTP/1.1" 400 4625 "-" "curl/7.68.0"
192.168.1.3 - - [01/Jan/2024:03:16:29 +0000] "DELETE /api/products/42 HTTP/1.1" 204 0 "-" "PostmanRuntime/7.29.0"
10.0.0.7 - - [01/Jan/2024:03:17:09 +0000] "PUT /api/products/42 HTTP/1.1" 200 42178 "-" "PostmanRuntime/7.29.0"
192.168.1.10 - - [01/Jan/2024:03:17:32 +0000] "GET /static/style.css HTTP/1.1" 200 33708 "https://example.com/api/orders" "PostmanRuntime/7.29.0"
10.0.0.1 - - [01/Jan/2024:03:18:04 +0000] "POST /api/users HTTP/1.1" 200 45988 "-" "curl/7.68.0"
192.168.1.4 - - [01/Jan/2024:03:18:27 +0000] "GET /api/orders/99 HTTP/1.1" 200 29912 "https://example.com/index.html" "python-requests/2.28.0"
192.168.1.12 - - [01/Jan/2024:03:18:51 +0000] "GET /api/orders HTTP/1.1" 404 943 "-" "python-requests/2.28.0"
203.0.113.4 - - [01/Jan/2024:03:19:32 +0000] "DELETE /static/app.js HTTP/1.1" 200 24570 "-" "python-requests/2.28.0"
192.168.1.8 - - [01/Jan/2024:03:20:08 +0000] "GET /api/users/1 HTTP/1.1" 201 18024 "-" "python-requests/2.28.0"
192.168.1.5 - - [01/Jan/2024:03:20:27 +0000] "GET /metrics HTTP/1.1" 200 3833 "-" "PostmanRuntime/7.29.0"
192.168.1.11 - - [01/Jan/2024:03:20:51 +0000] "GET /static/app.js HTTP/1.1" 200 37811 "https://example.com/api/products" "curl/7.68.0"
203.0.113.3 - - [01/Jan/2024:03:21:08 +0000] "GET / HTTP/1.1" 200 3213 "-" "Mozilla/5.0 (Macintosh; Intel Mac OS X 10_15_7)"
192.168.1.10 - - [01/Jan/2024:03:21:41 +0000] "GET /api/auth/token HTTP/1.1" 404 48740 "https://example.com/dashboard" "python-requests/2.28.0"
192.168.1.16 - - [01/Jan/2024:03:22:17 +0000] "PUT /api/users/1 HTTP/1.1" 200 5304 "-" "Mozilla/5.0 (Windows NT 10.0; Win64; x64) AppleWebKit/537.36"
203.0.113.3 - - [01/Jan/2024:03:22:53 +0000] "GET /login HTTP/1.1" 200 34001 "https://example.com/api/products/42" "Mozilla/5.0 (Windows NT 10.0; Win64; x64) AppleWebKit/537.36"
10.0.0.10 - - [01/Jan/2024:03:23:27 +0000] "GET /static/style.css HTTP/1.1" 200 5861 "-" "Mozilla/5.0 (Windows NT 10.0; Win64; x64) AppleWebKit/537.36"
10.0.0.4 - - [01/Jan/2024:03:23:34 +0000] "GET /api/search?q=python HTTP/1.1" 200 48668 "https://example.com/admin" "python-requests/2.28.0"
203.0.113.2 - - [01/Jan/2024:03:24:20 +0000] "DELETE /logout HTTP/1.1" 500 36019 "https://example.com/dashboard" "curl/7.68.0"
192.168.1.1 - - [01/Jan/2024:03:24:37 +0000] "GET /dashboard HTTP/1.1" 302 0 "-" "Mozilla/5.0 (Windows NT 10.0; Win64; x64) AppleWebKit/537.36"
10.0.0.2 - - [01/Jan/2024:03:24:52 +0000] "DELETE /api/products/42 HTTP/1.1" 500 47858 "-" "curl/7.68.0"
203.0.113.4 - - [01/Jan/2024:03:25:27 +0000] "GET /health HTTP/1.1" 200 9530 "https://example.com/api/users" "Mozilla/5.0 (Windows NT 10.0; Win64; x64) AppleWebKit/537.36"
192.168.1.15 - - [01/Jan/2024:03:26:15 +0000] "POST /api/orders/99 HTTP/1.1" 404 24611 "-" "Mozilla/5.0 (Windows NT 10.0; Win64; x64) AppleWebKit/537.36"
192.168.1.7 - - [01/Jan/2024:03:26:32 +0000] "GET /api/products/42 HTTP/1.1" 200 38990 "-" "Mozilla/5.0 (Macintosh; Intel Mac OS X 10_15_7)"
192.168.1.9 - - [01/Jan/2024:03:26:51 +0000] "GET /static/app.js HTTP/1.1" 200 25952 "https://example.com/api/users/1" "python-requests/2.28.0"
10.0.0.9 - - [01/Jan/2024:03:27:20 +0000] "GET /api/users HTTP/1.1" 200 9120 "https://example.com/api/search?q=python" "Mozilla/5.0 (Windows NT 10.0; Win64; x64) AppleWebKit/537.36"
192.168.1.10 - - [01/Jan/2024:03:27:43 +0000] "GET /admin HTTP/1.1" 201 20780 "-" "PostmanRuntime/7.29.0"
10.0.0.3 - - [01/Jan/2024:03:28:32 +0000] "GET /admin HTTP/1.1" 200 30565 "-" "Mozilla/5.0 (Windows NT 10.0; Win64; x64) AppleWebKit/537.36"
192.168.1.6 - - [01/Jan/2024:03:28:41 +0000] "DELETE /static/style.css HTTP/1.1" 404 45870 "https://example.com/logout" "python-requests/2.28.0"
192.168.1.10 - - [01/Jan/2024:03:29:06 +0000] "PUT /dashboard HTTP/1.1" 200 26168 "-" "python-requests/2.28.0"
192.168.1.17 - - [01/Jan/2024:03:29:58 +0000] "GET / HTTP/1.1" 201 29835 "-" "PostmanRuntime/7.29.0"
192.168.1.16 - - [01/Jan/2024:03:30:03 +0000] "GET /api/products HTTP/1.1" 200 8159 "-" "curl/7.68.0"
192.168.1.9 - - [01/Jan/2024:03:30:34 +0000] "GET /api/users/2 HTTP/1.1" 404 41507 "https://example.com/api/users" "PostmanRuntime/7.29.0"
192.168.1.17 - - [01/Jan/2024:03:31:22 +0000] "GET / HTTP/1.1" 200 13159 "https://example.com/admin" "curl/7.68.0"
192.168.1.6 - - [01/Jan/2024:03:31:51 +0000] "DELETE /api/users/1 HTTP/1.1" 200 2998 "https://example.com/index.html" "curl/7.68.0"
10.0.0.8 - - [01/Jan/2024:03:32:18 +0000] "PUT /api/products/42 HTTP/1.1" 204 0 "-" "Mozilla/5.0 (Macintosh; Intel Mac OS X 10_15_7)"
192.168.1.12 - - [01/Jan/2024:03:32:31 +0000] "GET /login HTTP/1.1" 200 18540 "-" "curl/7.68.0"
192.168.1.3 - - [01/Jan/2024:03:33:07 +0000] "POST /favicon.ico HTTP/1.1" 200 42620 "-" "Mozilla/5.0 (Macintosh; Intel Mac OS X 10_15_7)"
203.0.113.1 - - [01/Jan/2024:03:33:17 +0000] "GET /static/app.js HTTP/1.1" 200 9193 "-" "PostmanRuntime/7.29.0"
192.168.1.16 - - [01/Jan/2024:03:34:04 +0000] "DELETE /api/auth/token HTTP/1.1" 200 25267 "https://example.com/api/users/2" "Mozilla/5.0 (Macintosh; Intel Mac OS X 10_15_7)"
203.0.113.5 - - [01/Jan/2024:03:34:37 +0000] "GET /api/users/2 HTTP/1.1" 400 33124 "-" "python-requests/2.28.0"
192.168.1.12 - - [01/Jan/2024:03:34:40 +0000] "GET /favicon.ico HTTP/1.1" 200 2120 "https://example.com/static/app.js" "Mozilla/5.0 (Windows NT 10.0; Win64; x64) AppleWebKit/537.36"
203.0.113.1 - - [01/Jan/2024:03:35:24 +0000] "GET /api/search?q=python HTTP/1.1" 200 10661 "-" "curl/7.68.0"
192.168.1.18 - - [01/Jan/2024:03:35:53 +0000] "DELETE /index.html HTTP/1.1" 503 14579 "-" "Mozilla/5.0 (Macintosh; Intel Mac OS X 10_15_7)"
10.0.0.3 - - [01/Jan/2024:03:36:30 +0000] "GET /login HTTP/1.1" 200 39031 "-" "python-requests/2.28.0"
192.168.1.2 - - [01/Jan/2024:03:36:54 +0000] "PUT /api/users/2 HTTP/1.1" 400 37136 "-" "curl/7.68.0"
203.0.113.2 - - [01/Jan/2024:03:37:17 +0000] "GET /login HTTP/1.1" 204 0 "-" "Mozilla/5.0 (Windows NT 10.0; Win64; x64) AppleWebKit/537.36"
192.168.1.15 - - [01/Jan/2024:03:37:47 +0000] "GET / HTTP/1.1" 301 0 "-" "python-requests/2.28.0"
192.168.1.13 - - [01/Jan/2024:03:38:21 +0000] "GET /api/users/1 HTTP/1.1" 404 11830 "https://example.com/api/users/1" "Mozilla/5.0 (Windows NT 10.0; Win64; x64) AppleWebKit/537.36"
192.168.1.2 - - [01/Jan/2024:03:38:28 +0000] "POST /api/orders HTTP/1.1" 200 34691 "https://example.com/api/users" "python-requests/2.28.0"
10.0.0.6 - - [01/Jan/2024:03:39:10 +0000] "GET /api/users/1 HTTP/1.1" 200 21342 "-" "curl/7.68.0"
10.0.0.8 - - [01/Jan/2024:03:39:45 +0000] "POST /health HTTP/1.1" 403 20993 "-" "PostmanRuntime/7.29.0"
10.0.0.3 - - [01/Jan/2024:03:39:55 +0000] "POST /api/search?q=python HTTP/1.1" 200 24997 "-" "python-requests/2.28.0"
192.168.1.9 - - [01/Jan/2024:03:40:21 +0000] "PUT / HTTP/1.1" 404 37741 "-" "PostmanRuntime/7.29.0"
192.168.1.3 - - [01/Jan/2024:03:40:49 +0000] "POST /api/users/1 HTTP/1.1" 401 14676 "https://example.com/api/products" "Mozilla/5.0 (Macintosh; Intel Mac OS X 10_15_7)"
192.168.1.10 - - [01/Jan/2024:03:41:22 +0000] "PUT /api/users HTTP/1.1" 200 22928 "https://example.com/login" "Mozilla/5.0 (Windows NT 10.0; Win64; x64) AppleWebKit/537.36"
10.0.0.2 - - [01/Jan/2024:03:41:54 +0000] "GET /static/app.js HTTP/1.1" 200 16553 "https://example.com/api/users/2" "python-requests/2.28.0"
192.168.1.7 - - [01/Jan/2024:03:42:31 +0000] "GET /index.html HTTP/1.1" 200 28919 "https://example.com/login" "Mozilla/5.0 (Macintosh; Intel Mac OS X 10_15_7)"
203.0.113.2 - - [01/Jan/2024:03:42:48 +0000] "GET /api/auth/token HTTP/1.1" 200 6847 "https://example.com/api/search?q=python" "curl/7.68.0"
192.168.1.11 - - [01/Jan/2024:03:43:18 +0000] "GET /index.html HTTP/1.1" 200 1515 "-" "Mozilla/5.0 (Windows NT 10.0; Win64; x64) AppleWebKit/537.36"
192.168.1.5 - - [01/Jan/2024:03:43:42 +0000] "GET /api/products/42 HTTP/1.1" 200 48171 "-" "Mozilla/5.0 (Windows NT 10.0; Win64; x64) AppleWebKit/537.36"
10.0.0.2 - - [01/Jan/2024:03:44:19 +0000] "POST /health HTTP/1.1" 404 2231 "-" "curl/7.68.0"
10.0.0.8 - - [01/Jan/2024:03:44:33 +0000] "GET /api/products HTTP/1.1" 200 13670 "https://example.com/api/orders/99" "PostmanRuntime/7.29.0"
203.0.113.5 - - [01/Jan/2024:03:45:04 +0000] "POST /static/style.css HTTP/1.1" 200 15767 "-" "Mozilla/5.0 (Macintosh; Intel Mac OS X 10_15_7)"
203.0.113.2 - - [01/Jan/2024:03:45:28 +0000] "GET /api/users/2 HTTP/1.1" 200 28223 "-" "PostmanRuntime/7.29.0"
203.0.113.1 - - [01/Jan/2024:03:45:58 +0000] "GET / HTTP/1.1" 200 11395 "https://example.com/api/users" "Mozilla/5.0 (Macintosh; Intel Mac OS X 10_15_7)"
192.168.1.8 - - [01/Jan/2024:03:46:29 +0000] "DELETE /api/products/42 HTTP/1.1" 204 0 "-" "python-requests/2.28.0"
192.168.1.6 - - [01/Jan/2024:03:47:08 +0000] "POST /api/products/42 HTTP/1.1" 200 24515 "https://example.com/api/users/2" "curl/7.68.0"
10.0.0.9 - - [01/Jan/2024:03:47:17 +0000] "GET /admin HTTP/1.1" 201 17462 "-" "python-requests/2.28.0"
192.168.1.4 - - [01/Jan/2024:03:47:48 +0000] "DELETE /api/products HTTP/1.1" 200 43987 "-" "PostmanRuntime/7.29.0"
10.0.0.7 - - [01/Jan/2024:03:48:36 +0000] "POST /dashboard HTTP/1.1" 302 0 "-" "Mozilla/5.0 (Macintosh; Intel Mac OS X 10_15_7)"
203.0.113.4 - - [01/Jan/2024:03:48:53 +0000] "POST /health HTTP/1.1" 400 15643 "-" "Mozilla/5.0 (Windows NT 10.0; Win64; x64) AppleWebKit/537.36"
10.0.0.6 - - [01/Jan/2024:03:49:35 +0000] "PUT /index.html HTTP/1.1" 204 0 "-" "PostmanRuntime/7.29.0"
192.168.1.10 - - [01/Jan/2024:03:49:39 +0000] "DELETE /admin HTTP/1.1" 200 11155 "https://example.com/logout" "curl/7.68.0"
192.168.1.3 - - [01/Jan/2024:03:50:17 +0000] "GET /api/orders/99 HTTP/1.1" 200 41305 "-" "PostmanRuntime/7.29.0"
192.168.1.17 - - [01/Jan/2024:03:50:42 +0000] "PUT /api/users HTTP/1.1" 200 25634 "-" "PostmanRuntime/7.29.0"
10.0.0.1 - - [01/Jan/2024:03:51:27 +0000] "GET /metrics HTTP/1.1" 201 1010 "https://example.com/favicon.ico" "PostmanRuntime/7.29.0"
203.0.113.4 - - [01/Jan/2024:03:51:53 +0000] "GET /api/products HTTP/1.1" 201 10006 "-" "PostmanRuntime/7.29.0"
192.168.1.7 - - [01/Jan/2024:03:51:59 +0000] "POST /api/products HTTP/1.1" 200 35303 "https://example.com/api/orders/99" "python-requests/2.28.0"
10.0.0.5 - - [01/Jan/2024:03:52:44 +0000] "GET /api/search?q=python HTTP/1.1" 401 31201 "-" "python-requests/2.28.0"
10.0.0.6 - - [01/Jan/2024:03:52:56 +0000] "POST /favicon.ico HTTP/1.1" 404 45659 "-" "Mozilla/5.0 (Macintosh; Intel Mac OS X 10_15_7)"
10.0.0.2 - - [01/Jan/2024:03:53:42 +0000] "GET /index.html HTTP/1.1" 500 31343 "https://example.com/api/users/2" "Mozilla/5.0 (Windows NT 10.0; Win64; x64) AppleWebKit/537.36"
10.0.0.2 - - [01/Jan/2024:03:54:14 +0000] "DELETE /static/style.css HTTP/1.1" 200 18572 "https://example.com/api/products" "curl/7.68.0"
192.168.1.9 - - [01/Jan/2024:03:54:25 +0000] "PUT /admin HTTP/1.1" 200 17856 "https://example.com/favicon.ico" "Mozilla/5.0 (Windows NT 10.0; Win64; x64) AppleWebKit/537.36"
192.168.1.13 - - [01/Jan/2024:03:54:58 +0000] "GET /api/orders/99 HTTP/1.1" 500 31949 "https://example.com/api/users/2" "Mozilla/5.0 (Windows NT 10.0; Win64; x64) AppleWebKit/537.36"
203.0.113.3 - - [01/Jan/2024:03:55:37 +0000] "GET /api/users HTTP/1.1" 200 46702 "-" "curl/7.68.0"
203.0.113.4 - - [01/Jan/2024:03:55:58 +0000] "GET /login HTTP/1.1" 200 13354 "https://example.com/dashboard" "Mozilla/5.0 (Windows NT 10.0; Win64; x64) AppleWebKit/537.36"
10.0.0.10 - - [01/Jan/2024:03:56:09 +0000] "GET /logout HTTP/1.1" 200 24340 "https://example.com/metrics" "Mozilla/5.0 (Macintosh; Intel Mac OS X 10_15_7)"
192.168.1.8 - - [01/Jan/2024:03:56:57 +0000] "GET /dashboard HTTP/1.1" 200 32233 "-" "curl/7.68.0"
203.0.113.1 - - [01/Jan/2024:03:57:22 +0000] "POST /api/users/2 HTTP/1.1" 200 10916 "https://example.com/static/app.js" "Mozilla/5.0 (Windows NT 10.0; Win64; x64) AppleWebKit/537.36"
192.168.1.19 - - [01/Jan/2024:03:57:32 +0000] "GET /index.html HTTP/1.1" 200 37703 "https://example.com/logout" "curl/7.68.0"
192.168.1.15 - - [01/Jan/2024:03:58:21 +0000] "GET /static/app.js HTTP/1.1" 403 27037 "-" "Mozilla/5.0 (Windows NT 10.0; Win64; x64) AppleWebKit/537.36"
203.0.113.1 - - [01/Jan/2024:03:58:32 +0000] "POST /login HTTP/1.1" 401 754 "-" "PostmanRuntime/7.29.0"
192.168.1.20 - - [01/Jan/2024:03:59:18 +0000] "PUT /static/app.js HTTP/1.1" 201 24872 "https://example.com/admin" "python-requests/2.28.0"
192.168.1.14 - - [01/Jan/2024:03:59:38 +0000] "GET /metrics HTTP/1.1" 401 26227 "-" "Mozilla/5.0 (Windows NT 10.0; Win64; x64) AppleWebKit/537.36"
203.0.113.3 - - [01/Jan/2024:04:00:13 +0000] "GET /api/auth/token HTTP/1.1" 403 39113 "https://example.com/static/style.css" "Mozilla/5.0 (Windows NT 10.0; Win64; x64) AppleWebKit/537.36"
203.0.113.1 - - [01/Jan/2024:04:00:22 +0000] "GET /static/app.js HTTP/1.1" 403 21508 "https://example.com/static/app.js" "python-requests/2.28.0"
192.168.1.13 - - [01/Jan/2024:04:00:52 +0000] "POST /dashboard HTTP/1.1" 200 39523 "-" "python-requests/2.28.0"
192.168.1.9 - - [01/Jan/2024:04:01:39 +0000] "GET /health HTTP/1.1" 200 17201 "https://example.com/api/products/42" "Mozilla/5.0 (Macintosh; Intel Mac OS X 10_15_7)"
192.168.1.3 - - [01/Jan/2024:04:02:02 +0000] "PUT /api/search?q=python HTTP/1.1" 200 22689 "https://example.com/dashboard" "PostmanRuntime/7.29.0"
203.0.113.1 - - [01/Jan/2024:04:02:33 +0000] "GET /metrics HTTP/1.1" 200 11340 "https://example.com/api/auth/token" "curl/7.68.0"
192.168.1.19 - - [01/Jan/2024:04:02:43 +0000] "GET /api/orders HTTP/1.1" 500 17151 "https://example.com/api/auth/token" "curl/7.68.0"
10.0.0.2 - - [01/Jan/2024:04:03:28 +0000] "GET /dashboard HTTP/1.1" 200 14836 "https://example.com/static/style.css" "Mozilla/5.0 (Macintosh; Intel Mac OS X 10_15_7)"
10.0.0.2 - - [01/Jan/2024:04:03:47 +0000] "GET /api/search?q=python HTTP/1.1" 200 30593 "https://example.com/health" "Mozilla/5.0 (Windows NT 10.0; Win64; x64) AppleWebKit/537.36"
192.168.1.5 - - [01/Jan/2024:04:04:19 +0000] "GET /metrics HTTP/1.1" 200 44810 "-" "python-requests/2.28.0"
10.0.0.7 - - [01/Jan/2024:04:04:33 +0000] "GET /api/orders HTTP/1.1" 200 22657 "-" "PostmanRuntime/7.29.0"
10.0.0.10 - - [01/Jan/2024:04:05:04 +0000] "GET /login HTTP/1.1" 200 32154 "-" "curl/7.68.0"
10.0.0.1 - - [01/Jan/2024:04:05:48 +0000] "GET / HTTP/1.1" 201 18125 "-" "curl/7.68.0"
192.168.1.11 - - [01/Jan/2024:04:06:11 +0000] "DELETE /api/users HTTP/1.1" 200 40470 "-" "Mozilla/5.0 (Macintosh; Intel Mac OS X 10_15_7)"
10.0.0.6 - - [01/Jan/2024:04:06:37 +0000] "GET /api/products/42 HTTP/1.1" 200 2672 "-" "python-requests/2.28.0"
192.168.1.1 - - [01/Jan/2024:04:07:02 +0000] "DELETE /metrics HTTP/1.1" 200 1374 "https://example.com/dashboard" "curl/7.68.0"
10.0.0.3 - - [01/Jan/2024:04:07:29 +0000] "GET /api/products HTTP/1.1" 200 33186 "-" "curl/7.68.0"
192.168.1.5 - - [01/Jan/2024:04:08:14 +0000] "GET /static/style.css HTTP/1.1" 200 30079 "https://example.com/favicon.ico" "PostmanRuntime/7.29.0"
10.0.0.2 - - [01/Jan/2024:04:08:29 +0000] "POST /api/orders HTTP/1.1" 200 32324 "-" "curl/7.68.0"
192.168.1.11 - - [01/Jan/2024:04:09:09 +0000] "GET / HTTP/1.1" 200 14901 "https://example.com/api/orders" "curl/7.68.0"
192.168.1.2 - - [01/Jan/2024:04:09:30 +0000] "POST /login HTTP/1.1" 200 24224 "https://example.com/index.html" "Mozilla/5.0 (Macintosh; Intel Mac OS X 10_15_7)"
192.168.1.17 - - [01/Jan/2024:04:10:04 +0000] "POST /favicon.ico HTTP/1.1" 200 39123 "https://example.com/api/products" "Mozilla/5.0 (Windows NT 10.0; Win64; x64) AppleWebKit/537.36"
192.168.1.4 - - [01/Jan/2024:04:10:30 +0000] "GET /api/orders/99 HTTP/1.1" 201 25120 "-" "python-requests/2.28.0"
203.0.113.1 - - [01/Jan/2024:04:10:58 +0000] "GET /logout HTTP/1.1" 404 45140 "https://example.com/static/style.css" "Mozilla/5.0 (Macintosh; Intel Mac OS X 10_15_7)"
192.168.1.7 - - [01/Jan/2024:04:11:25 +0000] "POST /static/app.js HTTP/1.1" 401 39890 "https://example.com/api/orders/99" "Mozilla/5.0 (Windows NT 10.0; Win64; x64) AppleWebKit/537.36"
203.0.113.3 - - [01/Jan/2024:04:11:55 +0000] "POST /api/products HTTP/1.1" 200 7671 "https://example.com/health" "curl/7.68.0"
192.168.1.13 - - [01/Jan/2024:04:12:24 +0000] "GET /metrics HTTP/1.1" 200 23656 "https://example.com/static/style.css" "curl/7.68.0"
192.168.1.3 - - [01/Jan/2024:04:12:45 +0000] "GET /logout HTTP/1.1" 404 31700 "-" "Mozilla/5.0 (Windows NT 10.0; Win64; x64) AppleWebKit/537.36"
192.168.1.1 - - [01/Jan/2024:04:13:17 +0000] "GET /api/products HTTP/1.1" 400 44045 "-" "Mozilla/5.0 (Windows NT 10.0; Win64; x64) AppleWebKit/537.36"
203.0.113.3 - - [01/Jan/2024:04:13:26 +0000] "PUT /api/products HTTP/1.1" 200 42427 "-" "python-requests/2.28.0"
192.168.1.17 - - [01/Jan/2024:04:14:06 +0000] "GET /api/products HTTP/1.1" 200 2785 "https://example.com/api/users/2" "python-requests/2.28.0"
10.0.0.8 - - [01/Jan/2024:04:14:43 +0000] "GET /api/products HTTP/1.1" 503 3207 "-" "curl/7.68.0"
192.168.1.11 - - [01/Jan/2024:04:14:58 +0000] "GET /admin HTTP/1.1" 401 17783 "https://example.com/api/users" "python-requests/2.28.0"
10.0.0.2 - - [01/Jan/2024:04:15:21 +0000] "GET /api/products/42 HTTP/1.1" 201 30119 "-" "Mozilla/5.0 (Macintosh; Intel Mac OS X 10_15_7)"
203.0.113.1 - - [01/Jan/2024:04:16:09 +0000] "GET /login HTTP/1.1" 200 8884 "https://example.com/index.html" "curl/7.68.0"
192.168.1.7 - - [01/Jan/2024:04:16:25 +0000] "POST /health HTTP/1.1" 400 44659 "-" "PostmanRuntime/7.29.0"
10.0.0.5 - - [01/Jan/2024:04:17:04 +0000] "GET /favicon.ico HTTP/1.1" 200 45057 "https://example.com/api/orders" "Mozilla/5.0 (Macintosh; Intel Mac OS X 10_15_7)"
203.0.113.2 - - [01/Jan/2024:04:17:11 +0000] "GET /admin HTTP/1.1" 200 4350 "-" "python-requests/2.28.0"
192.168.1.1 - - [01/Jan/2024:04:17:58 +0000] "POST /metrics HTTP/1.1" 500 37991 "https://example.com/dashboard" "python-requests/2.28.0"
203.0.113.4 - - [01/Jan/2024:04:18:20 +0000] "PUT /favicon.ico HTTP/1.1" 200 28567 "https://example.com/dashboard" "Mozilla/5.0 (Macintosh; Intel Mac OS X 10_15_7)"
10.0.0.3 - - [01/Jan/2024:04:18:53 +0000] "POST /api/products/42 HTTP/1.1" 200 36791 "https://example.com/favicon.ico" "Mozilla/5.0 (Windows NT 10.0; Win64; x64) AppleWebKit/537.36"
192.168.1.1 - - [01/Jan/2024:04:19:20 +0000] "GET /metrics HTTP/1.1" 204 0 "https://example.com/login" "Mozilla/5.0 (Windows NT 10.0; Win64; x64) AppleWebKit/537.36"
203.0.113.2 - - [01/Jan/2024:04:19:38 +0000] "GET /api/users/1 HTTP/1.1" 200 3499 "-" "PostmanRuntime/7.29.0"
10.0.0.5 - - [01/Jan/2024:04:20:08 +0000] "GET /api/users HTTP/1.1" 201 29310 "https://example.com/admin" "Mozilla/5.0 (Windows NT 10.0; Win64; x64) AppleWebKit/537.36"
203.0.113.2 - - [01/Jan/2024:04:20:38 +0000] "GET /api/products HTTP/1.1" 204 0 "https://example.com/" "Mozilla/5.0 (Windows NT 10.0; Win64; x64) AppleWebKit/537.36"
10.0.0.6 - - [01/Jan/2024:04:21:05 +0000] "GET /api/auth/token HTTP/1.1" 302 0 "-" "Mozilla/5.0 (Windows NT 10.0; Win64; x64) AppleWebKit/537.36"
192.168.1.20 - - [01/Jan/2024:04:21:36 +0000] "POST /logout HTTP/1.1" 403 44205 "-" "python-requests/2.28.0"
10.0.0.4 - - [01/Jan/2024:04:22:14 +0000] "GET /dashboard HTTP/1.1" 201 21956 "-" "PostmanRuntime/7.29.0"
203.0.113.1 - - [01/Jan/2024:04:22:38 +0000] "POST /api/users/2 HTTP/1.1" 404 29857 "-" "curl/7.68.0"
192.168.1.1 - - [01/Jan/2024:04:22:54 +0000] "GET /static/style.css HTTP/1.1" 302 0 "-" "Mozilla/5.0 (Windows NT 10.0; Win64; x64) AppleWebKit/537.36"
192.168.1.3 - - [01/Jan/2024:04:23:17 +0000] "GET /api/orders HTTP/1.1" 404 48861 "https://example.com/api/products" "python-requests/2.28.0"
192.168.1.13 - - [01/Jan/2024:04:23:46 +0000] "GET /api/products/42 HTTP/1.1" 200 30152 "https://example.com/logout" "python-requests/2.28.0"
192.168.1.7 - - [01/Jan/2024:04:24:32 +0000] "GET /index.html HTTP/1.1" 403 44249 "-" "Mozilla/5.0 (Macintosh; Intel Mac OS X 10_15_7)"
10.0.0.10 - - [01/Jan/2024:04:24:57 +0000] "POST /metrics HTTP/1.1" 200 32891 "-" "Mozilla/5.0 (Windows NT 10.0; Win64; x64) AppleWebKit/537.36"
10.0.0.8 - - [01/Jan/2024:04:25:30 +0000] "POST /health HTTP/1.1" 301 0 "https://example.com/login" "PostmanRuntime/7.29.0"
192.168.1.12 - - [01/Jan/2024:04:25:55 +0000] "GET /api/products HTTP/1.1" 200 43291 "https://example.com/api/users/1" "PostmanRuntime/7.29.0"
10.0.0.5 - - [01/Jan/2024:04:26:13 +0000] "POST /dashboard HTTP/1.1" 200 26274 "https://example.com/static/style.css" "Mozilla/5.0 (Macintosh; Intel Mac OS X 10_15_7)"
192.168.1.9 - - [01/Jan/2024:04:26:32 +0000] "GET /favicon.ico HTTP/1.1" 404 49248 "-" "PostmanRuntime/7.29.0"
10.0.0.1 - - [01/Jan/2024:04:27:18 +0000] "PUT /api/auth/token HTTP/1.1" 401 14443 "-" "PostmanRuntime/7.29.0"
192.168.1.19 - - [01/Jan/2024:04:27:45 +0000] "GET /api/orders HTTP/1.1" 404 42804 "https://example.com/login" "PostmanRuntime/7.29.0"
203.0.113.5 - - [01/Jan/2024:04:28:14 +0000] "POST /api/users/1 HTTP/1.1" 404 7763 "https://example.com/api/auth/token" "Mozilla/5.0 (Macintosh; Intel Mac OS X 10_15_7)"
10.0.0.7 - - [01/Jan/2024:04:28:41 +0000] "PUT /api/auth/token HTTP/1.1" 200 27881 "https://example.com/metrics" "Mozilla/5.0 (Windows NT 10.0; Win64; x64) AppleWebKit/537.36"
192.168.1.2 - - [01/Jan/2024:04:29:00 +0000] "GET /index.html HTTP/1.1" 404 3909 "-" "curl/7.68.0"
192.168.1.19 - - [01/Jan/2024:04:29:37 +0000] "GET /api/orders HTTP/1.1" 200 45458 "https://example.com/logout" "PostmanRuntime/7.29.0"
192.168.1.3 - - [01/Jan/2024:04:29:55 +0000] "GET /api/products HTTP/1.1" 401 44471 "https://example.com/dashboard" "PostmanRuntime/7.29.0"
10.0.0.5 - - [01/Jan/2024:04:30:19 +0000] "POST /static/style.css HTTP/1.1" 404 43748 "-" "Mozilla/5.0 (Macintosh; Intel Mac OS X 10_15_7)"
10.0.0.5 - - [01/Jan/2024:04:30:53 +0000] "DELETE /api/users/1 HTTP/1.1" 302 0 "-" "python-requests/2.28.0"
192.168.1.13 - - [01/Jan/2024:04:31:27 +0000] "DELETE /admin HTTP/1.1" 200 41735 "https://example.com/api/users/2" "PostmanRuntime/7.29.0"
203.0.113.5 - - [01/Jan/2024:04:31:59 +0000] "POST /logout HTTP/1.1" 500 12881 "-" "curl/7.68.0"
192.168.1.5 - - [01/Jan/2024:04:32:09 +0000] "GET /metrics HTTP/1.1" 200 24920 "-" "python-requests/2.28.0"
192.168.1.17 - - [01/Jan/2024:04:32:36 +0000] "GET /api/search?q=python HTTP/1.1" 200 569 "-" "curl/7.68.0"
192.168.1.3 - - [01/Jan/2024:04:33:04 +0000] "GET /favicon.ico HTTP/1.1" 200 41184 "https://example.com/static/style.css" "Mozilla/5.0 (Macintosh; Intel Mac OS X 10_15_7)"
10.0.0.3 - - [01/Jan/2024:04:33:30 +0000] "DELETE /api/users/1 HTTP/1.1" 301 0 "-" "curl/7.68.0"
203.0.113.4 - - [01/Jan/2024:04:33:58 +0000] "DELETE /metrics HTTP/1.1" 200 27458 "-" "Mozilla/5.0 (Macintosh; Intel Mac OS X 10_15_7)"
192.168.1.6 - - [01/Jan/2024:04:34:35 +0000] "GET /logout HTTP/1.1" 404 21950 "-" "python-requests/2.28.0"
192.168.1.14 - - [01/Jan/2024:04:35:16 +0000] "POST /metrics HTTP/1.1" 204 0 "https://example.com/" "Mozilla/5.0 (Windows NT 10.0; Win64; x64) AppleWebKit/537.36"
10.0.0.3 - - [01/Jan/2024:04:35:34 +0000] "GET /favicon.ico HTTP/1.1" 401 16179 "https://example.com/api/users/1" "Mozilla/5.0 (Macintosh; Intel Mac OS X 10_15_7)"
192.168.1.8 - - [01/Jan/2024:04:36:00 +0000] "GET /api/auth/token HTTP/1.1" 500 18735 "-" "PostmanRuntime/7.29.0"
10.0.0.4 - - [01/Jan/2024:04:36:32 +0000] "DELETE /metrics HTTP/1.1" 201 32103 "-" "curl/7.68.0"
10.0.0.1 - - [01/Jan/2024:04:37:00 +0000] "GET /api/products HTTP/1.1" 200 35456 "-" "Mozilla/5.0 (Windows NT 10.0; Win64; x64) AppleWebKit/537.36"
192.168.1.14 - - [01/Jan/2024:04:37:33 +0000] "POST /logout HTTP/1.1" 404 28000 "https://example.com/logout" "PostmanRuntime/7.29.0"
10.0.0.8 - - [01/Jan/2024:04:38:00 +0000] "GET /api/orders HTTP/1.1" 200 30295 "https://example.com/index.html" "Mozilla/5.0 (Windows NT 10.0; Win64; x64) AppleWebKit/537.36"
192.168.1.5 - - [01/Jan/2024:04:38:09 +0000] "GET /static/app.js HTTP/1.1" 400 4816 "-" "curl/7.68.0"
192.168.1.17 - - [01/Jan/2024:04:38:49 +0000] "GET /admin HTTP/1.1" 401 26705 "-" "Mozilla/5.0 (Windows NT 10.0; Win64; x64) AppleWebKit/537.36"
10.0.0.5 - - [01/Jan/2024:04:39:25 +0000] "GET /api/auth/token HTTP/1.1" 200 42236 "https://example.com/api/users" "PostmanRuntime/7.29.0"
192.168.1.3 - - [01/Jan/2024:04:39:54 +0000] "GET /api/users/2 HTTP/1.1" 204 0 "-" "python-requests/2.28.0"
192.168.1.6 - - [01/Jan/2024:04:40:09 +0000] "DELETE /admin HTTP/1.1" 200 26094 "https://example.com/" "Mozilla/5.0 (Macintosh; Intel Mac OS X 10_15_7)"
192.168.1.11 - - [01/Jan/2024:04:40:45 +0000] "GET /api/orders HTTP/1.1" 500 25824 "https://example.com/api/auth/token" "python-requests/2.28.0"
192.168.1.10 - - [01/Jan/2024:04:41:05 +0000] "POST /api/users/2 HTTP/1.1" 200 36475 "https://example.com/api/orders" "Mozilla/5.0 (Windows NT 10.0; Win64; x64) AppleWebKit/537.36"
192.168.1.3 - - [01/Jan/2024:04:41:24 +0000] "POST /favicon.ico HTTP/1.1" 201 35402 "-" "Mozilla/5.0 (Windows NT 10.0; Win64; x64) AppleWebKit/537.36"
192.168.1.20 - - [01/Jan/2024:04:41:58 +0000] "PUT /api/users/2 HTTP/1.1" 200 27243 "https://example.com/metrics" "curl/7.68.0"
192.168.1.11 - - [01/Jan/2024:04:42:25 +0000] "GET /favicon.ico HTTP/1.1" 200 12935 "-" "PostmanRuntime/7.29.0"
192.168.1.4 - - [01/Jan/2024:04:43:15 +0000] "DELETE /api/auth/token HTTP/1.1" 201 42449 "-" "python-requests/2.28.0"
192.168.1.5 - - [01/Jan/2024:04:43:24 +0000] "GET /logout HTTP/1.1" 500 38249 "-" "python-requests/2.28.0"
10.0.0.3 - - [01/Jan/2024:04:43:48 +0000] "POST /dashboard HTTP/1.1" 200 18886 "https://example.com/logout" "python-requests/2.28.0"
203.0.113.2 - - [01/Jan/2024:04:44:26 +0000] "GET /favicon.ico HTTP/1.1" 404 20232 "https://example.com/api/orders" "PostmanRuntime/7.29.0"
10.0.0.4 - - [01/Jan/2024:04:45:05 +0000] "GET /api/orders/99 HTTP/1.1" 200 516 "-" "curl/7.68.0"
10.0.0.8 - - [01/Jan/2024:04:45:16 +0000] "GET /api/orders HTTP/1.1" 404 48236 "-" "Mozilla/5.0 (Macintosh; Intel Mac OS X 10_15_7)"
10.0.0.10 - - [01/Jan/2024:04:45:50 +0000] "GET /static/style.css HTTP/1.1" 204 0 "-" "curl/7.68.0"
192.168.1.6 - - [01/Jan/2024:04:46:30 +0000] "GET /api/orders HTTP/1.1" 302 0 "-" "Mozilla/5.0 (Windows NT 10.0; Win64; x64) AppleWebKit/537.36"
192.168.1.5 - - [01/Jan/2024:04:46:32 +0000] "POST / HTTP/1.1" 400 38138 "-" "PostmanRuntime/7.29.0"
192.168.1.14 - - [01/Jan/2024:04:47:01 +0000] "POST /static/app.js HTTP/1.1" 302 0 "https://example.com/api/auth/token" "Mozilla/5.0 (Macintosh; Intel Mac OS X 10_15_7)"
192.168.1.10 - - [01/Jan/2024:04:47:39 +0000] "GET /dashboard HTTP/1.1" 400 48252 "https://example.com/api/orders" "Mozilla/5.0 (Macintosh; Intel Mac OS X 10_15_7)"
203.0.113.3 - - [01/Jan/2024:04:48:12 +0000] "GET /api/products/42 HTTP/1.1" 200 33110 "-" "curl/7.68.0"
192.168.1.11 - - [01/Jan/2024:04:48:48 +0000] "POST /api/orders HTTP/1.1" 201 10634 "-" "PostmanRuntime/7.29.0"
192.168.1.10 - - [01/Jan/2024:04:49:15 +0000] "PUT /health HTTP/1.1" 200 2848 "-" "Mozilla/5.0 (Macintosh; Intel Mac OS X 10_15_7)"
192.168.1.15 - - [01/Jan/2024:04:49:22 +0000] "GET /api/users/2 HTTP/1.1" 200 3005 "https://example.com/metrics" "python-requests/2.28.0"
10.0.0.5 - - [01/Jan/2024:04:50:03 +0000] "GET /index.html HTTP/1.1" 200 42701 "-" "PostmanRuntime/7.29.0"
192.168.1.18 - - [01/Jan/2024:04:50:42 +0000] "PUT /static/app.js HTTP/1.1" 400 35874 "-" "Mozilla/5.0 (Macintosh; Intel Mac OS X 10_15_7)"
10.0.0.5 - - [01/Jan/2024:04:50:55 +0000] "POST /api/users HTTP/1.1" 301 0 "-" "curl/7.68.0"
203.0.113.4 - - [01/Jan/2024:04:51:24 +0000] "GET /api/users/2 HTTP/1.1" 204 0 "https://example.com/favicon.ico" "Mozilla/5.0 (Windows NT 10.0; Win64; x64) AppleWebKit/537.36"
203.0.113.3 - - [01/Jan/2024:04:51:44 +0000] "GET /login HTTP/1.1" 200 5252 "-" "python-requests/2.28.0"
192.168.1.14 - - [01/Jan/2024:04:52:12 +0000] "GET /login HTTP/1.1" 200 39654 "https://example.com/api/products" "curl/7.68.0"
10.0.0.7 - - [01/Jan/2024:04:53:01 +0000] "GET /api/products HTTP/1.1" 204 0 "https://example.com/health" "curl/7.68.0"
192.168.1.11 - - [01/Jan/2024:04:53:24 +0000] "GET / HTTP/1.1" 200 3027 "-" "PostmanRuntime/7.29.0"
192.168.1.11 - - [01/Jan/2024:04:53:36 +0000] "POST /metrics HTTP/1.1" 200 37704 "-" "curl/7.68.0"
192.168.1.17 - - [01/Jan/2024:04:54:05 +0000] "POST /api/products/42 HTTP/1.1" 401 37136 "https://example.com/static/style.css" "Mozilla/5.0 (Windows NT 10.0; Win64; x64) AppleWebKit/537.36"
192.168.1.14 - - [01/Jan/2024:04:54:42 +0000] "POST /health HTTP/1.1" 204 0 "-" "Mozilla/5.0 (Macintosh; Intel Mac OS X 10_15_7)"
192.168.1.10 - - [01/Jan/2024:04:55:21 +0000] "POST /login HTTP/1.1" 401 43430 "-" "curl/7.68.0"
10.0.0.2 - - [01/Jan/2024:04:55:38 +0000] "POST /api/search?q=python HTTP/1.1" 200 15261 "-" "curl/7.68.0"
192.168.1.7 - - [01/Jan/2024:04:55:52 +0000] "GET /metrics HTTP/1.1" 204 0 "https://example.com/api/orders" "PostmanRuntime/7.29.0"
192.168.1.7 - - [01/Jan/2024:04:56:25 +0000] "GET /favicon.ico HTTP/1.1" 401 2758 "https://example.com/api/auth/token" "PostmanRuntime/7.29.0"
192.168.1.8 - - [01/Jan/2024:04:56:50 +0000] "GET /api/orders HTTP/1.1" 401 35542 "https://example.com/api/orders/99" "PostmanRuntime/7.29.0"
10.0.0.7 - - [01/Jan/2024:04:57:27 +0000] "GET /metrics HTTP/1.1" 201 15239 "https://example.com/health" "Mozilla/5.0 (Macintosh; Intel Mac OS X 10_15_7)"
10.0.0.3 - - [01/Jan/2024:04:58:02 +0000] "DELETE /api/search?q=python HTTP/1.1" 200 28084 "-" "Mozilla/5.0 (Macintosh; Intel Mac OS X 10_15_7)"
192.168.1.15 - - [01/Jan/2024:04:58:39 +0000] "GET /static/style.css HTTP/1.1" 401 35833 "-" "curl/7.68.0"
192.168.1.1 - - [01/Jan/2024:04:59:02 +0000] "PUT / HTTP/1.1" 400 34445 "-" "Mozilla/5.0 (Windows NT 10.0; Win64; x64) AppleWebKit/537.36"
10.0.0.5 - - [01/Jan/2024:04:59:28 +0000] "GET /api/users/1 HTTP/1.1" 201 23941 "-" "Mozilla/5.0 (Macintosh; Intel Mac OS X 10_15_7)"
192.168.1.17 - - [01/Jan/2024:04:59:44 +0000] "POST /api/orders/99 HTTP/1.1" 400 24162 "https://example.com/api/products/42" "curl/7.68.0"
10.0.0.7 - - [01/Jan/2024:05:00:21 +0000] "DELETE /api/auth/token HTTP/1.1" 204 0 "-" "PostmanRuntime/7.29.0"
203.0.113.1 - - [01/Jan/2024:05:00:40 +0000] "GET /api/search?q=python HTTP/1.1" 200 46435 "-" "curl/7.68.0"
192.168.1.8 - - [01/Jan/2024:05:01:23 +0000] "GET /admin HTTP/1.1" 404 10803 "-" "PostmanRuntime/7.29.0"
10.0.0.6 - - [01/Jan/2024:05:01:53 +0000] "GET /api/auth/token HTTP/1.1" 401 45882 "https://example.com/index.html" "curl/7.68.0"
10.0.0.5 - - [01/Jan/2024:05:02:16 +0000] "GET /api/users HTTP/1.1" 200 31111 "https://example.com/api/orders/99" "Mozilla/5.0 (Windows NT 10.0; Win64; x64) AppleWebKit/537.36"
192.168.1.5 - - [01/Jan/2024:05:02:32 +0000] "GET /api/users/2 HTTP/1.1" 200 40113 "-" "Mozilla/5.0 (Macintosh; Intel Mac OS X 10_15_7)"
10.0.0.6 - - [01/Jan/2024:05:03:11 +0000] "POST /metrics HTTP/1.1" 200 46835 "https://example.com/index.html" "curl/7.68.0"
203.0.113.2 - - [01/Jan/2024:05:03:34 +0000] "GET /logout HTTP/1.1" 404 34157 "-" "Mozilla/5.0 (Windows NT 10.0; Win64; x64) AppleWebKit/537.36"
203.0.113.3 - - [01/Jan/2024:05:04:04 +0000] "PUT /dashboard HTTP/1.1" 401 11307 "https://example.com/api/users/2" "curl/7.68.0"
192.168.1.1 - - [01/Jan/2024:05:04:21 +0000] "GET /static/app.js HTTP/1.1" 201 23342 "https://example.com/api/products/42" "PostmanRuntime/7.29.0"
192.168.1.13 - - [01/Jan/2024:05:05:00 +0000] "GET /api/users HTTP/1.1" 200 36218 "-" "PostmanRuntime/7.29.0"
10.0.0.3 - - [01/Jan/2024:05:05:23 +0000] "GET /dashboard HTTP/1.1" 401 12948 "-" "Mozilla/5.0 (Macintosh; Intel Mac OS X 10_15_7)"
192.168.1.1 - - [01/Jan/2024:05:05:48 +0000] "GET /api/orders/99 HTTP/1.1" 204 0 "-" "Mozilla/5.0 (Windows NT 10.0; Win64; x64) AppleWebKit/537.36"
203.0.113.3 - - [01/Jan/2024:05:06:17 +0000] "GET /api/products HTTP/1.1" 301 0 "https://example.com/api/auth/token" "PostmanRuntime/7.29.0"
192.168.1.17 - - [01/Jan/2024:05:06:58 +0000] "GET /api/products/42 HTTP/1.1" 400 31895 "https://example.com/api/users/1" "Mozilla/5.0 (Macintosh; Intel Mac OS X 10_15_7)"
10.0.0.10 - - [01/Jan/2024:05:07:22 +0000] "GET /health HTTP/1.1" 200 17096 "-" "curl/7.68.0"
192.168.1.15 - - [01/Jan/2024:05:07:57 +0000] "GET /api/orders/99 HTTP/1.1" 200 34049 "-" "python-requests/2.28.0"
192.168.1.16 - - [01/Jan/2024:05:08:09 +0000] "GET /api/products/42 HTTP/1.1" 404 49272 "https://example.com/api/users" "PostmanRuntime/7.29.0"
192.168.1.12 - - [01/Jan/2024:05:08:43 +0000] "GET /api/users/2 HTTP/1.1" 200 37798 "-" "curl/7.68.0"
203.0.113.2 - - [01/Jan/2024:05:09:19 +0000] "GET /dashboard HTTP/1.1" 500 16063 "https://example.com/logout" "curl/7.68.0"
192.168.1.13 - - [01/Jan/2024:05:09:50 +0000] "GET /favicon.ico HTTP/1.1" 200 10423 "https://example.com/api/products" "Mozilla/5.0 (Windows NT 10.0; Win64; x64) AppleWebKit/537.36"
203.0.113.2 - - [01/Jan/2024:05:10:11 +0000] "GET /api/auth/token HTTP/1.1" 200 31807 "-" "python-requests/2.28.0"
203.0.113.2 - - [01/Jan/2024:05:10:38 +0000] "GET /health HTTP/1.1" 200 33697 "-" "curl/7.68.0"
192.168.1.9 - - [01/Jan/2024:05:10:49 +0000] "POST /api/orders/99 HTTP/1.1" 204 0 "https://example.com/index.html" "PostmanRuntime/7.29.0"
10.0.0.3 - - [01/Jan/2024:05:11:28 +0000] "POST /login HTTP/1.1" 201 8088 "https://example.com/admin" "python-requests/2.28.0"
192.168.1.1 - - [01/Jan/2024:05:11:44 +0000] "POST /logout HTTP/1.1" 200 38276 "-" "python-requests/2.28.0"
192.168.1.17 - - [01/Jan/2024:05:12:17 +0000] "POST /static/app.js HTTP/1.1" 200 17855 "-" "PostmanRuntime/7.29.0"
10.0.0.2 - - [01/Jan/2024:05:12:51 +0000] "GET /health HTTP/1.1" 201 13997 "-" "python-requests/2.28.0"
10.0.0.4 - - [01/Jan/2024:05:13:35 +0000] "GET /static/app.js HTTP/1.1" 201 11989 "-" "PostmanRuntime/7.29.0"
192.168.1.15 - - [01/Jan/2024:05:14:02 +0000] "GET /static/app.js HTTP/1.1" 200 36594 "-" "Mozilla/5.0 (Macintosh; Intel Mac OS X 10_15_7)"
192.168.1.13 - - [01/Jan/2024:05:14:08 +0000] "DELETE /api/orders HTTP/1.1" 204 0 "https://example.com/login" "Mozilla/5.0 (Macintosh; Intel Mac OS X 10_15_7)"
203.0.113.2 - - [01/Jan/2024:05:14:36 +0000] "POST /metrics HTTP/1.1" 302 0 "https://example.com/health" "python-requests/2.28.0"
192.168.1.17 - - [01/Jan/2024:05:15:17 +0000] "POST /index.html HTTP/1.1" 201 6686 "https://example.com/index.html" "curl/7.68.0"
192.168.1.17 - - [01/Jan/2024:05:15:43 +0000] "POST /api/products HTTP/1.1" 201 48997 "-" "python-requests/2.28.0"
10.0.0.4 - - [01/Jan/2024:05:16:13 +0000] "POST /static/app.js HTTP/1.1" 200 1499 "-" "python-requests/2.28.0"
192.168.1.13 - - [01/Jan/2024:05:16:42 +0000] "POST /api/auth/token HTTP/1.1" 200 18852 "-" "PostmanRuntime/7.29.0"
203.0.113.2 - - [01/Jan/2024:05:17:16 +0000] "PUT /admin HTTP/1.1" 200 25173 "https://example.com/admin" "curl/7.68.0"
192.168.1.11 - - [01/Jan/2024:05:17:40 +0000] "DELETE /api/users/1 HTTP/1.1" 201 41571 "https://example.com/api/products/42" "Mozilla/5.0 (Windows NT 10.0; Win64; x64) AppleWebKit/537.36"
192.168.1.6 - - [01/Jan/2024:05:17:53 +0000] "GET /dashboard HTTP/1.1" 200 20966 "https://example.com/static/app.js" "PostmanRuntime/7.29.0"
10.0.0.6 - - [01/Jan/2024:05:18:24 +0000] "GET /api/users/2 HTTP/1.1" 500 38664 "-" "Mozilla/5.0 (Macintosh; Intel Mac OS X 10_15_7)"
10.0.0.7 - - [01/Jan/2024:05:18:49 +0000] "GET / HTTP/1.1" 200 47895 "-" "python-requests/2.28.0"
192.168.1.6 - - [01/Jan/2024:05:19:18 +0000] "GET /api/products/42 HTTP/1.1" 200 6462 "-" "Mozilla/5.0 (Macintosh; Intel Mac OS X 10_15_7)"
192.168.1.4 - - [01/Jan/2024:05:19:40 +0000] "DELETE /api/products/42 HTTP/1.1" 301 0 "https://example.com/api/users" "Mozilla/5.0 (Windows NT 10.0; Win64; x64) AppleWebKit/537.36"
192.168.1.17 - - [01/Jan/2024:05:20:27 +0000] "GET /api/users HTTP/1.1" 403 25748 "-" "curl/7.68.0"
192.168.1.19 - - [01/Jan/2024:05:20:50 +0000] "POST /api/orders HTTP/1.1" 200 34720 "https://example.com/" "Mozilla/5.0 (Windows NT 10.0; Win64; x64) AppleWebKit/537.36"
10.0.0.3 - - [01/Jan/2024:05:21:31 +0000] "GET /health HTTP/1.1" 201 35627 "https://example.com/api/auth/token" "Mozilla/5.0 (Macintosh; Intel Mac OS X 10_15_7)"
192.168.1.9 - - [01/Jan/2024:05:21:54 +0000] "POST /login HTTP/1.1" 400 39363 "-" "PostmanRuntime/7.29.0"
10.0.0.8 - - [01/Jan/2024:05:22:16 +0000] "POST /api/auth/token HTTP/1.1" 200 22952 "-" "curl/7.68.0"
192.168.1.6 - - [01/Jan/2024:05:22:42 +0000] "GET /api/users/2 HTTP/1.1" 201 17226 "-" "Mozilla/5.0 (Windows NT 10.0; Win64; x64) AppleWebKit/537.36"
192.168.1.1 - - [01/Jan/2024:05:23:12 +0000] "DELETE /api/orders HTTP/1.1" 200 18993 "-" "Mozilla/5.0 (Windows NT 10.0; Win64; x64) AppleWebKit/537.36"
203.0.113.2 - - [01/Jan/2024:05:23:48 +0000] "GET /static/style.css HTTP/1.1" 200 28409 "https://example.com/favicon.ico" "curl/7.68.0"
192.168.1.1 - - [01/Jan/2024:05:24:09 +0000] "GET /logout HTTP/1.1" 201 36936 "-" "curl/7.68.0"
192.168.1.11 - - [01/Jan/2024:05:24:42 +0000] "PUT /api/products/42 HTTP/1.1" 200 14656 "-" "Mozilla/5.0 (Macintosh; Intel Mac OS X 10_15_7)"
192.168.1.16 - - [01/Jan/2024:05:25:04 +0000] "DELETE /favicon.ico HTTP/1.1" 404 45068 "-" "PostmanRuntime/7.29.0"
192.168.1.18 - - [01/Jan/2024:05:25:29 +0000] "GET /api/users HTTP/1.1" 200 9153 "-" "Mozilla/5.0 (Macintosh; Intel Mac OS X 10_15_7)"
10.0.0.9 - - [01/Jan/2024:05:25:52 +0000] "PUT /favicon.ico HTTP/1.1" 204 0 "-" "Mozilla/5.0 (Windows NT 10.0; Win64; x64) AppleWebKit/537.36"
192.168.1.10 - - [01/Jan/2024:05:26:13 +0000] "POST / HTTP/1.1" 200 6902 "-" "curl/7.68.0"
10.0.0.9 - - [01/Jan/2024:05:27:03 +0000] "GET /dashboard HTTP/1.1" 200 10075 "-" "curl/7.68.0"
10.0.0.2 - - [01/Jan/2024:05:27:21 +0000] "GET /health HTTP/1.1" 200 30588 "https://example.com/index.html" "python-requests/2.28.0"
192.168.1.6 - - [01/Jan/2024:05:28:02 +0000] "DELETE /api/orders HTTP/1.1" 200 17665 "https://example.com/api/users" "PostmanRuntime/7.29.0"
203.0.113.1 - - [01/Jan/2024:05:28:09 +0000] "GET /static/app.js HTTP/1.1" 200 1026 "-" "curl/7.68.0"
10.0.0.5 - - [01/Jan/2024:05:28:56 +0000] "GET /dashboard HTTP/1.1" 500 2396 "-" "Mozilla/5.0 (Windows NT 10.0; Win64; x64) AppleWebKit/537.36"
203.0.113.4 - - [01/Jan/2024:05:29:21 +0000] "GET /health HTTP/1.1" 200 44859 "https://example.com/api/users/1" "curl/7.68.0"
192.168.1.3 - - [01/Jan/2024:05:29:51 +0000] "POST /metrics HTTP/1.1" 200 16801 "-" "python-requests/2.28.0"
192.168.1.13 - - [01/Jan/2024:05:30:07 +0000] "GET /logout HTTP/1.1" 200 15664 "https://example.com/api/users/1" "Mozilla/5.0 (Windows NT 10.0; Win64; x64) AppleWebKit/537.36"
192.168.1.11 - - [01/Jan/2024:05:30:49 +0000] "GET /api/search?q=python HTTP/1.1" 200 26139 "https://example.com/" "Mozilla/5.0 (Windows NT 10.0; Win64; x64) AppleWebKit/537.36"
203.0.113.1 - - [01/Jan/2024:05:31:14 +0000] "POST /api/orders HTTP/1.1" 200 6064 "-" "Mozilla/5.0 (Macintosh; Intel Mac OS X 10_15_7)"
192.168.1.6 - - [01/Jan/2024:05:31:41 +0000] "POST /api/users/1 HTTP/1.1" 503 41168 "-" "python-requests/2.28.0"
192.168.1.10 - - [01/Jan/2024:05:32:10 +0000] "POST /api/products HTTP/1.1" 200 32171 "-" "PostmanRuntime/7.29.0"
10.0.0.3 - - [01/Jan/2024:05:32:41 +0000] "GET /logout HTTP/1.1" 200 45370 "-" "curl/7.68.0"
192.168.1.17 - - [01/Jan/2024:05:32:45 +0000] "GET /admin HTTP/1.1" 400 19514 "-" "Mozilla/5.0 (Macintosh; Intel Mac OS X 10_15_7)"
192.168.1.13 - - [01/Jan/2024:05:33:30 +0000] "GET /api/auth/token HTTP/1.1" 200 21412 "https://example.com/static/app.js" "PostmanRuntime/7.29.0"
192.168.1.11 - - [01/Jan/2024:05:33:42 +0000] "POST /api/orders HTTP/1.1" 201 19577 "https://example.com/api/auth/token" "python-requests/2.28.0"
10.0.0.10 - - [01/Jan/2024:05:34:08 +0000] "DELETE /metrics HTTP/1.1" 200 48280 "-" "Mozilla/5.0 (Windows NT 10.0; Win64; x64) AppleWebKit/537.36"
10.0.0.4 - - [01/Jan/2024:05:35:00 +0000] "POST /dashboard HTTP/1.1" 200 47451 "-" "PostmanRuntime/7.29.0"
10.0.0.5 - - [01/Jan/2024:05:35:10 +0000] "POST /health HTTP/1.1" 302 0 "-" "python-requests/2.28.0"
10.0.0.1 - - [01/Jan/2024:05:35:45 +0000] "POST /api/users/1 HTTP/1.1" 200 6508 "-" "Mozilla/5.0 (Windows NT 10.0; Win64; x64) AppleWebKit/537.36"
192.168.1.3 - - [01/Jan/2024:05:36:26 +0000] "GET /login HTTP/1.1" 200 13443 "-" "curl/7.68.0"
192.168.1.7 - - [01/Jan/2024:05:36:29 +0000] "POST /api/products/42 HTTP/1.1" 404 32306 "-" "PostmanRuntime/7.29.0"
192.168.1.17 - - [01/Jan/2024:05:36:57 +0000] "GET /dashboard HTTP/1.1" 401 47244 "-" "curl/7.68.0"
203.0.113.2 - - [01/Jan/2024:05:37:50 +0000] "GET /admin HTTP/1.1" 403 4178 "-" "Mozilla/5.0 (Macintosh; Intel Mac OS X 10_15_7)"
10.0.0.4 - - [01/Jan/2024:05:38:17 +0000] "PUT /index.html HTTP/1.1" 401 17620 "-" "Mozilla/5.0 (Windows NT 10.0; Win64; x64) AppleWebKit/537.36"
192.168.1.20 - - [01/Jan/2024:05:38:22 +0000] "GET /metrics HTTP/1.1" 200 6833 "https://example.com/api/auth/token" "Mozilla/5.0 (Macintosh; Intel Mac OS X 10_15_7)"
192.168.1.13 - - [01/Jan/2024:05:38:54 +0000] "POST /dashboard HTTP/1.1" 400 41181 "https://example.com/api/auth/token" "PostmanRuntime/7.29.0"
10.0.0.7 - - [01/Jan/2024:05:39:39 +0000] "GET /api/search?q=python HTTP/1.1" 200 44403 "-" "Mozilla/5.0 (Macintosh; Intel Mac OS X 10_15_7)"
192.168.1.7 - - [01/Jan/2024:05:39:49 +0000] "DELETE /login HTTP/1.1" 302 0 "-" "python-requests/2.28.0"
192.168.1.11 - - [01/Jan/2024:05:40:29 +0000] "POST /admin HTTP/1.1" 200 20853 "-" "python-requests/2.28.0"
10.0.0.4 - - [01/Jan/2024:05:40:53 +0000] "DELETE /api/orders/99 HTTP/1.1" 500 21397 "https://example.com/api/search?q=python" "PostmanRuntime/7.29.0"
192.168.1.14 - - [01/Jan/2024:05:41:20 +0000] "DELETE /api/auth/token HTTP/1.1" 500 16851 "-" "Mozilla/5.0 (Macintosh; Intel Mac OS X 10_15_7)"
10.0.0.9 - - [01/Jan/2024:05:41:48 +0000] "GET /index.html HTTP/1.1" 200 39243 "-" "curl/7.68.0"
192.168.1.20 - - [01/Jan/2024:05:42:04 +0000] "GET /dashboard HTTP/1.1" 200 20837 "-" "python-requests/2.28.0"
203.0.113.3 - - [01/Jan/2024:05:42:49 +0000] "POST /api/search?q=python HTTP/1.1" 200 6379 "-" "python-requests/2.28.0"
192.168.1.10 - - [01/Jan/2024:05:43:04 +0000] "GET /api/users/2 HTTP/1.1" 400 16574 "-" "python-requests/2.28.0"
192.168.1.6 - - [01/Jan/2024:05:43:46 +0000] "GET /api/search?q=python HTTP/1.1" 200 48320 "-" "python-requests/2.28.0"
203.0.113.1 - - [01/Jan/2024:05:44:01 +0000] "GET /api/search?q=python HTTP/1.1" 200 39209 "https://example.com/index.html" "PostmanRuntime/7.29.0"
10.0.0.5 - - [01/Jan/2024:05:44:26 +0000] "DELETE /index.html HTTP/1.1" 200 23001 "https://example.com/api/orders/99" "Mozilla/5.0 (Macintosh; Intel Mac OS X 10_15_7)"
192.168.1.8 - - [01/Jan/2024:05:45:19 +0000] "DELETE /dashboard HTTP/1.1" 500 42980 "https://example.com/" "Mozilla/5.0 (Macintosh; Intel Mac OS X 10_15_7)"
192.168.1.4 - - [01/Jan/2024:05:45:29 +0000] "POST /index.html HTTP/1.1" 200 35584 "-" "python-requests/2.28.0"
203.0.113.3 - - [01/Jan/2024:05:46:10 +0000] "GET /api/orders HTTP/1.1" 200 44347 "https://example.com/api/products/42" "Mozilla/5.0 (Macintosh; Intel Mac OS X 10_15_7)"
203.0.113.3 - - [01/Jan/2024:05:46:18 +0000] "GET /api/orders/99 HTTP/1.1" 200 26042 "-" "python-requests/2.28.0"
192.168.1.6 - - [01/Jan/2024:05:46:59 +0000] "POST /index.html HTTP/1.1" 302 0 "-" "Mozilla/5.0 (Windows NT 10.0; Win64; x64) AppleWebKit/537.36"
10.0.0.6 - - [01/Jan/2024:05:47:28 +0000] "GET /api/orders HTTP/1.1" 503 9038 "-" "curl/7.68.0"
203.0.113.2 - - [01/Jan/2024:05:47:52 +0000] "POST /api/search?q=python HTTP/1.1" 200 36976 "https://example.com/metrics" "curl/7.68.0"
192.168.1.16 - - [01/Jan/2024:05:48:10 +0000] "GET /api/orders/99 HTTP/1.1" 200 45074 "https://example.com/api/users" "Mozilla/5.0 (Windows NT 10.0; Win64; x64) AppleWebKit/537.36"
10.0.0.7 - - [01/Jan/2024:05:48:49 +0000] "GET /api/users/2 HTTP/1.1" 200 21219 "-" "Mozilla/5.0 (Windows NT 10.0; Win64; x64) AppleWebKit/537.36"
192.168.1.20 - - [01/Jan/2024:05:49:09 +0000] "GET /favicon.ico HTTP/1.1" 201 41040 "-" "Mozilla/5.0 (Windows NT 10.0; Win64; x64) AppleWebKit/537.36"
192.168.1.15 - - [01/Jan/2024:05:49:38 +0000] "POST /api/users/2 HTTP/1.1" 200 49858 "https://example.com/api/users" "Mozilla/5.0 (Windows NT 10.0; Win64; x64) AppleWebKit/537.36"
192.168.1.4 - - [01/Jan/2024:05:50:07 +0000] "POST /api/orders HTTP/1.1" 200 1100 "-" "Mozilla/5.0 (Windows NT 10.0; Win64; x64) AppleWebKit/537.36"
192.168.1.20 - - [01/Jan/2024:05:50:42 +0000] "GET / HTTP/1.1" 200 13897 "https://example.com/logout" "curl/7.68.0"
