203.0.113.5 - - [01/Jan/2024:05:51:12 +0000] "DELETE /static/app.js HTTP/1.1" 302 0 "-" "curl/7.68.0"
192.168.1.2 - - [01/Jan/2024:05:51:36 +0000] "POST /metrics HTTP/1.1" 200 16941 "-" "python-requests/2.28.0"
192.168.1.13 - - [01/Jan/2024:05:52:17 +0000] "PUT /favicon.ico HTTP/1.1" 200 3678 "-" "Mozilla/5.0 (Windows NT 10.0; Win64; x64) AppleWebKit/537.36"
192.168.1.5 - - [01/Jan/2024:05:52:32 +0000] "POST /static/app.js HTTP/1.1" 404 43460 "-" "Mozilla/5.0 (Windows NT 10.0; Win64; x64) AppleWebKit/537.36"
192.168.1.2 - - [01/Jan/2024:05:52:57 +0000] "POST /api/products/42 HTTP/1.1" 200 25149 "-" "Mozilla/5.0 (Windows NT 10.0; Win64; x64) AppleWebKit/537.36"
10.0.0.1 - - [01/Jan/2024:05:53:31 +0000] "POST /api/auth/token HTTP/1.1" 200 12417 "-" "Mozilla/5.0 (Macintosh; Intel Mac OS X 10_15_7)"
192.168.1.2 - - [01/Jan/2024:05:53:45 +0000] "GET /metrics HTTP/1.1" 200 22060 "-" "curl/7.68.0"
192.168.1.2 - - [01/Jan/2024:05:54:23 +0000] "POST /api/users/2 HTTP/1.1" 200 41175 "-" "PostmanRuntime/7.29.0"
192.168.1.18 - - [01/Jan/2024:05:55:05 +0000] "GET /static/app.js HTTP/1.1" 200 2131 "https://example.com/static/app.js" "curl/7.68.0"
192.168.1.10 - - [01/Jan/2024:05:55:18 +0000] "GET /api/orders HTTP/1.1" 200 48034 "-" "PostmanRuntime/7.29.0"
192.168.1.15 - - [01/Jan/2024:05:55:49 +0000] "GET /api/search?q=python HTTP/1.1" 200 28148 "https://example.com/favicon.ico" "python-requests/2.28.0"
10.0.0.9 - - [01/Jan/2024:05:56:21 +0000] "GET /logout HTTP/1.1" 403 9281 "-" "curl/7.68.0"
192.168.1.9 - - [01/Jan/2024:05:56:41 +0000] "PUT /metrics HTTP/1.1" 200 28384 "https://example.com/api/orders" "PostmanRuntime/7.29.0"
192.168.1.11 - - [01/Jan/2024:05:57:10 +0000] "GET /api/auth/token HTTP/1.1" 302 0 "https://example.com/api/products" "curl/7.68.0"
10.0.0.1 - - [01/Jan/2024:05:57:54 +0000] "GET / HTTP/1.1" 503 21085 "https://example.com/api/orders/99" "Mozilla/5.0 (Macintosh; Intel Mac OS X 10_15_7)"
192.168.1.20 - - [01/Jan/2024:05:58:10 +0000] "PUT /static/app.js HTTP/1.1" 200 12516 "-" "curl/7.68.0"
192.168.1.2 - - [01/Jan/2024:05:58:48 +0000] "POST /favicon.ico HTTP/1.1" 200 39888 "-" "curl/7.68.0"
192.168.1.15 - - [01/Jan/2024:05:58:59 +0000] "POST / HTTP/1.1" 200 5408 "https://example.com/health" "curl/7.68.0"
203.0.113.3 - - [01/Jan/2024:05:59:47 +0000] "POST /health HTTP/1.1" 404 42770 "-" "Mozilla/5.0 (Macintosh; Intel Mac OS X 10_15_7)"
203.0.113.2 - - [01/Jan/2024:06:00:03 +0000] "GET /login HTTP/1.1" 200 15029 "-" "Mozilla/5.0 (Windows NT 10.0; Win64; x64) AppleWebKit/537.36"
192.168.1.18 - - [01/Jan/2024:06:00:29 +0000] "GET /logout HTTP/1.1" 503 13606 "-" "Mozilla/5.0 (Macintosh; Intel Mac OS X 10_15_7)"
203.0.113.2 - - [01/Jan/2024:06:01:06 +0000] "GET /admin HTTP/1.1" 200 28220 "-" "Mozilla/5.0 (Windows NT 10.0; Win64; x64) AppleWebKit/537.36"
10.0.0.5 - - [01/Jan/2024:06:01:35 +0000] "GET /api/products/42 HTTP/1.1" 401 48858 "-" "PostmanRuntime/7.29.0"
203.0.113.4 - - [01/Jan/2024:06:02:00 +0000] "PUT /index.html HTTP/1.1" 301 0 "-" "Mozilla/5.0 (Macintosh; Intel Mac OS X 10_15_7)"
192.168.1.3 - - [01/Jan/2024:06:02:15 +0000] "POST /api/auth/token HTTP/1.1" 201 48380 "-" "Mozilla/5.0 (Macintosh; Intel Mac OS X 10_15_7)"
203.0.113.4 - - [01/Jan/2024:06:03:00 +0000] "POST /index.html HTTP/1.1" 200 19282 "-" "python-requests/2.28.0"
192.168.1.19 - - [01/Jan/2024:06:03:18 +0000] "GET /api/orders/99 HTTP/1.1" 200 40382 "https://example.com/metrics" "curl/7.68.0"
10.0.0.10 - - [01/Jan/2024:06:03:58 +0000] "POST /admin HTTP/1.1" 200 47559 "-" "curl/7.68.0"
203.0.113.5 - - [01/Jan/2024:06:04:04 +0000] "GET /api/orders/99 HTTP/1.1" 200 29749 "-" "Mozilla/5.0 (Macintosh; Intel Mac OS X 10_15_7)"
192.168.1.13 - - [01/Jan/2024:06:04:42 +0000] "GET /static/app.js HTTP/1.1" 200 45532 "https://example.com/login" "Mozilla/5.0 (Windows NT 10.0; Win64; x64) AppleWebKit/537.36"
192.168.1.6 - - [01/Jan/2024:06:04:59 +0000] "PUT /admin HTTP/1.1" 403 23985 "-" "Mozilla/5.0 (Macintosh; Intel Mac OS X 10_15_7)"
203.0.113.3 - - [01/Jan/2024:06:05:43 +0000] "GET /api/products/42 HTTP/1.1" 302 0 "-" "curl/7.68.0"
10.0.0.2 - - [01/Jan/2024:06:06:10 +0000] "POST /api/orders HTTP/1.1" 200 9676 "-" "Mozilla/5.0 (Windows NT 10.0; Win64; x64) AppleWebKit/537.36"
10.0.0.7 - - [01/Jan/2024:06:06:29 +0000] "GET /admin HTTP/1.1" 200 41255 "-" "curl/7.68.0"
192.168.1.13 - - [01/Jan/2024:06:06:48 +0000] "POST /static/app.js HTTP/1.1" 200 30257 "-" "Mozilla/5.0 (Macintosh; Intel Mac OS X 10_15_7)"
203.0.113.5 - - [01/Jan/2024:06:07:41 +0000] "GET /favicon.ico HTTP/1.1" 204 0 "-" "PostmanRuntime/7.29.0"
203.0.113.1 - - [01/Jan/2024:06:07:58 +0000] "GET /admin HTTP/1.1" 200 39601 "https://example.com/dashboard" "PostmanRuntime/7.29.0"
192.168.1.18 - - [01/Jan/2024:06:08:31 +0000] "POST /api/auth/token HTTP/1.1" 200 3405 "-" "Mozilla/5.0 (Windows NT 10.0; Win64; x64) AppleWebKit/537.36"
10.0.0.3 - - [01/Jan/2024:06:08:41 +0000] "GET /index.html HTTP/1.1" 404 38085 "https://example.com/static/style.css" "python-requests/2.28.0"
192.168.1.6 - - [01/Jan/2024:06:09:09 +0000] "GET /api/orders/99 HTTP/1.1" 200 10773 "https://example.com/favicon.ico" "PostmanRuntime/7.29.0"
192.168.1.12 - - [01/Jan/2024:06:09:50 +0000] "PUT /api/search?q=python HTTP/1.1" 200 2548 "-" "python-requests/2.28.0"
10.0.0.1 - - [01/Jan/2024:06:10:15 +0000] "GET /api/users HTTP/1.1" 503 28205 "https://example.com/api/users" "python-requests/2.28.0"
203.0.113.1 - - [01/Jan/2024:06:10:36 +0000] "GET /static/app.js HTTP/1.1" 200 34740 "-" "curl/7.68.0"
192.168.1.14 - - [01/Jan/2024:06:11:19 +0000] "GET /api/products HTTP/1.1" 400 48023 "https://example.com/metrics" "Mozilla/5.0 (Windows NT 10.0; Win64; x64) AppleWebKit/537.36"
203.0.113.1 - - [01/Jan/2024:06:11:51 +0000] "PUT /favicon.ico HTTP/1.1" 404 19021 "-" "python-requests/2.28.0"
192.168.1.17 - - [01/Jan/2024:06:12:12 +0000] "POST /favicon.ico HTTP/1.1" 200 8700 "https://example.com/health" "PostmanRuntime/7.29.0"
203.0.113.2 - - [01/Jan/2024:06:12:39 +0000] "DELETE /login HTTP/1.1" 401 15451 "https://example.com/logout" "Mozilla/5.0 (Windows NT 10.0; Win64; x64) AppleWebKit/537.36"
192.168.1.8 - - [01/Jan/2024:06:12:52 +0000] "GET /api/products HTTP/1.1" 500 13787 "https://example.com/api/orders/99" "Mozilla/5.0 (Macintosh; Intel Mac OS X 10_15_7)"
192.168.1.3 - - [01/Jan/2024:06:13:30 +0000] "GET /api/auth/token HTTP/1.1" 403 14115 "-" "curl/7.68.0"
192.168.1.19 - - [01/Jan/2024:06:13:56 +0000] "DELETE /api/users HTTP/1.1" 200 19879 "-" "python-requests/2.28.0"
192.168.1.1 - - [01/Jan/2024:06:14:19 +0000] "POST /api/users/1 HTTP/1.1" 200 26155 "https://example.com/favicon.ico" "Mozilla/5.0 (Windows NT 10.0; Win64; x64) AppleWebKit/537.36"
192.168.1.12 - - [01/Jan/2024:06:14:50 +0000] "GET /api/users/1 HTTP/1.1" 404 31598 "https://example.com/index.html" "curl/7.68.0"
203.0.113.1 - - [01/Jan/2024:06:15:16 +0000] "POST /admin HTTP/1.1" 302 0 "https://example.com/admin" "Mozilla/5.0 (Macintosh; Intel Mac OS X 10_15_7)"
192.168.1.4 - - [01/Jan/2024:06:16:06 +0000] "POST /static/style.css HTTP/1.1" 400 47711 "https://example.com/api/auth/token" "PostmanRuntime/7.29.0"
192.168.1.2 - - [01/Jan/2024:06:16:14 +0000] "POST /api/users/1 HTTP/1.1" 200 4539 "https://example.com/static/app.js" "Mozilla/5.0 (Windows NT 10.0; Win64; x64) AppleWebKit/537.36"
10.0.0.2 - - [01/Jan/2024:06:16:48 +0000] "POST /api/auth/token HTTP/1.1" 200 37619 "https://example.com/login" "PostmanRuntime/7.29.0"
192.168.1.8 - - [01/Jan/2024:06:17:31 +0000] "DELETE /static/style.css HTTP/1.1" 404 20811 "https://example.com/static/app.js" "Mozilla/5.0 (Macintosh; Intel Mac OS X 10_15_7)"
192.168.1.6 - - [01/Jan/2024:06:17:47 +0000] "GET /api/users/2 HTTP/1.1" 201 20033 "-" "python-requests/2.28.0"
192.168.1.12 - - [01/Jan/2024:06:18:03 +0000] "GET /index.html HTTP/1.1" 200 6268 "-" "Mozilla/5.0 (Windows NT 10.0; Win64; x64) AppleWebKit/537.36"
203.0.113.1 - - [01/Jan/2024:06:18:44 +0000] "GET /logout HTTP/1.1" 200 31884 "https://example.com/metrics" "python-requests/2.28.0"
10.0.0.1 - - [01/Jan/2024:06:19:00 +0000] "DELETE /api/products HTTP/1.1" 301 0 "https://example.com/api/orders" "curl/7.68.0"
192.168.1.3 - - [01/Jan/2024:06:19:38 +0000] "GET /metrics HTTP/1.1" 200 469 "-" "Mozilla/5.0 (Windows NT 10.0; Win64; x64) AppleWebKit/537.36"
192.168.1.6 - - [01/Jan/2024:06:20:02 +0000] "GET /index.html HTTP/1.1" 200 34316 "https://example.com/static/style.css" "Mozilla/5.0 (Windows NT 10.0; Win64; x64) AppleWebKit/537.36"
192.168.1.20 - - [01/Jan/2024:06:20:40 +0000] "GET /api/users/1 HTTP/1.1" 200 12818 "-" "PostmanRuntime/7.29.0"
10.0.0.1 - - [01/Jan/2024:06:21:12 +0000] "GET /api/products HTTP/1.1" 200 9985 "-" "Mozilla/5.0 (Windows NT 10.0; Win64; x64) AppleWebKit/537.36"
192.168.1.1 - - [01/Jan/2024:06:21:35 +0000] "POST /metrics HTTP/1.1" 200 13738 "-" "PostmanRuntime/7.29.0"
10.0.0.1 - - [01/Jan/2024:06:21:52 +0000] "GET /static/style.css HTTP/1.1" 400 16244 "-" "python-requests/2.28.0"
10.0.0.2 - - [01/Jan/2024:06:22:29 +0000] "GET /index.html HTTP/1.1" 200 2100 "-" "Mozilla/5.0 (Windows NT 10.0; Win64; x64) AppleWebKit/537.36"
192.168.1.7 - - [01/Jan/2024:06:22:52 +0000] "GET /api/users HTTP/1.1" 201 25884 "-" "PostmanRuntime/7.29.0"
10.0.0.9 - - [01/Jan/2024:06:23:27 +0000] "GET /static/style.css HTTP/1.1" 200 13185 "https://example.com/api/auth/token" "Mozilla/5.0 (Windows NT 10.0; Win64; x64) AppleWebKit/537.36"
10.0.0.10 - - [01/Jan/2024:06:23:54 +0000] "GET /api/users HTTP/1.1" 404 30888 "-" "python-requests/2.28.0"
10.0.0.10 - - [01/Jan/2024:06:24:19 +0000] "GET /dashboard HTTP/1.1" 200 40631 "-" "python-requests/2.28.0"
10.0.0.6 - - [01/Jan/2024:06:24:37 +0000] "PUT /api/users/1 HTTP/1.1" 200 29906 "-" "Mozilla/5.0 (Windows NT 10.0; Win64; x64) AppleWebKit/537.36"
203.0.113.1 - - [01/Jan/2024:06:25:03 +0000] "GET /health HTTP/1.1" 201 11393 "-" "python-requests/2.28.0"
192.168.1.9 - - [01/Jan/2024:06:25:44 +0000] "GET /api/products/42 HTTP/1.1" 404 7211 "-" "Mozilla/5.0 (Windows NT 10.0; Win64; x64) AppleWebKit/537.36"
192.168.1.20 - - [01/Jan/2024:06:26:13 +0000] "GET /api/products/42 HTTP/1.1" 400 27295 "-" "curl/7.68.0"
192.168.1.11 - - [01/Jan/2024:06:26:39 +0000] "GET /api/users HTTP/1.1" 200 13847 "https://example.com/api/search?q=python" "Mozilla/5.0 (Macintosh; Intel Mac OS X 10_15_7)"
10.0.0.8 - - [01/Jan/2024:06:27:10 +0000] "DELETE /api/users/1 HTTP/1.1" 302 0 "https://example.com/login" "Mozilla/5.0 (Windows NT 10.0; Win64; x64) AppleWebKit/537.36"
203.0.113.2 - - [01/Jan/2024:06:27:23 +0000] "POST /favicon.ico HTTP/1.1" 201 21523 "-" "Mozilla/5.0 (Macintosh; Intel Mac OS X 10_15_7)"
192.168.1.12 - - [01/Jan/2024:06:27:57 +0000] "GET /api/users HTTP/1.1" 401 7326 "https://example.com/favicon.ico" "Mozilla/5.0 (Macintosh; Intel Mac OS X 10_15_7)"
10.0.0.1 - - [01/Jan/2024:06:28:31 +0000] "POST /index.html HTTP/1.1" 200 14461 "https://example.com/api/search?q=python" "Mozilla/5.0 (Windows NT 10.0; Win64; x64) AppleWebKit/537.36"
192.168.1.10 - - [01/Jan/2024:06:29:05 +0000] "GET /admin HTTP/1.1" 302 0 "-" "PostmanRuntime/7.29.0"
10.0.0.9 - - [01/Jan/2024:06:29:18 +0000] "GET /api/users/1 HTTP/1.1" 200 37573 "https://example.com/static/style.css" "Mozilla/5.0 (Macintosh; Intel Mac OS X 10_15_7)"
10.0.0.3 - - [01/Jan/2024:06:29:42 +0000] "POST / HTTP/1.1" 401 33651 "-" "curl/7.68.0"
192.168.1.19 - - [01/Jan/2024:06:30:09 +0000] "GET /api/auth/token HTTP/1.1" 200 255 "https://example.com/api/users/2" "Mozilla/5.0 (Windows NT 10.0; Win64; x64) AppleWebKit/537.36"
192.168.1.19 - - [01/Jan/2024:06:31:03 +0000] "GET /dashboard HTTP/1.1" 201 46220 "-" "python-requests/2.28.0"
10.0.0.5 - - [01/Jan/2024:06:31:16 +0000] "GET /api/orders/99 HTTP/1.1" 302 0 "-" "curl/7.68.0"
203.0.113.1 - - [01/Jan/2024:06:31:36 +0000] "GET /api/auth/token HTTP/1.1" 200 23811 "https://example.com/api/orders" "python-requests/2.28.0"
192.168.1.9 - - [01/Jan/2024:06:32:04 +0000] "GET /api/users HTTP/1.1" 403 1229 "-" "Mozilla/5.0 (Macintosh; Intel Mac OS X 10_15_7)"
10.0.0.8 - - [01/Jan/2024:06:32:32 +0000] "GET /api/orders HTTP/1.1" 403 27453 "https://example.com/favicon.ico" "Mozilla/5.0 (Macintosh; Intel Mac OS X 10_15_7)"
192.168.1.12 - - [01/Jan/2024:06:33:10 +0000] "POST /api/orders/99 HTTP/1.1" 302 0 "https://example.com/api/products/42" "python-requests/2.28.0"
192.168.1.15 - - [01/Jan/2024:06:33:29 +0000] "GET /favicon.ico HTTP/1.1" 200 38075 "-" "curl/7.68.0"
203.0.113.3 - - [01/Jan/2024:06:34:00 +0000] "GET /api/auth/token HTTP/1.1" 400 24249 "-" "Mozilla/5.0 (Windows NT 10.0; Win64; x64) AppleWebKit/537.36"
203.0.113.1 - - [01/Jan/2024:06:34:42 +0000] "GET /api/products HTTP/1.1" 400 31757 "https://example.com/api/users" "curl/7.68.0"
203.0.113.4 - - [01/Jan/2024:06:35:15 +0000] "DELETE /static/app.js HTTP/1.1" 201 34078 "-" "PostmanRuntime/7.29.0"
192.168.1.6 - - [01/Jan/2024:06:35:23 +0000] "GET /api/users HTTP/1.1" 404 41729 "-" "PostmanRuntime/7.29.0"
192.168.1.20 - - [01/Jan/2024:06:36:03 +0000] "GET /api/users/1 HTTP/1.1" 302 0 "https://example.com/health" "Mozilla/5.0 (Macintosh; Intel Mac OS X 10_15_7)"
203.0.113.3 - - [01/Jan/2024:06:36:27 +0000] "POST /api/users/1 HTTP/1.1" 201 23328 "https://example.com/static/style.css" "python-requests/2.28.0"
192.168.1.11 - - [01/Jan/2024:06:36:41 +0000] "PUT /favicon.ico HTTP/1.1" 500 20127 "https://example.com/api/search?q=python" "python-requests/2.28.0"
192.168.1.4 - - [01/Jan/2024:06:37:28 +0000] "GET /api/search?q=python HTTP/1.1" 200 37742 "-" "python-requests/2.28.0"
192.168.1.2 - - [01/Jan/2024:06:37:45 +0000] "GET /api/users HTTP/1.1" 200 33334 "-" "python-requests/2.28.0"
192.168.1.17 - - [01/Jan/2024:06:38:08 +0000] "POST /static/app.js HTTP/1.1" 200 17039 "-" "Mozilla/5.0 (Windows NT 10.0; Win64; x64) AppleWebKit/537.36"
192.168.1.12 - - [01/Jan/2024:06:38:50 +0000] "PUT /api/orders HTTP/1.1" 404 29471 "-" "curl/7.68.0"
192.168.1.17 - - [01/Jan/2024:06:39:25 +0000] "PUT /dashboard HTTP/1.1" 204 0 "-" "PostmanRuntime/7.29.0"
192.168.1.3 - - [01/Jan/2024:06:39:38 +0000] "GET /api/orders HTTP/1.1" 401 10302 "https://example.com/api/orders/99" "Mozilla/5.0 (Macintosh; Intel Mac OS X 10_15_7)"
192.168.1.16 - - [01/Jan/2024:06:40:17 +0000] "GET /login HTTP/1.1" 200 38063 "https://example.com/api/users/2" "Mozilla/5.0 (Windows NT 10.0; Win64; x64) AppleWebKit/537.36"
192.168.1.17 - - [01/Jan/2024:06:40:48 +0000] "GET /index.html HTTP/1.1" 200 30609 "-" "python-requests/2.28.0"
203.0.113.1 - - [01/Jan/2024:06:41:15 +0000] "DELETE /api/auth/token HTTP/1.1" 200 25090 "https://example.com/api/products/42" "Mozilla/5.0 (Macintosh; Intel Mac OS X 10_15_7)"
192.168.1.17 - - [01/Jan/2024:06:41:24 +0000] "POST /api/orders/99 HTTP/1.1" 200 19126 "https://example.com/admin" "Mozilla/5.0 (Macintosh; Intel Mac OS X 10_15_7)"
10.0.0.1 - - [01/Jan/2024:06:42:04 +0000] "POST /index.html HTTP/1.1" 200 35018 "https://example.com/api/orders/99" "PostmanRuntime/7.29.0"
192.168.1.18 - - [01/Jan/2024:06:42:26 +0000] "GET /static/app.js HTTP/1.1" 200 16934 "https://example.com/api/products/42" "Mozilla/5.0 (Macintosh; Intel Mac OS X 10_15_7)"
192.168.1.16 - - [01/Jan/2024:06:43:07 +0000] "POST /api/search?q=python HTTP/1.1" 200 34275 "-" "curl/7.68.0"
10.0.0.1 - - [01/Jan/2024:06:43:29 +0000] "GET / HTTP/1.1" 200 983 "-" "PostmanRuntime/7.29.0"
192.168.1.7 - - [01/Jan/2024:06:44:01 +0000] "GET /api/users/2 HTTP/1.1" 200 47730 "-" "curl/7.68.0"
192.168.1.3 - - [01/Jan/2024:06:44:08 +0000] "POST /api/users HTTP/1.1" 200 39137 "https://example.com/logout" "PostmanRuntime/7.29.0"
192.168.1.8 - - [01/Jan/2024:06:44:58 +0000] "GET /api/users HTTP/1.1" 401 8713 "-" "PostmanRuntime/7.29.0"
192.168.1.12 - - [01/Jan/2024:06:45:07 +0000] "PUT /login HTTP/1.1" 200 19504 "-" "Mozilla/5.0 (Windows NT 10.0; Win64; x64) AppleWebKit/537.36"
10.0.0.10 - - [01/Jan/2024:06:45:40 +0000] "DELETE /api/orders/99 HTTP/1.1" 404 43950 "https://example.com/api/users/1" "python-requests/2.28.0"
192.168.1.11 - - [01/Jan/2024:06:46:24 +0000] "GET /static/app.js HTTP/1.1" 200 25287 "-" "Mozilla/5.0 (Windows NT 10.0; Win64; x64) AppleWebKit/537.36"
192.168.1.17 - - [01/Jan/2024:06:46:54 +0000] "GET /login HTTP/1.1" 201 4748 "-" "curl/7.68.0"
10.0.0.6 - - [01/Jan/2024:06:47:01 +0000] "POST /health HTTP/1.1" 200 9628 "-" "Mozilla/5.0 (Macintosh; Intel Mac OS X 10_15_7)"
192.168.1.14 - - [01/Jan/2024:06:47:43 +0000] "POST /api/products HTTP/1.1" 201 47084 "-" "Mozilla/5.0 (Windows NT 10.0; Win64; x64) AppleWebKit/537.36"
192.168.1.5 - - [01/Jan/2024:06:47:54 +0000] "POST /static/app.js HTTP/1.1" 201 1429 "https://example.com/api/orders" "Mozilla/5.0 (Windows NT 10.0; Win64; x64) AppleWebKit/537.36"
192.168.1.3 - - [01/Jan/2024:06:48:41 +0000] "GET /static/app.js HTTP/1.1" 200 46078 "-" "Mozilla/5.0 (Macintosh; Intel Mac OS X 10_15_7)"
192.168.1.1 - - [01/Jan/2024:06:49:04 +0000] "PUT /health HTTP/1.1" 204 0 "-" "Mozilla/5.0 (Windows NT 10.0; Win64; x64) AppleWebKit/537.36"
203.0.113.5 - - [01/Jan/2024:06:49:23 +0000] "GET /api/products/42 HTTP/1.1" 404 31792 "-" "PostmanRuntime/7.29.0"
10.0.0.3 - - [01/Jan/2024:06:49:54 +0000] "POST /static/style.css HTTP/1.1" 201 3817 "https://example.com/api/users" "python-requests/2.28.0"
203.0.113.5 - - [01/Jan/2024:06:50:39 +0000] "GET /api/users HTTP/1.1" 201 19202 "https://example.com/login" "PostmanRuntime/7.29.0"
192.168.1.3 - - [01/Jan/2024:06:50:52 +0000] "POST /logout HTTP/1.1" 200 45805 "-" "Mozilla/5.0 (Windows NT 10.0; Win64; x64) AppleWebKit/537.36"
10.0.0.3 - - [01/Jan/2024:06:51:23 +0000] "GET /admin HTTP/1.1" 500 12616 "-" "curl/7.68.0"
192.168.1.2 - - [01/Jan/2024:06:51:59 +0000] "POST /dashboard HTTP/1.1" 204 0 "-" "PostmanRuntime/7.29.0"
192.168.1.20 - - [01/Jan/2024:06:52:19 +0000] "POST /admin HTTP/1.1" 200 2627 "-" "python-requests/2.28.0"
192.168.1.3 - - [01/Jan/2024:06:52:44 +0000] "GET /logout HTTP/1.1" 403 43933 "-" "PostmanRuntime/7.29.0"
192.168.1.10 - - [01/Jan/2024:06:53:23 +0000] "POST /dashboard HTTP/1.1" 200 2616 "https://example.com/health" "Mozilla/5.0 (Windows NT 10.0; Win64; x64) AppleWebKit/537.36"
203.0.113.1 - - [01/Jan/2024:06:53:47 +0000] "GET /dashboard HTTP/1.1" 404 42718 "-" "curl/7.68.0"
192.168.1.4 - - [01/Jan/2024:06:54:05 +0000] "DELETE /api/products HTTP/1.1" 201 40257 "-" "PostmanRuntime/7.29.0"
192.168.1.5 - - [01/Jan/2024:06:54:50 +0000] "GET /api/products HTTP/1.1" 204 0 "-" "PostmanRuntime/7.29.0"
192.168.1.15 - - [01/Jan/2024:06:54:54 +0000] "DELETE /logout HTTP/1.1" 201 22308 "https://example.com/api/products/42" "python-requests/2.28.0"
192.168.1.8 - - [01/Jan/2024:06:55:41 +0000] "POST /api/auth/token HTTP/1.1" 200 21275 "https://example.com/logout" "Mozilla/5.0 (Windows NT 10.0; Win64; x64) AppleWebKit/537.36"
192.168.1.12 - - [01/Jan/2024:06:55:58 +0000] "GET /api/products HTTP/1.1" 200 9456 "https://example.com/login" "python-requests/2.28.0"
192.168.1.11 - - [01/Jan/2024:06:56:30 +0000] "GET /api/search?q=python HTTP/1.1" 200 8940 "-" "PostmanRuntime/7.29.0"
10.0.0.5 - - [01/Jan/2024:06:57:08 +0000] "GET / HTTP/1.1" 204 0 "-" "Mozilla/5.0 (Windows NT 10.0; Win64; x64) AppleWebKit/537.36"
192.168.1.12 - - [01/Jan/2024:06:57:14 +0000] "PUT /api/search?q=python HTTP/1.1" 200 27477 "https://example.com/health" "curl/7.68.0"
192.168.1.14 - - [01/Jan/2024:06:57:44 +0000] "POST /static/app.js HTTP/1.1" 301 0 "-" "curl/7.68.0"
192.168.1.12 - - [01/Jan/2024:06:58:27 +0000] "PUT /index.html HTTP/1.1" 401 11996 "https://example.com/favicon.ico" "Mozilla/5.0 (Windows NT 10.0; Win64; x64) AppleWebKit/537.36"
192.168.1.20 - - [01/Jan/2024:06:58:47 +0000] "GET / HTTP/1.1" 400 15642 "-" "PostmanRuntime/7.29.0"
192.168.1.7 - - [01/Jan/2024:06:59:23 +0000] "GET /api/auth/token HTTP/1.1" 204 0 "-" "curl/7.68.0"
192.168.1.18 - - [01/Jan/2024:06:59:33 +0000] "GET /api/products HTTP/1.1" 200 45108 "https://example.com/health" "Mozilla/5.0 (Macintosh; Intel Mac OS X 10_15_7)"
192.168.1.12 - - [01/Jan/2024:07:00:05 +0000] "POST /index.html HTTP/1.1" 200 42461 "-" "curl/7.68.0"
10.0.0.8 - - [01/Jan/2024:07:00:36 +0000] "GET /favicon.ico HTTP/1.1" 503 29897 "-" "Mozilla/5.0 (Windows NT 10.0; Win64; x64) AppleWebKit/537.36"
203.0.113.5 - - [01/Jan/2024:07:01:01 +0000] "GET / HTTP/1.1" 204 0 "-" "Mozilla/5.0 (Windows NT 10.0; Win64; x64) AppleWebKit/537.36"
192.168.1.16 - - [01/Jan/2024:07:01:47 +0000] "GET /api/search?q=python HTTP/1.1" 400 21562 "-" "python-requests/2.28.0"
192.168.1.15 - - [01/Jan/2024:07:02:16 +0000] "GET /api/users/1 HTTP/1.1" 200 6626 "-" "Mozilla/5.0 (Macintosh; Intel Mac OS X 10_15_7)"
192.168.1.13 - - [01/Jan/2024:07:02:32 +0000] "GET /api/users HTTP/1.1" 204 0 "-" "Mozilla/5.0 (Windows NT 10.0; Win64; x64) AppleWebKit/537.36"
10.0.0.8 - - [01/Jan/2024:07:02:52 +0000] "GET /favicon.ico HTTP/1.1" 201 11869 "-" "curl/7.68.0"
10.0.0.10 - - [01/Jan/2024:07:03:39 +0000] "GET /api/users/2 HTTP/1.1" 200 13452 "-" "Mozilla/5.0 (Windows NT 10.0; Win64; x64) AppleWebKit/537.36"
192.168.1.4 - - [01/Jan/2024:07:03:52 +0000] "GET /api/products HTTP/1.1" 201 30253 "-" "python-requests/2.28.0"
192.168.1.15 - - [01/Jan/2024:07:04:21 +0000] "POST /login HTTP/1.1" 403 40277 "https://example.com/api/search?q=python" "PostmanRuntime/7.29.0"
192.168.1.15 - - [01/Jan/2024:07:04:42 +0000] "GET /metrics HTTP/1.1" 204 0 "https://example.com/logout" "PostmanRuntime/7.29.0"
203.0.113.1 - - [01/Jan/2024:07:05:34 +0000] "GET /static/app.js HTTP/1.1" 200 48042 "-" "curl/7.68.0"
192.168.1.16 - - [01/Jan/2024:07:05:46 +0000] "GET /api/search?q=python HTTP/1.1" 200 38982 "https://example.com/api/search?q=python" "Mozilla/5.0 (Windows NT 10.0; Win64; x64) AppleWebKit/537.36"
10.0.0.7 - - [01/Jan/2024:07:06:05 +0000] "GET /health HTTP/1.1" 500 33244 "-" "PostmanRuntime/7.29.0"
10.0.0.6 - - [01/Jan/2024:07:06:47 +0000] "DELETE /api/products HTTP/1.1" 201 32659 "-" "PostmanRuntime/7.29.0"
192.168.1.1 - - [01/Jan/2024:07:07:22 +0000] "PUT /api/orders/99 HTTP/1.1" 200 8897 "-" "curl/7.68.0"
192.168.1.6 - - [01/Jan/2024:07:07:28 +0000] "GET /static/style.css HTTP/1.1" 200 46291 "-" "PostmanRuntime/7.29.0"
192.168.1.2 - - [01/Jan/2024:07:08:10 +0000] "GET /api/orders HTTP/1.1" 404 26765 "-" "python-requests/2.28.0"
10.0.0.10 - - [01/Jan/2024:07:08:46 +0000] "POST / HTTP/1.1" 401 4833 "-" "python-requests/2.28.0"
203.0.113.4 - - [01/Jan/2024:07:08:53 +0000] "GET /api/orders/99 HTTP/1.1" 503 17880 "https://example.com/favicon.ico" "PostmanRuntime/7.29.0"
192.168.1.14 - - [01/Jan/2024:07:09:45 +0000] "POST /api/users HTTP/1.1" 401 22200 "https://example.com/index.html" "PostmanRuntime/7.29.0"
10.0.0.4 - - [01/Jan/2024:07:09:49 +0000] "GET /api/products/42 HTTP/1.1" 200 30697 "https://example.com/api/users/2" "python-requests/2.28.0"
192.168.1.12 - - [01/Jan/2024:07:10:36 +0000] "POST /api/users HTTP/1.1" 400 46687 "https://example.com/api/orders" "python-requests/2.28.0"
192.168.1.16 - - [01/Jan/2024:07:11:01 +0000] "GET /health HTTP/1.1" 500 49501 "-" "curl/7.68.0"
192.168.1.15 - - [01/Jan/2024:07:11:22 +0000] "GET /static/app.js HTTP/1.1" 204 0 "https://example.com/static/app.js" "Mozilla/5.0 (Windows NT 10.0; Win64; x64) AppleWebKit/537.36"
192.168.1.5 - - [01/Jan/2024:07:11:51 +0000] "GET /admin HTTP/1.1" 204 0 "-" "Mozilla/5.0 (Windows NT 10.0; Win64; x64) AppleWebKit/537.36"
203.0.113.1 - - [01/Jan/2024:07:12:30 +0000] "POST /api/auth/token HTTP/1.1" 200 29820 "https://example.com/api/users" "curl/7.68.0"
10.0.0.10 - - [01/Jan/2024:07:12:38 +0000] "GET /api/products/42 HTTP/1.1" 200 19098 "https://example.com/api/users" "Mozilla/5.0 (Windows NT 10.0; Win64; x64) AppleWebKit/537.36"
192.168.1.11 - - [01/Jan/2024:07:13:12 +0000] "GET /api/orders HTTP/1.1" 204 0 "-" "curl/7.68.0"
203.0.113.4 - - [01/Jan/2024:07:13:52 +0000] "GET /static/style.css HTTP/1.1" 201 44921 "-" "curl/7.68.0"
203.0.113.1 - - [01/Jan/2024:07:14:11 +0000] "GET /admin HTTP/1.1" 500 42450 "-" "curl/7.68.0"
192.168.1.5 - - [01/Jan/2024:07:14:28 +0000] "DELETE /dashboard HTTP/1.1" 301 0 "https://example.com/api/orders/99" "PostmanRuntime/7.29.0"
10.0.0.2 - - [01/Jan/2024:07:15:16 +0000] "POST /api/users/1 HTTP/1.1" 204 0 "-" "PostmanRuntime/7.29.0"
10.0.0.9 - - [01/Jan/2024:07:15:38 +0000] "GET /api/search?q=python HTTP/1.1" 200 20286 "-" "python-requests/2.28.0"
192.168.1.15 - - [01/Jan/2024:07:16:07 +0000] "GET /static/style.css HTTP/1.1" 200 9921 "-" "Mozilla/5.0 (Macintosh; Intel Mac OS X 10_15_7)"
192.168.1.11 - - [01/Jan/2024:07:16:39 +0000] "GET /api/auth/token HTTP/1.1" 200 12145 "https://example.com/api/orders" "curl/7.68.0"
192.168.1.16 - - [01/Jan/2024:07:16:51 +0000] "GET /api/users/1 HTTP/1.1" 400 8488 "-" "python-requests/2.28.0"
192.168.1.12 - - [01/Jan/2024:07:17:22 +0000] "POST /index.html HTTP/1.1" 404 20971 "https://example.com/api/orders" "python-requests/2.28.0"
10.0.0.9 - - [01/Jan/2024:07:18:01 +0000] "GET /api/auth/token HTTP/1.1" 200 8161 "https://example.com/api/products/42" "Mozilla/5.0 (Macintosh; Intel Mac OS X 10_15_7)"
192.168.1.10 - - [01/Jan/2024:07:18:26 +0000] "GET /api/orders HTTP/1.1" 200 48598 "-" "PostmanRuntime/7.29.0"
10.0.0.2 - - [01/Jan/2024:07:19:00 +0000] "PUT /static/style.css HTTP/1.1" 204 0 "https://example.com/api/search?q=python" "curl/7.68.0"
10.0.0.9 - - [01/Jan/2024:07:19:18 +0000] "PUT /api/products HTTP/1.1" 500 31590 "https://example.com/api/orders" "PostmanRuntime/7.29.0"
192.168.1.8 - - [01/Jan/2024:07:19:45 +0000] "GET /api/products/42 HTTP/1.1" 401 14641 "-" "Mozilla/5.0 (Windows NT 10.0; Win64; x64) AppleWebKit/537.36"
10.0.0.1 - - [01/Jan/2024:07:20:05 +0000] "POST /logout HTTP/1.1" 400 34700 "-" "python-requests/2.28.0"
192.168.1.13 - - [01/Jan/2024:07:20:32 +0000] "GET /api/auth/token HTTP/1.1" 201 44572 "https://example.com/api/users" "PostmanRuntime/7.29.0"
10.0.0.6 - - [01/Jan/2024:07:21:06 +0000] "GET /api/users/1 HTTP/1.1" 401 39854 "-" "Mozilla/5.0 (Windows NT 10.0; Win64; x64) AppleWebKit/537.36"
10.0.0.4 - - [01/Jan/2024:07:21:40 +0000] "GET /api/orders/99 HTTP/1.1" 200 25504 "-" "python-requests/2.28.0"
10.0.0.3 - - [01/Jan/2024:07:22:07 +0000] "GET /admin HTTP/1.1" 400 5940 "-" "Mozilla/5.0 (Macintosh; Intel Mac OS X 10_15_7)"
10.0.0.7 - - [01/Jan/2024:07:22:49 +0000] "GET /static/style.css HTTP/1.1" 200 47910 "https://example.com/api/orders/99" "Mozilla/5.0 (Macintosh; Intel Mac OS X 10_15_7)"
192.168.1.9 - - [01/Jan/2024:07:23:18 +0000] "POST /favicon.ico HTTP/1.1" 200 9613 "-" "Mozilla/5.0 (Macintosh; Intel Mac OS X 10_15_7)"
203.0.113.4 - - [01/Jan/2024:07:23:30 +0000] "GET /api/search?q=python HTTP/1.1" 503 24826 "-" "Mozilla/5.0 (Macintosh; Intel Mac OS X 10_15_7)"
192.168.1.18 - - [01/Jan/2024:07:24:01 +0000] "GET /api/auth/token HTTP/1.1" 201 46746 "-" "curl/7.68.0"
192.168.1.13 - - [01/Jan/2024:07:24:21 +0000] "GET /static/style.css HTTP/1.1" 302 0 "-" "python-requests/2.28.0"
192.168.1.20 - - [01/Jan/2024:07:24:59 +0000] "POST /admin HTTP/1.1" 200 1958 "https://example.com/api/orders" "python-requests/2.28.0"
192.168.1.20 - - [01/Jan/2024:07:25:32 +0000] "POST /health HTTP/1.1" 200 43048 "https://example.com/static/style.css" "Mozilla/5.0 (Macintosh; Intel Mac OS X 10_15_7)"
192.168.1.12 - - [01/Jan/2024:07:25:55 +0000] "PUT /dashboard HTTP/1.1" 200 8022 "https://example.com/health" "Mozilla/5.0 (Windows NT 10.0; Win64; x64) AppleWebKit/537.36"
10.0.0.4 - - [01/Jan/2024:07:26:26 +0000] "GET /api/search?q=python HTTP/1.1" 201 17102 "https://example.com/health" "Mozilla/5.0 (Windows NT 10.0; Win64; x64) AppleWebKit/537.36"
10.0.0.4 - - [01/Jan/2024:07:26:52 +0000] "PUT /api/search?q=python HTTP/1.1" 200 17209 "-" "Mozilla/5.0 (Windows NT 10.0; Win64; x64) AppleWebKit/537.36"
192.168.1.10 - - [01/Jan/2024:07:27:14 +0000] "GET /api/orders HTTP/1.1" 200 10902 "-" "python-requests/2.28.0"
10.0.0.7 - - [01/Jan/2024:07:27:52 +0000] "GET /index.html HTTP/1.1" 200 19314 "-" "Mozilla/5.0 (Windows NT 10.0; Win64; x64) AppleWebKit/537.36"
203.0.113.3 - - [01/Jan/2024:07:28:06 +0000] "DELETE /login HTTP/1.1" 503 6393 "-" "curl/7.68.0"
203.0.113.5 - - [01/Jan/2024:07:28:38 +0000] "GET /static/style.css HTTP/1.1" 200 45121 "https://example.com/api/users/2" "Mozilla/5.0 (Windows NT 10.0; Win64; x64) AppleWebKit/537.36"
203.0.113.5 - - [01/Jan/2024:07:29:14 +0000] "GET /api/orders HTTP/1.1" 200 9175 "-" "python-requests/2.28.0"
203.0.113.2 - - [01/Jan/2024:07:29:37 +0000] "GET /login HTTP/1.1" 200 14478 "-" "curl/7.68.0"
192.168.1.13 - - [01/Jan/2024:07:30:17 +0000] "POST /favicon.ico HTTP/1.1" 404 34649 "https://example.com/api/auth/token" "Mozilla/5.0 (Windows NT 10.0; Win64; x64) AppleWebKit/537.36"
10.0.0.7 - - [01/Jan/2024:07:30:34 +0000] "GET /api/products HTTP/1.1" 200 1338 "-" "python-requests/2.28.0"
10.0.0.4 - - [01/Jan/2024:07:30:52 +0000] "GET /favicon.ico HTTP/1.1" 301 0 "https://example.com/api/users/1" "curl/7.68.0"
192.168.1.20 - - [01/Jan/2024:07:31:16 +0000] "PUT /api/products HTTP/1.1" 200 8635 "https://example.com/api/orders" "curl/7.68.0"
192.168.1.20 - - [01/Jan/2024:07:31:48 +0000] "GET /api/orders HTTP/1.1" 200 28040 "https://example.com/api/products" "Mozilla/5.0 (Windows NT 10.0; Win64; x64) AppleWebKit/537.36"
192.168.1.2 - - [01/Jan/2024:07:32:36 +0000] "GET /api/orders/99 HTTP/1.1" 200 13068 "-" "PostmanRuntime/7.29.0"
192.168.1.4 - - [01/Jan/2024:07:32:55 +0000] "GET /static/app.js HTTP/1.1" 200 4541 "-" "Mozilla/5.0 (Windows NT 10.0; Win64; x64) AppleWebKit/537.36"
192.168.1.7 - - [01/Jan/2024:07:33:33 +0000] "GET /favicon.ico HTTP/1.1" 200 38709 "https://example.com/login" "python-requests/2.28.0"
192.168.1.2 - - [01/Jan/2024:07:33:38 +0000] "GET /static/app.js HTTP/1.1" 400 22995 "-" "PostmanRuntime/7.29.0"
192.168.1.16 - - [01/Jan/2024:07:34:20 +0000] "POST /api/users HTTP/1.1" 200 38088 "https://example.com/metrics" "curl/7.68.0"
192.168.1.13 - - [01/Jan/2024:07:34:41 +0000] "GET /api/auth/token HTTP/1.1" 200 47736 "-" "curl/7.68.0"
203.0.113.3 - - [01/Jan/2024:07:35:27 +0000] "PUT /health HTTP/1.1" 200 45952 "-" "Mozilla/5.0 (Macintosh; Intel Mac OS X 10_15_7)"
192.168.1.7 - - [01/Jan/2024:07:35:33 +0000] "GET /api/products/42 HTTP/1.1" 201 14242 "-" "Mozilla/5.0 (Macintosh; Intel Mac OS X 10_15_7)"
192.168.1.8 - - [01/Jan/2024:07:36:20 +0000] "GET /api/products HTTP/1.1" 201 7429 "-" "Mozilla/5.0 (Macintosh; Intel Mac OS X 10_15_7)"
10.0.0.4 - - [01/Jan/2024:07:36:46 +0000] "GET /api/auth/token HTTP/1.1" 500 2861 "-" "Mozilla/5.0 (Macintosh; Intel Mac OS X 10_15_7)"
192.168.1.8 - - [01/Jan/2024:07:37:04 +0000] "GET /admin HTTP/1.1" 401 48445 "-" "Mozilla/5.0 (Macintosh; Intel Mac OS X 10_15_7)"
192.168.1.15 - - [01/Jan/2024:07:37:37 +0000] "GET /static/style.css HTTP/1.1" 201 12572 "https://example.com/health" "python-requests/2.28.0"
192.168.1.12 - - [01/Jan/2024:07:37:48 +0000] "POST /health HTTP/1.1" 404 7092 "-" "PostmanRuntime/7.29.0"
192.168.1.6 - - [01/Jan/2024:07:38:19 +0000] "GET /api/products/42 HTTP/1.1" 201 45749 "-" "Mozilla/5.0 (Windows NT 10.0; Win64; x64) AppleWebKit/537.36"
192.168.1.11 - - [01/Jan/2024:07:38:46 +0000] "GET /logout HTTP/1.1" 200 13324 "-" "Mozilla/5.0 (Macintosh; Intel Mac OS X 10_15_7)"
192.168.1.8 - - [01/Jan/2024:07:39:19 +0000] "GET /health HTTP/1.1" 200 46959 "https://example.com/api/search?q=python" "python-requests/2.28.0"
10.0.0.6 - - [01/Jan/2024:07:39:51 +0000] "GET /favicon.ico HTTP/1.1" 201 31954 "-" "curl/7.68.0"
10.0.0.10 - - [01/Jan/2024:07:40:11 +0000] "GET /static/app.js HTTP/1.1" 204 0 "-" "curl/7.68.0"
192.168.1.2 - - [01/Jan/2024:07:40:39 +0000] "PUT /index.html HTTP/1.1" 200 32845 "https://example.com/login" "Mozilla/5.0 (Macintosh; Intel Mac OS X 10_15_7)"
10.0.0.1 - - [01/Jan/2024:07:41:08 +0000] "GET /favicon.ico HTTP/1.1" 401 6513 "https://example.com/metrics" "Mozilla/5.0 (Macintosh; Intel Mac OS X 10_15_7)"
10.0.0.10 - - [01/Jan/2024:07:41:38 +0000] "GET /health HTTP/1.1" 204 0 "-" "PostmanRuntime/7.29.0"
10.0.0.2 - - [01/Jan/2024:07:42:25 +0000] "POST /api/auth/token HTTP/1.1" 200 2270 "https://example.com/api/products" "Mozilla/5.0 (Macintosh; Intel Mac OS X 10_15_7)"
10.0.0.9 - - [01/Jan/2024:07:42:38 +0000] "GET /admin HTTP/1.1" 201 2558 "-" "PostmanRuntime/7.29.0"
192.168.1.20 - - [01/Jan/2024:07:43:18 +0000] "GET /health HTTP/1.1" 201 9013 "-" "Mozilla/5.0 (Macintosh; Intel Mac OS X 10_15_7)"
203.0.113.2 - - [01/Jan/2024:07:43:48 +0000] "GET /api/search?q=python HTTP/1.1" 404 32348 "https://example.com/api/auth/token" "PostmanRuntime/7.29.0"
203.0.113.1 - - [01/Jan/2024:07:44:07 +0000] "POST /login HTTP/1.1" 204 0 "-" "python-requests/2.28.0"
203.0.113.2 - - [01/Jan/2024:07:44:38 +0000] "GET /favicon.ico HTTP/1.1" 404 23318 "https://example.com/static/style.css" "python-requests/2.28.0"
192.168.1.4 - - [01/Jan/2024:07:44:48 +0000] "POST /index.html HTTP/1.1" 200 24213 "-" "PostmanRuntime/7.29.0"
192.168.1.2 - - [01/Jan/2024:07:45:40 +0000] "POST /api/users/1 HTTP/1.1" 200 6579 "-" "python-requests/2.28.0"
10.0.0.7 - - [01/Jan/2024:07:45:55 +0000] "GET /dashboard HTTP/1.1" 200 15576 "https://example.com/api/search?q=python" "Mozilla/5.0 (Windows NT 10.0; Win64; x64) AppleWebKit/537.36"
192.168.1.5 - - [01/Jan/2024:07:46:39 +0000] "GET /api/products HTTP/1.1" 200 11326 "-" "python-requests/2.28.0"
192.168.1.3 - - [01/Jan/2024:07:46:54 +0000] "POST /api/orders/99 HTTP/1.1" 400 33935 "https://example.com/static/app.js" "Mozilla/5.0 (Windows NT 10.0; Win64; x64) AppleWebKit/537.36"
203.0.113.1 - - [01/Jan/2024:07:47:26 +0000] "GET /api/users/1 HTTP/1.1" 200 37578 "-" "PostmanRuntime/7.29.0"
192.168.1.7 - - [01/Jan/2024:07:48:01 +0000] "GET /api/products HTTP/1.1" 404 44444 "-" "Mozilla/5.0 (Macintosh; Intel Mac OS X 10_15_7)"
203.0.113.3 - - [01/Jan/2024:07:48:29 +0000] "DELETE /api/users/1 HTTP/1.1" 200 40493 "-" "Mozilla/5.0 (Macintosh; Intel Mac OS X 10_15_7)"
192.168.1.13 - - [01/Jan/2024:07:48:47 +0000] "POST /api/users HTTP/1.1" 302 0 "-" "python-requests/2.28.0"
192.168.1.4 - - [01/Jan/2024:07:49:09 +0000] "POST /api/products/42 HTTP/1.1" 200 41131 "https://example.com/api/users" "PostmanRuntime/7.29.0"
192.168.1.7 - - [01/Jan/2024:07:49:46 +0000] "GET /static/app.js HTTP/1.1" 200 37321 "https://example.com/health" "Mozilla/5.0 (Macintosh; Intel Mac OS X 10_15_7)"
192.168.1.14 - - [01/Jan/2024:07:50:07 +0000] "DELETE /api/users HTTP/1.1" 403 19981 "-" "python-requests/2.28.0"
10.0.0.8 - - [01/Jan/2024:07:50:45 +0000] "POST /api/users/1 HTTP/1.1" 200 27352 "-" "PostmanRuntime/7.29.0"
203.0.113.3 - - [01/Jan/2024:07:51:06 +0000] "POST /api/auth/token HTTP/1.1" 200 1419 "https://example.com/metrics" "curl/7.68.0"
203.0.113.2 - - [01/Jan/2024:07:51:26 +0000] "POST /admin HTTP/1.1" 200 42007 "-" "PostmanRuntime/7.29.0"
10.0.0.8 - - [01/Jan/2024:07:52:06 +0000] "PUT /index.html HTTP/1.1" 301 0 "-" "Mozilla/5.0 (Macintosh; Intel Mac OS X 10_15_7)"
192.168.1.10 - - [01/Jan/2024:07:52:23 +0000] "GET /static/style.css HTTP/1.1" 201 27086 "-" "Mozilla/5.0 (Windows NT 10.0; Win64; x64) AppleWebKit/537.36"
192.168.1.14 - - [01/Jan/2024:07:53:11 +0000] "GET /static/app.js HTTP/1.1" 200 42539 "-" "PostmanRuntime/7.29.0"
192.168.1.16 - - [01/Jan/2024:07:53:24 +0000] "GET /api/products HTTP/1.1" 200 12777 "-" "python-requests/2.28.0"
10.0.0.10 - - [01/Jan/2024:07:53:55 +0000] "POST /api/orders/99 HTTP/1.1" 201 42596 "https://example.com/logout" "curl/7.68.0"
192.168.1.18 - - [01/Jan/2024:07:54:12 +0000] "GET /static/app.js HTTP/1.1" 200 43366 "-" "Mozilla/5.0 (Windows NT 10.0; Win64; x64) AppleWebKit/537.36"
203.0.113.2 - - [01/Jan/2024:07:55:01 +0000] "GET /index.html HTTP/1.1" 200 20772 "https://example.com/api/users" "Mozilla/5.0 (Macintosh; Intel Mac OS X 10_15_7)"
10.0.0.4 - - [01/Jan/2024:07:55:25 +0000] "POST /api/users HTTP/1.1" 201 47663 "https://example.com/dashboard" "Mozilla/5.0 (Windows NT 10.0; Win64; x64) AppleWebKit/537.36"
203.0.113.3 - - [01/Jan/2024:07:55:35 +0000] "POST /api/search?q=python HTTP/1.1" 301 0 "-" "Mozilla/5.0 (Windows NT 10.0; Win64; x64) AppleWebKit/537.36"
192.168.1.16 - - [01/Jan/2024:07:56:19 +0000] "GET /api/users/1 HTTP/1.1" 200 38494 "https://example.com/dashboard" "Mozilla/5.0 (Macintosh; Intel Mac OS X 10_15_7)"
192.168.1.14 - - [01/Jan/2024:07:56:32 +0000] "GET /login HTTP/1.1" 200 18192 "-" "python-requests/2.28.0"
192.168.1.4 - - [01/Jan/2024:07:57:11 +0000] "POST /api/users/2 HTTP/1.1" 404 7603 "-" "Mozilla/5.0 (Macintosh; Intel Mac OS X 10_15_7)"
203.0.113.1 - - [01/Jan/2024:07:57:45 +0000] "GET /static/app.js HTTP/1.1" 200 23989 "-" "python-requests/2.28.0"
192.168.1.20 - - [01/Jan/2024:07:57:52 +0000] "POST /favicon.ico HTTP/1.1" 200 48660 "https://example.com/index.html" "curl/7.68.0"
192.168.1.17 - - [01/Jan/2024:07:58:37 +0000] "GET /static/style.css HTTP/1.1" 403 46115 "-" "Mozilla/5.0 (Windows NT 10.0; Win64; x64) AppleWebKit/537.36"
203.0.113.5 - - [01/Jan/2024:07:59:15 +0000] "GET /admin HTTP/1.1" 200 715 "https://example.com/api/products/42" "python-requests/2.28.0"
192.168.1.20 - - [01/Jan/2024:07:59:18 +0000] "DELETE /dashboard HTTP/1.1" 200 13987 "https://example.com/login" "Mozilla/5.0 (Macintosh; Intel Mac OS X 10_15_7)"
10.0.0.1 - - [01/Jan/2024:08:00:09 +0000] "DELETE /api/orders/99 HTTP/1.1" 200 18159 "https://example.com/health" "Mozilla/5.0 (Macintosh; Intel Mac OS X 10_15_7)"
10.0.0.7 - - [01/Jan/2024:08:00:38 +0000] "GET /api/orders/99 HTTP/1.1" 200 10708 "https://example.com/metrics" "Mozilla/5.0 (Windows NT 10.0; Win64; x64) AppleWebKit/537.36"
10.0.0.3 - - [01/Jan/2024:08:00:53 +0000] "POST /api/auth/token HTTP/1.1" 500 21615 "-" "Mozilla/5.0 (Windows NT 10.0; Win64; x64) AppleWebKit/537.36"
192.168.1.4 - - [01/Jan/2024:08:01:28 +0000] "POST /login HTTP/1.1" 401 29258 "https://example.com/api/orders" "Mozilla/5.0 (Windows NT 10.0; Win64; x64) AppleWebKit/537.36"
10.0.0.6 - - [01/Jan/2024:08:01:42 +0000] "POST /static/style.css HTTP/1.1" 200 37936 "-" "curl/7.68.0"
192.168.1.16 - - [01/Jan/2024:08:02:20 +0000] "PUT /api/orders HTTP/1.1" 401 45141 "-" "python-requests/2.28.0"
10.0.0.9 - - [01/Jan/2024:08:02:47 +0000] "PUT /api/orders HTTP/1.1" 200 11569 "https://example.com/api/users/1" "python-requests/2.28.0"
192.168.1.13 - - [01/Jan/2024:08:03:02 +0000] "GET /api/users/2 HTTP/1.1" 200 25988 "https://example.com/api/search?q=python" "curl/7.68.0"
192.168.1.2 - - [01/Jan/2024:08:03:28 +0000] "POST /favicon.ico HTTP/1.1" 401 15188 "https://example.com/admin" "curl/7.68.0"
192.168.1.17 - - [01/Jan/2024:08:04:18 +0000] "GET /index.html HTTP/1.1" 201 40701 "-" "python-requests/2.28.0"
192.168.1.10 - - [01/Jan/2024:08:04:26 +0000] "GET /login HTTP/1.1" 400 7890 "-" "PostmanRuntime/7.29.0"
10.0.0.8 - - [01/Jan/2024:08:05:16 +0000] "GET /health HTTP/1.1" 200 14911 "https://example.com/logout" "python-requests/2.28.0"
192.168.1.19 - - [01/Jan/2024:08:05:43 +0000] "GET /api/products/42 HTTP/1.1" 200 28466 "https://example.com/favicon.ico" "curl/7.68.0"
192.168.1.19 - - [01/Jan/2024:08:06:11 +0000] "POST /logout HTTP/1.1" 201 12020 "-" "curl/7.68.0"
192.168.1.2 - - [01/Jan/2024:08:06:25 +0000] "GET /dashboard HTTP/1.1" 401 29755 "https://example.com/api/users/2" "PostmanRuntime/7.29.0"
10.0.0.10 - - [01/Jan/2024:08:06:46 +0000] "GET /health HTTP/1.1" 200 21384 "https://example.com/api/products/42" "curl/7.68.0"
10.0.0.5 - - [01/Jan/2024:08:07:34 +0000] "GET /favicon.ico HTTP/1.1" 200 4987 "-" "Mozilla/5.0 (Windows NT 10.0; Win64; x64) AppleWebKit/537.36"
192.168.1.4 - - [01/Jan/2024:08:07:50 +0000] "GET /health HTTP/1.1" 200 39939 "https://example.com/favicon.ico" "Mozilla/5.0 (Windows NT 10.0; Win64; x64) AppleWebKit/537.36"
192.168.1.1 - - [01/Jan/2024:08:08:16 +0000] "POST /favicon.ico HTTP/1.1" 200 20025 "https://example.com/api/users/2" "curl/7.68.0"
192.168.1.3 - - [01/Jan/2024:08:08:54 +0000] "GET /static/app.js HTTP/1.1" 200 33213 "-" "python-requests/2.28.0"
10.0.0.10 - - [01/Jan/2024:08:09:08 +0000] "GET /api/users/1 HTTP/1.1" 404 34961 "-" "python-requests/2.28.0"
192.168.1.8 - - [01/Jan/2024:08:09:42 +0000] "GET /api/orders HTTP/1.1" 204 0 "https://example.com/static/app.js" "python-requests/2.28.0"
10.0.0.8 - - [01/Jan/2024:08:10:09 +0000] "GET /favicon.ico HTTP/1.1" 503 17485 "-" "Mozilla/5.0 (Macintosh; Intel Mac OS X 10_15_7)"
192.168.1.11 - - [01/Jan/2024:08:10:38 +0000] "PUT /health HTTP/1.1" 503 10113 "-" "Mozilla/5.0 (Macintosh; Intel Mac OS X 10_15_7)"
192.168.1.4 - - [01/Jan/2024:08:11:02 +0000] "GET /index.html HTTP/1.1" 200 12202 "-" "python-requests/2.28.0"
192.168.1.11 - - [01/Jan/2024:08:11:46 +0000] "GET /api/orders/99 HTTP/1.1" 200 32634 "-" "python-requests/2.28.0"
203.0.113.2 - - [01/Jan/2024:08:12:06 +0000] "GET /api/products HTTP/1.1" 500 9902 "-" "Mozilla/5.0 (Windows NT 10.0; Win64; x64) AppleWebKit/537.36"
192.168.1.14 - - [01/Jan/2024:08:12:47 +0000] "GET /login HTTP/1.1" 200 49347 "-" "python-requests/2.28.0"
192.168.1.14 - - [01/Jan/2024:08:13:06 +0000] "GET /metrics HTTP/1.1" 400 12033 "-" "Mozilla/5.0 (Windows NT 10.0; Win64; x64) AppleWebKit/537.36"
192.168.1.16 - - [01/Jan/2024:08:13:40 +0000] "GET /api/products HTTP/1.1" 200 1901 "-" "Mozilla/5.0 (Windows NT 10.0; Win64; x64) AppleWebKit/537.36"
10.0.0.6 - - [01/Jan/2024:08:13:55 +0000] "POST /api/products HTTP/1.1" 200 10277 "-" "Mozilla/5.0 (Macintosh; Intel Mac OS X 10_15_7)"
203.0.113.1 - - [01/Jan/2024:08:14:26 +0000] "POST /static/app.js HTTP/1.1" 401 43323 "-" "Mozilla/5.0 (Windows NT 10.0; Win64; x64) AppleWebKit/537.36"
10.0.0.9 - - [01/Jan/2024:08:14:50 +0000] "PUT /api/search?q=python HTTP/1.1" 200 14052 "https://example.com/static/style.css" "python-requests/2.28.0"
192.168.1.4 - - [01/Jan/2024:08:15:31 +0000] "GET /api/auth/token HTTP/1.1" 401 25194 "-" "python-requests/2.28.0"
192.168.1.12 - - [01/Jan/2024:08:15:43 +0000] "DELETE /api/products/42 HTTP/1.1" 200 1544 "https://example.com/login" "Mozilla/5.0 (Macintosh; Intel Mac OS X 10_15_7)"
10.0.0.6 - - [01/Jan/2024:08:16:13 +0000] "POST /api/orders HTTP/1.1" 200 19765 "-" "Mozilla/5.0 (Macintosh; Intel Mac OS X 10_15_7)"
192.168.1.20 - - [01/Jan/2024:08:16:53 +0000] "POST /api/orders HTTP/1.1" 200 43815 "-" "python-requests/2.28.0"
203.0.113.3 - - [01/Jan/2024:08:17:06 +0000] "GET /admin HTTP/1.1" 200 31423 "-" "PostmanRuntime/7.29.0"
10.0.0.8 - - [01/Jan/2024:08:17:30 +0000] "DELETE /api/orders/99 HTTP/1.1" 200 40430 "-" "Mozilla/5.0 (Macintosh; Intel Mac OS X 10_15_7)"
192.168.1.6 - - [01/Jan/2024:08:17:57 +0000] "POST /api/users/1 HTTP/1.1" 201 44531 "-" "curl/7.68.0"
203.0.113.2 - - [01/Jan/2024:08:18:40 +0000] "POST /metrics HTTP/1.1" 200 19251 "-" "Mozilla/5.0 (Windows NT 10.0; Win64; x64) AppleWebKit/537.36"
203.0.113.1 - - [01/Jan/2024:08:19:01 +0000] "GET /api/orders HTTP/1.1" 404 19887 "https://example.com/metrics" "Mozilla/5.0 (Macintosh; Intel Mac OS X 10_15_7)"
192.168.1.19 - - [01/Jan/2024:08:19:38 +0000] "GET /api/auth/token HTTP/1.1" 200 3155 "-" "PostmanRuntime/7.29.0"
10.0.0.8 - - [01/Jan/2024:08:20:01 +0000] "GET /admin HTTP/1.1" 404 47406 "-" "python-requests/2.28.0"
10.0.0.3 - - [01/Jan/2024:08:20:24 +0000] "POST /api/users HTTP/1.1" 204 0 "-" "Mozilla/5.0 (Macintosh; Intel Mac OS X 10_15_7)"
192.168.1.12 - - [01/Jan/2024:08:21:09 +0000] "GET /api/products/42 HTTP/1.1" 200 5658 "-" "python-requests/2.28.0"
10.0.0.1 - - [01/Jan/2024:08:21:30 +0000] "PUT /admin HTTP/1.1" 503 44126 "-" "python-requests/2.28.0"
10.0.0.2 - - [01/Jan/2024:08:22:07 +0000] "DELETE /login HTTP/1.1" 200 12329 "-" "PostmanRuntime/7.29.0"
192.168.1.17 - - [01/Jan/2024:08:22:35 +0000] "POST /api/products HTTP/1.1" 201 35220 "-" "Mozilla/5.0 (Macintosh; Intel Mac OS X 10_15_7)"
192.168.1.8 - - [01/Jan/2024:08:22:36 +0000] "GET /health HTTP/1.1" 201 45538 "-" "PostmanRuntime/7.29.0"
203.0.113.2 - - [01/Jan/2024:08:23:13 +0000] "POST /favicon.ico HTTP/1.1" 200 45463 "https://example.com/api/products/42" "python-requests/2.28.0"
192.168.1.6 - - [01/Jan/2024:08:23:36 +0000] "GET / HTTP/1.1" 200 7534 "https://example.com/logout" "Mozilla/5.0 (Windows NT 10.0; Win64; x64) AppleWebKit/537.36"
192.168.1.14 - - [01/Jan/2024:08:24:15 +0000] "POST /api/orders HTTP/1.1" 403 16045 "-" "PostmanRuntime/7.29.0"
192.168.1.13 - - [01/Jan/2024:08:24:30 +0000] "GET /admin HTTP/1.1" 200 31263 "-" "Mozilla/5.0 (Windows NT 10.0; Win64; x64) AppleWebKit/537.36"
192.168.1.11 - - [01/Jan/2024:08:25:00 +0000] "PUT /admin HTTP/1.1" 204 0 "-" "Mozilla/5.0 (Macintosh; Intel Mac OS X 10_15_7)"
192.168.1.16 - - [01/Jan/2024:08:25:30 +0000] "GET /api/search?q=python HTTP/1.1" 201 3537 "-" "Mozilla/5.0 (Windows NT 10.0; Win64; x64) AppleWebKit/537.36"
10.0.0.8 - - [01/Jan/2024:08:26:05 +0000] "GET /api/search?q=python HTTP/1.1" 401 48111 "-" "python-requests/2.28.0"
192.168.1.3 - - [01/Jan/2024:08:26:35 +0000] "GET /health HTTP/1.1" 301 0 "-" "PostmanRuntime/7.29.0"
203.0.113.2 - - [01/Jan/2024:08:26:55 +0000] "PUT /index.html HTTP/1.1" 301 0 "-" "PostmanRuntime/7.29.0"
10.0.0.1 - - [01/Jan/2024:08:27:33 +0000] "GET /static/app.js HTTP/1.1" 403 27537 "https://example.com/api/products" "Mozilla/5.0 (Macintosh; Intel Mac OS X 10_15_7)"
10.0.0.3 - - [01/Jan/2024:08:27:58 +0000] "PUT /api/orders/99 HTTP/1.1" 200 10773 "-" "curl/7.68.0"
203.0.113.1 - - [01/Jan/2024:08:28:23 +0000] "GET /dashboard HTTP/1.1" 204 0 "-" "python-requests/2.28.0"
10.0.0.10 - - [01/Jan/2024:08:28:44 +0000] "GET /api/products/42 HTTP/1.1" 201 44312 "https://example.com/api/users/2" "Mozilla/5.0 (Macintosh; Intel Mac OS X 10_15_7)"
192.168.1.11 - - [01/Jan/2024:08:29:27 +0000] "GET /static/style.css HTTP/1.1" 404 49303 "-" "Mozilla/5.0 (Macintosh; Intel Mac OS X 10_15_7)"
192.168.1.9 - - [01/Jan/2024:08:29:41 +0000] "GET /login HTTP/1.1" 401 32455 "-" "Mozilla/5.0 (Macintosh; Intel Mac OS X 10_15_7)"
203.0.113.2 - - [01/Jan/2024:08:30:13 +0000] "GET /logout HTTP/1.1" 400 3283 "https://example.com/api/users/2" "python-requests/2.28.0"
10.0.0.3 - - [01/Jan/2024:08:30:53 +0000] "GET /login HTTP/1.1" 204 0 "-" "Mozilla/5.0 (Windows NT 10.0; Win64; x64) AppleWebKit/537.36"
10.0.0.2 - - [01/Jan/2024:08:31:13 +0000] "GET /favicon.ico HTTP/1.1" 200 8109 "-" "Mozilla/5.0 (Macintosh; Intel Mac OS X 10_15_7)"
192.168.1.17 - - [01/Jan/2024:08:31:38 +0000] "DELETE /api/users/2 HTTP/1.1" 200 36705 "-" "curl/7.68.0"
203.0.113.3 - - [01/Jan/2024:08:32:15 +0000] "POST /api/products HTTP/1.1" 404 3504 "https://example.com/admin" "Mozilla/5.0 (Macintosh; Intel Mac OS X 10_15_7)"
192.168.1.8 - - [01/Jan/2024:08:32:27 +0000] "DELETE /favicon.ico HTTP/1.1" 401 6876 "https://example.com/index.html" "PostmanRuntime/7.29.0"
192.168.1.7 - - [01/Jan/2024:08:32:57 +0000] "POST /api/products HTTP/1.1" 200 23900 "-" "python-requests/2.28.0"
